Archive member included to satisfy reference by file (symbol)

/Applications/STM32CubeIDE.app/Contents/Eclipse/plugins/com.st.stm32cube.ide.mcu.externaltools.gnu-tools-for-stm32.10.3-2021.10.macos64_1.0.200.202301161003/tools/bin/../lib/gcc/arm-none-eabi/10.3.1/../../../../arm-none-eabi/lib/thumb/v7e-m+fp/hard/libc_nano.a(lib_a-ctype_.o)
                              ./Core/Src/drivers/uart_driver.o (_ctype_)
/Applications/STM32CubeIDE.app/Contents/Eclipse/plugins/com.st.stm32cube.ide.mcu.externaltools.gnu-tools-for-stm32.10.3-2021.10.macos64_1.0.200.202301161003/tools/bin/../lib/gcc/arm-none-eabi/10.3.1/../../../../arm-none-eabi/lib/thumb/v7e-m+fp/hard/libc_nano.a(lib_a-errno.o)
                              ./Core/Src/syscalls.o (__errno)
/Applications/STM32CubeIDE.app/Contents/Eclipse/plugins/com.st.stm32cube.ide.mcu.externaltools.gnu-tools-for-stm32.10.3-2021.10.macos64_1.0.200.202301161003/tools/bin/../lib/gcc/arm-none-eabi/10.3.1/../../../../arm-none-eabi/lib/thumb/v7e-m+fp/hard/libc_nano.a(lib_a-exit.o)
                              /Applications/STM32CubeIDE.app/Contents/Eclipse/plugins/com.st.stm32cube.ide.mcu.externaltools.gnu-tools-for-stm32.10.3-2021.10.macos64_1.0.200.202301161003/tools/bin/../lib/gcc/arm-none-eabi/10.3.1/../../../../arm-none-eabi/lib/thumb/v7e-m+fp/hard/crt0.o (exit)
/Applications/STM32CubeIDE.app/Contents/Eclipse/plugins/com.st.stm32cube.ide.mcu.externaltools.gnu-tools-for-stm32.10.3-2021.10.macos64_1.0.200.202301161003/tools/bin/../lib/gcc/arm-none-eabi/10.3.1/../../../../arm-none-eabi/lib/thumb/v7e-m+fp/hard/libc_nano.a(lib_a-impure.o)
                              /Applications/STM32CubeIDE.app/Contents/Eclipse/plugins/com.st.stm32cube.ide.mcu.externaltools.gnu-tools-for-stm32.10.3-2021.10.macos64_1.0.200.202301161003/tools/bin/../lib/gcc/arm-none-eabi/10.3.1/../../../../arm-none-eabi/lib/thumb/v7e-m+fp/hard/libc_nano.a(lib_a-exit.o) (_global_impure_ptr)
/Applications/STM32CubeIDE.app/Contents/Eclipse/plugins/com.st.stm32cube.ide.mcu.externaltools.gnu-tools-for-stm32.10.3-2021.10.macos64_1.0.200.202301161003/tools/bin/../lib/gcc/arm-none-eabi/10.3.1/../../../../arm-none-eabi/lib/thumb/v7e-m+fp/hard/libc_nano.a(lib_a-init.o)
                              /Applications/STM32CubeIDE.app/Contents/Eclipse/plugins/com.st.stm32cube.ide.mcu.externaltools.gnu-tools-for-stm32.10.3-2021.10.macos64_1.0.200.202301161003/tools/bin/../lib/gcc/arm-none-eabi/10.3.1/../../../../arm-none-eabi/lib/thumb/v7e-m+fp/hard/crt0.o (__libc_init_array)
/Applications/STM32CubeIDE.app/Contents/Eclipse/plugins/com.st.stm32cube.ide.mcu.externaltools.gnu-tools-for-stm32.10.3-2021.10.macos64_1.0.200.202301161003/tools/bin/../lib/gcc/arm-none-eabi/10.3.1/../../../../arm-none-eabi/lib/thumb/v7e-m+fp/hard/libc_nano.a(lib_a-memset.o)
                              /Applications/STM32CubeIDE.app/Contents/Eclipse/plugins/com.st.stm32cube.ide.mcu.externaltools.gnu-tools-for-stm32.10.3-2021.10.macos64_1.0.200.202301161003/tools/bin/../lib/gcc/arm-none-eabi/10.3.1/../../../../arm-none-eabi/lib/thumb/v7e-m+fp/hard/crt0.o (memset)
/Applications/STM32CubeIDE.app/Contents/Eclipse/plugins/com.st.stm32cube.ide.mcu.externaltools.gnu-tools-for-stm32.10.3-2021.10.macos64_1.0.200.202301161003/tools/bin/../lib/gcc/arm-none-eabi/10.3.1/../../../../arm-none-eabi/lib/thumb/v7e-m+fp/hard/libc_nano.a(lib_a-strcmp.o)
                              ./Core/Src/traffic_light_logic/command_process.o (strcmp)
/Applications/STM32CubeIDE.app/Contents/Eclipse/plugins/com.st.stm32cube.ide.mcu.externaltools.gnu-tools-for-stm32.10.3-2021.10.macos64_1.0.200.202301161003/tools/bin/../lib/gcc/arm-none-eabi/10.3.1/thumb/v7e-m+fp/hard/libgcc.a(_aeabi_uldivmod.o)
                              ./Drivers/STM32F4xx_HAL_Driver/Src/stm32f4xx_hal_rcc.o (__aeabi_uldivmod)
/Applications/STM32CubeIDE.app/Contents/Eclipse/plugins/com.st.stm32cube.ide.mcu.externaltools.gnu-tools-for-stm32.10.3-2021.10.macos64_1.0.200.202301161003/tools/bin/../lib/gcc/arm-none-eabi/10.3.1/thumb/v7e-m+fp/hard/libgcc.a(_udivmoddi4.o)
                              /Applications/STM32CubeIDE.app/Contents/Eclipse/plugins/com.st.stm32cube.ide.mcu.externaltools.gnu-tools-for-stm32.10.3-2021.10.macos64_1.0.200.202301161003/tools/bin/../lib/gcc/arm-none-eabi/10.3.1/thumb/v7e-m+fp/hard/libgcc.a(_aeabi_uldivmod.o) (__udivmoddi4)
/Applications/STM32CubeIDE.app/Contents/Eclipse/plugins/com.st.stm32cube.ide.mcu.externaltools.gnu-tools-for-stm32.10.3-2021.10.macos64_1.0.200.202301161003/tools/bin/../lib/gcc/arm-none-eabi/10.3.1/thumb/v7e-m+fp/hard/libgcc.a(_dvmd_tls.o)
                              /Applications/STM32CubeIDE.app/Contents/Eclipse/plugins/com.st.stm32cube.ide.mcu.externaltools.gnu-tools-for-stm32.10.3-2021.10.macos64_1.0.200.202301161003/tools/bin/../lib/gcc/arm-none-eabi/10.3.1/thumb/v7e-m+fp/hard/libgcc.a(_aeabi_uldivmod.o) (__aeabi_ldiv0)

Discarded input sections

[...]
Memory Configuration

Name             Origin             Length             Attributes
CCMRAM           0x0000000010000000 0x0000000000010000 xrw
RAM              0x0000000020000000 0x0000000000030000 xrw
FLASH            0x0000000008000000 0x0000000000200000 xr
*default*        0x0000000000000000 0xffffffffffffffff

Linker script and memory map

LOAD /Applications/STM32CubeIDE.app/Contents/Eclipse/plugins/com.st.stm32cube.ide.mcu.externaltools.gnu-tools-for-stm32.10.3-2021.10.macos64_1.0.200.202301161003/tools/bin/../lib/gcc/arm-none-eabi/10.3.1/thumb/v7e-m+fp/hard/crti.o
LOAD /Applications/STM32CubeIDE.app/Contents/Eclipse/plugins/com.st.stm32cube.ide.mcu.externaltools.gnu-tools-for-stm32.10.3-2021.10.macos64_1.0.200.202301161003/tools/bin/../lib/gcc/arm-none-eabi/10.3.1/thumb/v7e-m+fp/hard/crtbegin.o
LOAD /Applications/STM32CubeIDE.app/Contents/Eclipse/plugins/com.st.stm32cube.ide.mcu.externaltools.gnu-tools-for-stm32.10.3-2021.10.macos64_1.0.200.202301161003/tools/bin/../lib/gcc/arm-none-eabi/10.3.1/../../../../arm-none-eabi/lib/thumb/v7e-m+fp/hard/crt0.o
LOAD ./Core/Src/drivers/button_driver.o
LOAD ./Core/Src/drivers/led_driver.o
LOAD ./Core/Src/drivers/uart_driver.o
LOAD ./Core/Src/gpio.o
LOAD ./Core/Src/main.o
LOAD ./Core/Src/stm32f4xx_hal_msp.o
LOAD ./Core/Src/stm32f4xx_it.o
LOAD ./Core/Src/syscalls.o
LOAD ./Core/Src/sysmem.o
LOAD ./Core/Src/system_stm32f4xx.o
LOAD ./Core/Src/usart.o
LOAD ./Core/Src/traffic_light_logic/command_process.o
LOAD ./Core/Src/traffic_light_logic/traffic_light.o
LOAD ./Core/Startup/startup_stm32f427vitx.o
LOAD ./Drivers/STM32F4xx_HAL_Driver/Src/stm32f4xx_hal.o
LOAD ./Drivers/STM32F4xx_HAL_Driver/Src/stm32f4xx_hal_cortex.o
LOAD ./Drivers/STM32F4xx_HAL_Driver/Src/stm32f4xx_hal_dma.o
LOAD ./Drivers/STM32F4xx_HAL_Driver/Src/stm32f4xx_hal_dma_ex.o
LOAD ./Drivers/STM32F4xx_HAL_Driver/Src/stm32f4xx_hal_exti.o
LOAD ./Drivers/STM32F4xx_HAL_Driver/Src/stm32f4xx_hal_flash.o
LOAD ./Drivers/STM32F4xx_HAL_Driver/Src/stm32f4xx_hal_flash_ex.o
LOAD ./Drivers/STM32F4xx_HAL_Driver/Src/stm32f4xx_hal_flash_ramfunc.o
LOAD ./Drivers/STM32F4xx_HAL_Driver/Src/stm32f4xx_hal_gpio.o
LOAD ./Drivers/STM32F4xx_HAL_Driver/Src/stm32f4xx_hal_pwr.o
LOAD ./Drivers/STM32F4xx_HAL_Driver/Src/stm32f4xx_hal_pwr_ex.o
LOAD ./Drivers/STM32F4xx_HAL_Driver/Src/stm32f4xx_hal_rcc.o
LOAD ./Drivers/STM32F4xx_HAL_Driver/Src/stm32f4xx_hal_rcc_ex.o
LOAD ./Drivers/STM32F4xx_HAL_Driver/Src/stm32f4xx_hal_tim.o
LOAD ./Drivers/STM32F4xx_HAL_Driver/Src/stm32f4xx_hal_tim_ex.o
LOAD ./Drivers/STM32F4xx_HAL_Driver/Src/stm32f4xx_hal_uart.o
START GROUP
LOAD /Applications/STM32CubeIDE.app/Contents/Eclipse/plugins/com.st.stm32cube.ide.mcu.externaltools.gnu-tools-for-stm32.10.3-2021.10.macos64_1.0.200.202301161003/tools/bin/../lib/gcc/arm-none-eabi/10.3.1/../../../../arm-none-eabi/lib/thumb/v7e-m+fp/hard/libc_nano.a
LOAD /Applications/STM32CubeIDE.app/Contents/Eclipse/plugins/com.st.stm32cube.ide.mcu.externaltools.gnu-tools-for-stm32.10.3-2021.10.macos64_1.0.200.202301161003/tools/bin/../lib/gcc/arm-none-eabi/10.3.1/../../../../arm-none-eabi/lib/thumb/v7e-m+fp/hard/libm.a
END GROUP
START GROUP
LOAD /Applications/STM32CubeIDE.app/Contents/Eclipse/plugins/com.st.stm32cube.ide.mcu.externaltools.gnu-tools-for-stm32.10.3-2021.10.macos64_1.0.200.202301161003/tools/bin/../lib/gcc/arm-none-eabi/10.3.1/thumb/v7e-m+fp/hard/libgcc.a
LOAD /Applications/STM32CubeIDE.app/Contents/Eclipse/plugins/com.st.stm32cube.ide.mcu.externaltools.gnu-tools-for-stm32.10.3-2021.10.macos64_1.0.200.202301161003/tools/bin/../lib/gcc/arm-none-eabi/10.3.1/../../../../arm-none-eabi/lib/thumb/v7e-m+fp/hard/libc_nano.a
END GROUP
START GROUP
LOAD /Applications/STM32CubeIDE.app/Contents/Eclipse/plugins/com.st.stm32cube.ide.mcu.externaltools.gnu-tools-for-stm32.10.3-2021.10.macos64_1.0.200.202301161003/tools/bin/../lib/gcc/arm-none-eabi/10.3.1/thumb/v7e-m+fp/hard/libgcc.a
LOAD /Applications/STM32CubeIDE.app/Contents/Eclipse/plugins/com.st.stm32cube.ide.mcu.externaltools.gnu-tools-for-stm32.10.3-2021.10.macos64_1.0.200.202301161003/tools/bin/../lib/gcc/arm-none-eabi/10.3.1/../../../../arm-none-eabi/lib/thumb/v7e-m+fp/hard/libc_nano.a
LOAD /Applications/STM32CubeIDE.app/Contents/Eclipse/plugins/com.st.stm32cube.ide.mcu.externaltools.gnu-tools-for-stm32.10.3-2021.10.macos64_1.0.200.202301161003/tools/bin/../lib/gcc/arm-none-eabi/10.3.1/../../../../arm-none-eabi/lib/thumb/v7e-m+fp/hard/libnosys.a
END GROUP
START GROUP
LOAD /Applications/STM32CubeIDE.app/Contents/Eclipse/plugins/com.st.stm32cube.ide.mcu.externaltools.gnu-tools-for-stm32.10.3-2021.10.macos64_1.0.200.202301161003/tools/bin/../lib/gcc/arm-none-eabi/10.3.1/thumb/v7e-m+fp/hard/libgcc.a
LOAD /Applications/STM32CubeIDE.app/Contents/Eclipse/plugins/com.st.stm32cube.ide.mcu.externaltools.gnu-tools-for-stm32.10.3-2021.10.macos64_1.0.200.202301161003/tools/bin/../lib/gcc/arm-none-eabi/10.3.1/../../../../arm-none-eabi/lib/thumb/v7e-m+fp/hard/libc_nano.a
LOAD /Applications/STM32CubeIDE.app/Contents/Eclipse/plugins/com.st.stm32cube.ide.mcu.externaltools.gnu-tools-for-stm32.10.3-2021.10.macos64_1.0.200.202301161003/tools/bin/../lib/gcc/arm-none-eabi/10.3.1/../../../../arm-none-eabi/lib/thumb/v7e-m+fp/hard/libnosys.a
END GROUP
LOAD /Applications/STM32CubeIDE.app/Contents/Eclipse/plugins/com.st.stm32cube.ide.mcu.externaltools.gnu-tools-for-stm32.10.3-2021.10.macos64_1.0.200.202301161003/tools/bin/../lib/gcc/arm-none-eabi/10.3.1/thumb/v7e-m+fp/hard/crtend.o
LOAD /Applications/STM32CubeIDE.app/Contents/Eclipse/plugins/com.st.stm32cube.ide.mcu.externaltools.gnu-tools-for-stm32.10.3-2021.10.macos64_1.0.200.202301161003/tools/bin/../lib/gcc/arm-none-eabi/10.3.1/thumb/v7e-m+fp/hard/crtn.o
                0x0000000020030000                _estack = (ORIGIN (RAM) + LENGTH (RAM))
                0x0000000000000200                _Min_Heap_Size = 0x200
                0x0000000000000400                _Min_Stack_Size = 0x400

.isr_vector     0x0000000008000000      0x1ac
                0x0000000008000000                . = ALIGN (0x4)
 *(.isr_vector)
 .isr_vector    0x0000000008000000      0x1ac ./Core/Startup/startup_stm32f427vitx.o
                0x0000000008000000                g_pfnVectors
                0x00000000080001ac                . = ALIGN (0x4)

.text           0x00000000080001ac     0x36b0
                0x00000000080001ac                . = ALIGN (0x4)
 *(.text)
 .text          0x00000000080001ac       0x40 /Applications/STM32CubeIDE.app/Contents/Eclipse/plugins/com.st.stm32cube.ide.mcu.externaltools.gnu-tools-for-stm32.10.3-2021.10.macos64_1.0.200.202301161003/tools/bin/../lib/gcc/arm-none-eabi/10.3.1/thumb/v7e-m+fp/hard/crtbegin.o
 .text          0x00000000080001ec       0x14 /Applications/STM32CubeIDE.app/Contents/Eclipse/plugins/com.st.stm32cube.ide.mcu.externaltools.gnu-tools-for-stm32.10.3-2021.10.macos64_1.0.200.202301161003/tools/bin/../lib/gcc/arm-none-eabi/10.3.1/../../../../arm-none-eabi/lib/thumb/v7e-m+fp/hard/libc_nano.a(lib_a-strcmp.o)
                0x00000000080001ec                strcmp
 .text          0x0000000008000200       0x30 /Applications/STM32CubeIDE.app/Contents/Eclipse/plugins/com.st.stm32cube.ide.mcu.externaltools.gnu-tools-for-stm32.10.3-2021.10.macos64_1.0.200.202301161003/tools/bin/../lib/gcc/arm-none-eabi/10.3.1/thumb/v7e-m+fp/hard/libgcc.a(_aeabi_uldivmod.o)
                0x0000000008000200                __aeabi_uldivmod
 .text          0x0000000008000230      0x2d0 /Applications/STM32CubeIDE.app/Contents/Eclipse/plugins/com.st.stm32cube.ide.mcu.externaltools.gnu-tools-for-stm32.10.3-2021.10.macos64_1.0.200.202301161003/tools/bin/../lib/gcc/arm-none-eabi/10.3.1/thumb/v7e-m+fp/hard/libgcc.a(_udivmoddi4.o)
                0x0000000008000230                __udivmoddi4
 .text          0x0000000008000500        0x4 /Applications/STM32CubeIDE.app/Contents/Eclipse/plugins/com.st.stm32cube.ide.mcu.externaltools.gnu-tools-for-stm32.10.3-2021.10.macos64_1.0.200.202301161003/tools/bin/../lib/gcc/arm-none-eabi/10.3.1/thumb/v7e-m+fp/hard/libgcc.a(_dvmd_tls.o)
                0x0000000008000500                __aeabi_ldiv0
                0x0000000008000500                __aeabi_idiv0
 *(.text*)
 .text.button_init
                0x0000000008000504       0x4c ./Core/Src/drivers/button_driver.o
                0x0000000008000504                button_init
 .text.button_process
                0x0000000008000550       0x8c ./Core/Src/drivers/button_driver.o
                0x0000000008000550                button_process
 .text.button_is_pressed
                0x00000000080005dc       0x2a ./Core/Src/drivers/button_driver.o
                0x00000000080005dc                button_is_pressed
 .text.led_init
                0x0000000008000606       0x26 ./Core/Src/drivers/led_driver.o
                0x0000000008000606                led_init
 .text.led_on   0x000000000800062c       0x20 ./Core/Src/drivers/led_driver.o
                0x000000000800062c                led_on
 .text.led_off  0x000000000800064c       0x20 ./Core/Src/drivers/led_driver.o
                0x000000000800064c                led_off
 .text.rb_empty
                0x000000000800066c       0x2a ./Core/Src/drivers/uart_driver.o
 .text.rb_full  0x0000000008000696       0x3a ./Core/Src/drivers/uart_driver.o
 .text.uart_set_interrupts
                0x00000000080006d0       0x70 ./Core/Src/drivers/uart_driver.o
                0x00000000080006d0                uart_set_interrupts
 .text.uart_get_interrupts
                0x0000000008000740       0x18 ./Core/Src/drivers/uart_driver.o
                0x0000000008000740                uart_get_interrupts
 .text.uart_print_char
                0x0000000008000758       0xa4 ./Core/Src/drivers/uart_driver.o
                0x0000000008000758                uart_print_char
 .text.uart_print_string
                0x00000000080007fc       0x2a ./Core/Src/drivers/uart_driver.o
                0x00000000080007fc                uart_print_string
 *fill*         0x0000000008000826        0x2 
 .text.uart_println_string
                0x0000000008000828       0x20 ./Core/Src/drivers/uart_driver.o
                0x0000000008000828                uart_println_string
 .text.uart_read_char
                0x0000000008000848       0x94 ./Core/Src/drivers/uart_driver.o
 .text.HAL_UART_RxCpltCallback
                0x00000000080008dc       0x88 ./Core/Src/drivers/uart_driver.o
                0x00000000080008dc                HAL_UART_RxCpltCallback
 .text.HAL_UART_TxCpltCallback
                0x0000000008000964       0x98 ./Core/Src/drivers/uart_driver.o
                0x0000000008000964                HAL_UART_TxCpltCallback
 .text.uart_receive_line_task
                0x00000000080009fc       0xc0 ./Core/Src/drivers/uart_driver.o
                0x00000000080009fc                uart_receive_line_task
 .text.MX_GPIO_Init
                0x0000000008000abc       0xe0 ./Core/Src/gpio.o
                0x0000000008000abc                MX_GPIO_Init
 .text.main     0x0000000008000b9c       0x44 ./Core/Src/main.o
                0x0000000008000b9c                main
 .text.SystemClock_Config
                0x0000000008000be0       0xc0 ./Core/Src/main.o
                0x0000000008000be0                SystemClock_Config
 .text.Error_Handler
                0x0000000008000ca0        0xa ./Core/Src/main.o
                0x0000000008000ca0                Error_Handler
 *fill*         0x0000000008000caa        0x2 
 .text.HAL_MspInit
                0x0000000008000cac       0x50 ./Core/Src/stm32f4xx_hal_msp.o
                0x0000000008000cac                HAL_MspInit
 .text.NMI_Handler
                0x0000000008000cfc        0x6 ./Core/Src/stm32f4xx_it.o
                0x0000000008000cfc                NMI_Handler
 .text.HardFault_Handler
                0x0000000008000d02        0x6 ./Core/Src/stm32f4xx_it.o
                0x0000000008000d02                HardFault_Handler
 .text.MemManage_Handler
                0x0000000008000d08        0x6 ./Core/Src/stm32f4xx_it.o
                0x0000000008000d08                MemManage_Handler
 .text.BusFault_Handler
                0x0000000008000d0e        0x6 ./Core/Src/stm32f4xx_it.o
                0x0000000008000d0e                BusFault_Handler
 .text.UsageFault_Handler
                0x0000000008000d14        0x6 ./Core/Src/stm32f4xx_it.o
                0x0000000008000d14                UsageFault_Handler
 .text.SVC_Handler
                0x0000000008000d1a        0xe ./Core/Src/stm32f4xx_it.o
                0x0000000008000d1a                SVC_Handler
 .text.DebugMon_Handler
                0x0000000008000d28        0xe ./Core/Src/stm32f4xx_it.o
                0x0000000008000d28                DebugMon_Handler
 .text.PendSV_Handler
                0x0000000008000d36        0xe ./Core/Src/stm32f4xx_it.o
                0x0000000008000d36                PendSV_Handler
 .text.SysTick_Handler
                0x0000000008000d44        0xc ./Core/Src/stm32f4xx_it.o
                0x0000000008000d44                SysTick_Handler
 .text.USART6_IRQHandler
                0x0000000008000d50       0x14 ./Core/Src/stm32f4xx_it.o
                0x0000000008000d50                USART6_IRQHandler
 .text.SystemInit
                0x0000000008000d64       0x24 ./Core/Src/system_stm32f4xx.o
                0x0000000008000d64                SystemInit
 .text.MX_USART6_UART_Init
                0x0000000008000d88       0x54 ./Core/Src/usart.o
                0x0000000008000d88                MX_USART6_UART_Init
 .text.HAL_UART_MspInit
                0x0000000008000ddc       0xa0 ./Core/Src/usart.o
                0x0000000008000ddc                HAL_UART_MspInit
 .text.process_command_line
                0x0000000008000e7c       0xa0 ./Core/Src/traffic_light_logic/command_process.o
                0x0000000008000e7c                process_command_line
 .text.traffic_light_init
                0x0000000008000f1c       0x70 ./Core/Src/traffic_light_logic/traffic_light.o
                0x0000000008000f1c                traffic_light_init
 .text.set_traffic_light
                0x0000000008000f8c       0x68 ./Core/Src/traffic_light_logic/traffic_light.o
                0x0000000008000f8c                set_traffic_light
 .text.traffic_light_handler
                0x0000000008000ff4      0x124 ./Core/Src/traffic_light_logic/traffic_light.o
                0x0000000008000ff4                traffic_light_handler
 .text.handle_button_press
                0x0000000008001118       0x70 ./Core/Src/traffic_light_logic/traffic_light.o
                0x0000000008001118                handle_button_press
 .text.Reset_Handler
                0x0000000008001188       0x50 ./Core/Startup/startup_stm32f427vitx.o
                0x0000000008001188                Reset_Handler
 .text.Default_Handler
                0x00000000080011d8        0x2 ./Core/Startup/startup_stm32f427vitx.o
                0x00000000080011d8                DMA1_Stream3_IRQHandler
                0x00000000080011d8                HASH_RNG_IRQHandler
                0x00000000080011d8                EXTI2_IRQHandler
                0x00000000080011d8                TIM8_CC_IRQHandler
                0x00000000080011d8                UART8_IRQHandler
                0x00000000080011d8                SPI4_IRQHandler
                0x00000000080011d8                TIM1_CC_IRQHandler
                0x00000000080011d8                DMA2_Stream5_IRQHandler
                0x00000000080011d8                DMA1_Stream5_IRQHandler
                0x00000000080011d8                PVD_IRQHandler
                0x00000000080011d8                SDIO_IRQHandler
                0x00000000080011d8                TAMP_STAMP_IRQHandler
                0x00000000080011d8                CAN2_RX1_IRQHandler
                0x00000000080011d8                EXTI3_IRQHandler
                0x00000000080011d8                TIM8_TRG_COM_TIM14_IRQHandler
                0x00000000080011d8                TIM1_UP_TIM10_IRQHandler
                0x00000000080011d8                TIM8_UP_TIM13_IRQHandler
                0x00000000080011d8                I2C3_ER_IRQHandler
                0x00000000080011d8                EXTI0_IRQHandler
                0x00000000080011d8                I2C2_EV_IRQHandler
                0x00000000080011d8                DMA1_Stream2_IRQHandler
                0x00000000080011d8                CAN1_RX0_IRQHandler
                0x00000000080011d8                FPU_IRQHandler
                0x00000000080011d8                OTG_HS_WKUP_IRQHandler
                0x00000000080011d8                CAN2_SCE_IRQHandler
                0x00000000080011d8                DMA2_Stream2_IRQHandler
                0x00000000080011d8                SPI1_IRQHandler
                0x00000000080011d8                TIM6_DAC_IRQHandler
                0x00000000080011d8                TIM1_BRK_TIM9_IRQHandler
                0x00000000080011d8                DCMI_IRQHandler
                0x00000000080011d8                CAN2_RX0_IRQHandler
                0x00000000080011d8                DMA2_Stream3_IRQHandler
                0x00000000080011d8                USART3_IRQHandler
                0x00000000080011d8                CAN1_RX1_IRQHandler
                0x00000000080011d8                UART5_IRQHandler
                0x00000000080011d8                DMA2_Stream0_IRQHandler
                0x00000000080011d8                TIM4_IRQHandler
                0x00000000080011d8                I2C1_EV_IRQHandler
                0x00000000080011d8                DMA1_Stream6_IRQHandler
                0x00000000080011d8                DMA1_Stream1_IRQHandler
                0x00000000080011d8                UART4_IRQHandler
                0x00000000080011d8                TIM3_IRQHandler
                0x00000000080011d8                RCC_IRQHandler
                0x00000000080011d8                TIM8_BRK_TIM12_IRQHandler
                0x00000000080011d8                Default_Handler
                0x00000000080011d8                EXTI15_10_IRQHandler
                0x00000000080011d8                ADC_IRQHandler
                0x00000000080011d8                DMA1_Stream7_IRQHandler
                0x00000000080011d8                SPI5_IRQHandler
                0x00000000080011d8                TIM7_IRQHandler
                0x00000000080011d8                CAN2_TX_IRQHandler
                0x00000000080011d8                TIM5_IRQHandler
                0x00000000080011d8                DMA2_Stream7_IRQHandler
                0x00000000080011d8                I2C3_EV_IRQHandler
                0x00000000080011d8                EXTI9_5_IRQHandler
                0x00000000080011d8                RTC_WKUP_IRQHandler
                0x00000000080011d8                ETH_WKUP_IRQHandler
                0x00000000080011d8                SPI2_IRQHandler
                0x00000000080011d8                OTG_HS_EP1_IN_IRQHandler
                0x00000000080011d8                DMA1_Stream0_IRQHandler
                0x00000000080011d8                CAN1_TX_IRQHandler
                0x00000000080011d8                EXTI4_IRQHandler
                0x00000000080011d8                ETH_IRQHandler
                0x00000000080011d8                OTG_HS_EP1_OUT_IRQHandler
                0x00000000080011d8                WWDG_IRQHandler
                0x00000000080011d8                SPI6_IRQHandler
                0x00000000080011d8                TIM2_IRQHandler
                0x00000000080011d8                OTG_FS_WKUP_IRQHandler
                0x00000000080011d8                TIM1_TRG_COM_TIM11_IRQHandler
                0x00000000080011d8                OTG_HS_IRQHandler
                0x00000000080011d8                DMA2D_IRQHandler
                0x00000000080011d8                EXTI1_IRQHandler
                0x00000000080011d8                UART7_IRQHandler
                0x00000000080011d8                USART2_IRQHandler
                0x00000000080011d8                I2C2_ER_IRQHandler
                0x00000000080011d8                DMA2_Stream1_IRQHandler
                0x00000000080011d8                CAN1_SCE_IRQHandler
                0x00000000080011d8                FLASH_IRQHandler
                0x00000000080011d8                DMA2_Stream4_IRQHandler
                0x00000000080011d8                USART1_IRQHandler
                0x00000000080011d8                OTG_FS_IRQHandler
                0x00000000080011d8                SPI3_IRQHandler
                0x00000000080011d8                DMA1_Stream4_IRQHandler
                0x00000000080011d8                I2C1_ER_IRQHandler
                0x00000000080011d8                FMC_IRQHandler
                0x00000000080011d8                DMA2_Stream6_IRQHandler
                0x00000000080011d8                SAI1_IRQHandler
                0x00000000080011d8                RTC_Alarm_IRQHandler
 *fill*         0x00000000080011da        0x2 
 .text.HAL_Init
                0x00000000080011dc       0x44 ./Drivers/STM32F4xx_HAL_Driver/Src/stm32f4xx_hal.o
                0x00000000080011dc                HAL_Init
 .text.HAL_InitTick
                0x0000000008001220       0x60 ./Drivers/STM32F4xx_HAL_Driver/Src/stm32f4xx_hal.o
                0x0000000008001220                HAL_InitTick
 .text.HAL_IncTick
                0x0000000008001280       0x28 ./Drivers/STM32F4xx_HAL_Driver/Src/stm32f4xx_hal.o
                0x0000000008001280                HAL_IncTick
 .text.HAL_GetTick
                0x00000000080012a8       0x18 ./Drivers/STM32F4xx_HAL_Driver/Src/stm32f4xx_hal.o
                0x00000000080012a8                HAL_GetTick
 .text.__NVIC_SetPriorityGrouping
                0x00000000080012c0       0x48 ./Drivers/STM32F4xx_HAL_Driver/Src/stm32f4xx_hal_cortex.o
 .text.__NVIC_GetPriorityGrouping
                0x0000000008001308       0x1c ./Drivers/STM32F4xx_HAL_Driver/Src/stm32f4xx_hal_cortex.o
 .text.__NVIC_EnableIRQ
                0x0000000008001324       0x3c ./Drivers/STM32F4xx_HAL_Driver/Src/stm32f4xx_hal_cortex.o
 .text.__NVIC_SetPriority
                0x0000000008001360       0x54 ./Drivers/STM32F4xx_HAL_Driver/Src/stm32f4xx_hal_cortex.o
 .text.NVIC_EncodePriority
                0x00000000080013b4       0x66 ./Drivers/STM32F4xx_HAL_Driver/Src/stm32f4xx_hal_cortex.o
 *fill*         0x000000000800141a        0x2 
 .text.SysTick_Config
                0x000000000800141c       0x44 ./Drivers/STM32F4xx_HAL_Driver/Src/stm32f4xx_hal_cortex.o
 .text.HAL_NVIC_SetPriorityGrouping
                0x0000000008001460       0x16 ./Drivers/STM32F4xx_HAL_Driver/Src/stm32f4xx_hal_cortex.o
                0x0000000008001460                HAL_NVIC_SetPriorityGrouping
 .text.HAL_NVIC_SetPriority
                0x0000000008001476       0x38 ./Drivers/STM32F4xx_HAL_Driver/Src/stm32f4xx_hal_cortex.o
                0x0000000008001476                HAL_NVIC_SetPriority
 .text.HAL_NVIC_EnableIRQ
                0x00000000080014ae       0x1c ./Drivers/STM32F4xx_HAL_Driver/Src/stm32f4xx_hal_cortex.o
                0x00000000080014ae                HAL_NVIC_EnableIRQ
 .text.HAL_SYSTICK_Config
                0x00000000080014ca       0x18 ./Drivers/STM32F4xx_HAL_Driver/Src/stm32f4xx_hal_cortex.o
                0x00000000080014ca                HAL_SYSTICK_Config
 .text.HAL_DMA_Abort
                0x00000000080014e2       0xe0 ./Drivers/STM32F4xx_HAL_Driver/Src/stm32f4xx_hal_dma.o
                0x00000000080014e2                HAL_DMA_Abort
 .text.HAL_DMA_Abort_IT
                0x00000000080015c2       0x44 ./Drivers/STM32F4xx_HAL_Driver/Src/stm32f4xx_hal_dma.o
                0x00000000080015c2                HAL_DMA_Abort_IT
 *fill*         0x0000000008001606        0x2 
 .text.HAL_GPIO_Init
                0x0000000008001608      0x358 ./Drivers/STM32F4xx_HAL_Driver/Src/stm32f4xx_hal_gpio.o
                0x0000000008001608                HAL_GPIO_Init
 .text.HAL_GPIO_ReadPin
                0x0000000008001960       0x30 ./Drivers/STM32F4xx_HAL_Driver/Src/stm32f4xx_hal_gpio.o
                0x0000000008001960                HAL_GPIO_ReadPin
 .text.HAL_GPIO_WritePin
                0x0000000008001990       0x32 ./Drivers/STM32F4xx_HAL_Driver/Src/stm32f4xx_hal_gpio.o
                0x0000000008001990                HAL_GPIO_WritePin
 *fill*         0x00000000080019c2        0x2 
 .text.HAL_RCC_OscConfig
                0x00000000080019c4      0x4f0 ./Drivers/STM32F4xx_HAL_Driver/Src/stm32f4xx_hal_rcc.o
                0x00000000080019c4                HAL_RCC_OscConfig
 .text.HAL_RCC_ClockConfig
                0x0000000008001eb4      0x1cc ./Drivers/STM32F4xx_HAL_Driver/Src/stm32f4xx_hal_rcc.o
                0x0000000008001eb4                HAL_RCC_ClockConfig
 .text.HAL_RCC_GetSysClockFreq
                0x0000000008002080      0x18c ./Drivers/STM32F4xx_HAL_Driver/Src/stm32f4xx_hal_rcc.o
                0x0000000008002080                HAL_RCC_GetSysClockFreq
 .text.HAL_RCC_GetHCLKFreq
                0x000000000800220c       0x18 ./Drivers/STM32F4xx_HAL_Driver/Src/stm32f4xx_hal_rcc.o
                0x000000000800220c                HAL_RCC_GetHCLKFreq
 .text.HAL_RCC_GetPCLK1Freq
                0x0000000008002224       0x28 ./Drivers/STM32F4xx_HAL_Driver/Src/stm32f4xx_hal_rcc.o
                0x0000000008002224                HAL_RCC_GetPCLK1Freq
 .text.HAL_RCC_GetPCLK2Freq
                0x000000000800224c       0x28 ./Drivers/STM32F4xx_HAL_Driver/Src/stm32f4xx_hal_rcc.o
                0x000000000800224c                HAL_RCC_GetPCLK2Freq
 .text.HAL_UART_Init
                0x0000000008002274       0x9a ./Drivers/STM32F4xx_HAL_Driver/Src/stm32f4xx_hal_uart.o
                0x0000000008002274                HAL_UART_Init
 .text.HAL_UART_Transmit
                0x000000000800230e      0x124 ./Drivers/STM32F4xx_HAL_Driver/Src/stm32f4xx_hal_uart.o
                0x000000000800230e                HAL_UART_Transmit
 .text.HAL_UART_Receive
                0x0000000008002432      0x144 ./Drivers/STM32F4xx_HAL_Driver/Src/stm32f4xx_hal_uart.o
                0x0000000008002432                HAL_UART_Receive
 .text.HAL_UART_Transmit_IT
                0x0000000008002576       0x8a ./Drivers/STM32F4xx_HAL_Driver/Src/stm32f4xx_hal_uart.o
                0x0000000008002576                HAL_UART_Transmit_IT
 .text.HAL_UART_Receive_IT
                0x0000000008002600       0x60 ./Drivers/STM32F4xx_HAL_Driver/Src/stm32f4xx_hal_uart.o
                0x0000000008002600                HAL_UART_Receive_IT
 .text.HAL_UART_AbortTransmit_IT
                0x0000000008002660       0xe8 ./Drivers/STM32F4xx_HAL_Driver/Src/stm32f4xx_hal_uart.o
                0x0000000008002660                HAL_UART_AbortTransmit_IT
 .text.HAL_UART_AbortReceive_IT
                0x0000000008002748      0x164 ./Drivers/STM32F4xx_HAL_Driver/Src/stm32f4xx_hal_uart.o
                0x0000000008002748                HAL_UART_AbortReceive_IT
 .text.HAL_UART_IRQHandler
                0x00000000080028ac      0x51c ./Drivers/STM32F4xx_HAL_Driver/Src/stm32f4xx_hal_uart.o
                0x00000000080028ac                HAL_UART_IRQHandler
 .text.HAL_UART_ErrorCallback
                0x0000000008002dc8       0x14 ./Drivers/STM32F4xx_HAL_Driver/Src/stm32f4xx_hal_uart.o
                0x0000000008002dc8                HAL_UART_ErrorCallback
 .text.HAL_UART_AbortTransmitCpltCallback
                0x0000000008002ddc       0x14 ./Drivers/STM32F4xx_HAL_Driver/Src/stm32f4xx_hal_uart.o
                0x0000000008002ddc                HAL_UART_AbortTransmitCpltCallback
 .text.HAL_UART_AbortReceiveCpltCallback
                0x0000000008002df0       0x14 ./Drivers/STM32F4xx_HAL_Driver/Src/stm32f4xx_hal_uart.o
                0x0000000008002df0                HAL_UART_AbortReceiveCpltCallback
 .text.HAL_UARTEx_RxEventCallback
                0x0000000008002e04       0x18 ./Drivers/STM32F4xx_HAL_Driver/Src/stm32f4xx_hal_uart.o
                0x0000000008002e04                HAL_UARTEx_RxEventCallback
 .text.UART_WaitOnFlagUntilTimeout
                0x0000000008002e1c       0xdc ./Drivers/STM32F4xx_HAL_Driver/Src/stm32f4xx_hal_uart.o
 .text.UART_Start_Receive_IT
                0x0000000008002ef8       0x7c ./Drivers/STM32F4xx_HAL_Driver/Src/stm32f4xx_hal_uart.o
                0x0000000008002ef8                UART_Start_Receive_IT
 .text.UART_EndRxTransfer
                0x0000000008002f74       0xc6 ./Drivers/STM32F4xx_HAL_Driver/Src/stm32f4xx_hal_uart.o
 .text.UART_DMAAbortOnError
                0x000000000800303a       0x28 ./Drivers/STM32F4xx_HAL_Driver/Src/stm32f4xx_hal_uart.o
 .text.UART_DMATxOnlyAbortCallback
                0x0000000008003062       0x2a ./Drivers/STM32F4xx_HAL_Driver/Src/stm32f4xx_hal_uart.o
 .text.UART_DMARxOnlyAbortCallback
                0x000000000800308c       0x30 ./Drivers/STM32F4xx_HAL_Driver/Src/stm32f4xx_hal_uart.o
 .text.UART_Transmit_IT
                0x00000000080030bc       0xa0 ./Drivers/STM32F4xx_HAL_Driver/Src/stm32f4xx_hal_uart.o
 .text.UART_EndTransmit_IT
                0x000000000800315c       0x30 ./Drivers/STM32F4xx_HAL_Driver/Src/stm32f4xx_hal_uart.o
 .text.UART_Receive_IT
                0x000000000800318c      0x176 ./Drivers/STM32F4xx_HAL_Driver/Src/stm32f4xx_hal_uart.o
 *fill*         0x0000000008003302        0x2 
 .text.UART_SetConfig
                0x0000000008003304      0x4e8 ./Drivers/STM32F4xx_HAL_Driver/Src/stm32f4xx_hal_uart.o
 .text.__libc_init_array
                0x00000000080037ec       0x48 /Applications/STM32CubeIDE.app/Contents/Eclipse/plugins/com.st.stm32cube.ide.mcu.externaltools.gnu-tools-for-stm32.10.3-2021.10.macos64_1.0.200.202301161003/tools/bin/../lib/gcc/arm-none-eabi/10.3.1/../../../../arm-none-eabi/lib/thumb/v7e-m+fp/hard/libc_nano.a(lib_a-init.o)
                0x00000000080037ec                __libc_init_array
 .text.memset   0x0000000008003834       0x10 /Applications/STM32CubeIDE.app/Contents/Eclipse/plugins/com.st.stm32cube.ide.mcu.externaltools.gnu-tools-for-stm32.10.3-2021.10.macos64_1.0.200.202301161003/tools/bin/../lib/gcc/arm-none-eabi/10.3.1/../../../../arm-none-eabi/lib/thumb/v7e-m+fp/hard/libc_nano.a(lib_a-memset.o)
                0x0000000008003834                memset
 *(.glue_7)
 .glue_7        0x0000000008003844        0x0 linker stubs
 *(.glue_7t)
 .glue_7t       0x0000000008003844        0x0 linker stubs
 *(.eh_frame)
 .eh_frame      0x0000000008003844        0x0 /Applications/STM32CubeIDE.app/Contents/Eclipse/plugins/com.st.stm32cube.ide.mcu.externaltools.gnu-tools-for-stm32.10.3-2021.10.macos64_1.0.200.202301161003/tools/bin/../lib/gcc/arm-none-eabi/10.3.1/thumb/v7e-m+fp/hard/crtbegin.o
 *(.init)
 .init          0x0000000008003844        0x4 /Applications/STM32CubeIDE.app/Contents/Eclipse/plugins/com.st.stm32cube.ide.mcu.externaltools.gnu-tools-for-stm32.10.3-2021.10.macos64_1.0.200.202301161003/tools/bin/../lib/gcc/arm-none-eabi/10.3.1/thumb/v7e-m+fp/hard/crti.o
                0x0000000008003844                _init
 .init          0x0000000008003848        0x8 /Applications/STM32CubeIDE.app/Contents/Eclipse/plugins/com.st.stm32cube.ide.mcu.externaltools.gnu-tools-for-stm32.10.3-2021.10.macos64_1.0.200.202301161003/tools/bin/../lib/gcc/arm-none-eabi/10.3.1/thumb/v7e-m+fp/hard/crtn.o
 *(.fini)
 .fini          0x0000000008003850        0x4 /Applications/STM32CubeIDE.app/Contents/Eclipse/plugins/com.st.stm32cube.ide.mcu.externaltools.gnu-tools-for-stm32.10.3-2021.10.macos64_1.0.200.202301161003/tools/bin/../lib/gcc/arm-none-eabi/10.3.1/thumb/v7e-m+fp/hard/crti.o
                0x0000000008003850                _fini
 .fini          0x0000000008003854        0x8 /Applications/STM32CubeIDE.app/Contents/Eclipse/plugins/com.st.stm32cube.ide.mcu.externaltools.gnu-tools-for-stm32.10.3-2021.10.macos64_1.0.200.202301161003/tools/bin/../lib/gcc/arm-none-eabi/10.3.1/thumb/v7e-m+fp/hard/crtn.o
                0x000000000800385c                . = ALIGN (0x4)
                0x000000000800385c                _etext = .

.vfp11_veneer   0x000000000800385c        0x0
 .vfp11_veneer  0x000000000800385c        0x0 linker stubs

.v4_bx          0x000000000800385c        0x0
 .v4_bx         0x000000000800385c        0x0 linker stubs

.iplt           0x000000000800385c        0x0
 .iplt          0x000000000800385c        0x0 /Applications/STM32CubeIDE.app/Contents/Eclipse/plugins/com.st.stm32cube.ide.mcu.externaltools.gnu-tools-for-stm32.10.3-2021.10.macos64_1.0.200.202301161003/tools/bin/../lib/gcc/arm-none-eabi/10.3.1/thumb/v7e-m+fp/hard/crtbegin.o

.rodata         0x000000000800385c      0x19c
                0x000000000800385c                . = ALIGN (0x4)
 *(.rodata)
 .rodata        0x000000000800385c        0x5 ./Core/Src/drivers/uart_driver.o
 *fill*         0x0000000008003861        0x3 
 .rodata        0x0000000008003864       0x78 ./Core/Src/traffic_light_logic/command_process.o
 *(.rodata*)
 .rodata.AHBPrescTable
                0x00000000080038dc       0x10 ./Core/Src/system_stm32f4xx.o
                0x00000000080038dc                AHBPrescTable
 .rodata.APBPrescTable
                0x00000000080038ec        0x8 ./Core/Src/system_stm32f4xx.o
                0x00000000080038ec                APBPrescTable
 .rodata._ctype_
                0x00000000080038f4      0x101 /Applications/STM32CubeIDE.app/Contents/Eclipse/plugins/com.st.stm32cube.ide.mcu.externaltools.gnu-tools-for-stm32.10.3-2021.10.macos64_1.0.200.202301161003/tools/bin/../lib/gcc/arm-none-eabi/10.3.1/../../../../arm-none-eabi/lib/thumb/v7e-m+fp/hard/libc_nano.a(lib_a-ctype_.o)
                0x00000000080038f4                _ctype_
                0x00000000080039f8                . = ALIGN (0x4)
 *fill*         0x00000000080039f5        0x3 

.ARM.extab      0x00000000080039f8        0x0
                0x00000000080039f8                . = ALIGN (0x4)
 *(.ARM.extab* .gnu.linkonce.armextab.*)
                0x00000000080039f8                . = ALIGN (0x4)

.ARM            0x00000000080039f8        0x8
                0x00000000080039f8                . = ALIGN (0x4)
                0x00000000080039f8                __exidx_start = .
 *(.ARM.exidx*)
 .ARM.exidx     0x00000000080039f8        0x8 /Applications/STM32CubeIDE.app/Contents/Eclipse/plugins/com.st.stm32cube.ide.mcu.externaltools.gnu-tools-for-stm32.10.3-2021.10.macos64_1.0.200.202301161003/tools/bin/../lib/gcc/arm-none-eabi/10.3.1/thumb/v7e-m+fp/hard/libgcc.a(_udivmoddi4.o)
                0x0000000008003a00                __exidx_end = .
                0x0000000008003a00                . = ALIGN (0x4)

.rel.dyn        0x0000000008003a00        0x0
 .rel.iplt      0x0000000008003a00        0x0 /Applications/STM32CubeIDE.app/Contents/Eclipse/plugins/com.st.stm32cube.ide.mcu.externaltools.gnu-tools-for-stm32.10.3-2021.10.macos64_1.0.200.202301161003/tools/bin/../lib/gcc/arm-none-eabi/10.3.1/thumb/v7e-m+fp/hard/crtbegin.o

.preinit_array  0x0000000008003a00        0x0
                0x0000000008003a00                . = ALIGN (0x4)
                0x0000000008003a00                PROVIDE (__preinit_array_start = .)
 *(.preinit_array*)
                0x0000000008003a00                PROVIDE (__preinit_array_end = .)
                0x0000000008003a00                . = ALIGN (0x4)

.init_array     0x0000000008003a00        0x4
                0x0000000008003a00                . = ALIGN (0x4)
                0x0000000008003a00                PROVIDE (__init_array_start = .)
 *(SORT_BY_NAME(.init_array.*))
 *(.init_array*)
 .init_array    0x0000000008003a00        0x4 /Applications/STM32CubeIDE.app/Contents/Eclipse/plugins/com.st.stm32cube.ide.mcu.externaltools.gnu-tools-for-stm32.10.3-2021.10.macos64_1.0.200.202301161003/tools/bin/../lib/gcc/arm-none-eabi/10.3.1/thumb/v7e-m+fp/hard/crtbegin.o
                0x0000000008003a04                PROVIDE (__init_array_end = .)
                0x0000000008003a04                . = ALIGN (0x4)

.fini_array     0x0000000008003a04        0x4
                0x0000000008003a04                . = ALIGN (0x4)
                [!provide]                        PROVIDE (__fini_array_start = .)
 *(SORT_BY_NAME(.fini_array.*))
 *(.fini_array*)
 .fini_array    0x0000000008003a04        0x4 /Applications/STM32CubeIDE.app/Contents/Eclipse/plugins/com.st.stm32cube.ide.mcu.externaltools.gnu-tools-for-stm32.10.3-2021.10.macos64_1.0.200.202301161003/tools/bin/../lib/gcc/arm-none-eabi/10.3.1/thumb/v7e-m+fp/hard/crtbegin.o
                [!provide]                        PROVIDE (__fini_array_end = .)
                0x0000000008003a08                . = ALIGN (0x4)
                0x0000000008003a08                _sidata = LOADADDR (.data)

.data           0x0000000020000000        0xc load address 0x0000000008003a08
                0x0000000020000000                . = ALIGN (0x4)
                0x0000000020000000                _sdata = .
 *(.data)
 *(.data*)
 .data.SystemCoreClock
                0x0000000020000000        0x4 ./Core/Src/system_stm32f4xx.o
                0x0000000020000000                SystemCoreClock
 .data.uwTickPrio
                0x0000000020000004        0x4 ./Drivers/STM32F4xx_HAL_Driver/Src/stm32f4xx_hal.o
                0x0000000020000004                uwTickPrio
 .data.uwTickFreq
                0x0000000020000008        0x1 ./Drivers/STM32F4xx_HAL_Driver/Src/stm32f4xx_hal.o
                0x0000000020000008                uwTickFreq
 *(.RamFunc)
 *(.RamFunc*)
                0x000000002000000c                . = ALIGN (0x4)
 *fill*         0x0000000020000009        0x3 
                0x000000002000000c                _edata = .
                0x0000000008003a14                _siccmram = LOADADDR (.ccmram)

.igot.plt       0x000000002000000c        0x0 load address 0x0000000008003a14
 .igot.plt      0x000000002000000c        0x0 /Applications/STM32CubeIDE.app/Contents/Eclipse/plugins/com.st.stm32cube.ide.mcu.externaltools.gnu-tools-for-stm32.10.3-2021.10.macos64_1.0.200.202301161003/tools/bin/../lib/gcc/arm-none-eabi/10.3.1/thumb/v7e-m+fp/hard/crtbegin.o

.ccmram         0x0000000010000000        0x0 load address 0x0000000008003a14
                0x0000000010000000                . = ALIGN (0x4)
                0x0000000010000000                _sccmram = .
 *(.ccmram)
 *(.ccmram*)
                0x0000000010000000                . = ALIGN (0x4)
                0x0000000010000000                _eccmram = .
                0x0000000010000000                . = ALIGN (0x4)

.bss            0x000000002000000c      0x230
                0x000000002000000c                _sbss = .
                0x000000002000000c                __bss_start__ = _sbss
 *(.bss)
 .bss           0x000000002000000c       0x1c /Applications/STM32CubeIDE.app/Contents/Eclipse/plugins/com.st.stm32cube.ide.mcu.externaltools.gnu-tools-for-stm32.10.3-2021.10.macos64_1.0.200.202301161003/tools/bin/../lib/gcc/arm-none-eabi/10.3.1/thumb/v7e-m+fp/hard/crtbegin.o
 *(.bss*)
 .bss.last_time.0
                0x0000000020000028        0x4 ./Core/Src/drivers/button_driver.o
 .bss.rx_buf    0x000000002000002c       0x80 ./Core/Src/drivers/uart_driver.o
 .bss.tx_buf    0x00000000200000ac       0x80 ./Core/Src/drivers/uart_driver.o
 .bss.rx_head   0x000000002000012c        0x2 ./Core/Src/drivers/uart_driver.o
 .bss.rx_tail   0x000000002000012e        0x2 ./Core/Src/drivers/uart_driver.o
 .bss.tx_head   0x0000000020000130        0x2 ./Core/Src/drivers/uart_driver.o
 .bss.tx_tail   0x0000000020000132        0x2 ./Core/Src/drivers/uart_driver.o
 .bss.rx_byte   0x0000000020000134        0x1 ./Core/Src/drivers/uart_driver.o
 .bss.interrupts_enabled
                0x0000000020000135        0x1 ./Core/Src/drivers/uart_driver.o
 *fill*         0x0000000020000136        0x2 
 .bss.s_line_buf
                0x0000000020000138       0x80 ./Core/Src/drivers/uart_driver.o
 .bss.s_line_len
                0x00000000200001b8        0x2 ./Core/Src/drivers/uart_driver.o
 *fill*         0x00000000200001ba        0x2 
 .bss.huart6    0x00000000200001bc       0x44 ./Core/Src/usart.o
                0x00000000200001bc                huart6
 .bss.green_led
                0x0000000020000200        0x8 ./Core/Src/traffic_light_logic/traffic_light.o
                0x0000000020000200                green_led
 .bss.yellow_led
                0x0000000020000208        0x8 ./Core/Src/traffic_light_logic/traffic_light.o
                0x0000000020000208                yellow_led
 .bss.red_led   0x0000000020000210        0x8 ./Core/Src/traffic_light_logic/traffic_light.o
                0x0000000020000210                red_led
 .bss.pedestrian_button
                0x0000000020000218       0x10 ./Core/Src/traffic_light_logic/traffic_light.o
                0x0000000020000218                pedestrian_button
 .bss.current_state
                0x0000000020000228        0x1 ./Core/Src/traffic_light_logic/traffic_light.o
                0x0000000020000228                current_state
 *fill*         0x0000000020000229        0x3 
 .bss.state_start_time
                0x000000002000022c        0x4 ./Core/Src/traffic_light_logic/traffic_light.o
                0x000000002000022c                state_start_time
 .bss.next_red_short
                0x0000000020000230        0x1 ./Core/Src/traffic_light_logic/traffic_light.o
                0x0000000020000230                next_red_short
 *fill*         0x0000000020000231        0x3 
 .bss.last_time.0
                0x0000000020000234        0x4 ./Core/Src/traffic_light_logic/traffic_light.o
 .bss.uwTick    0x0000000020000238        0x4 ./Drivers/STM32F4xx_HAL_Driver/Src/stm32f4xx_hal.o
                0x0000000020000238                uwTick
 *(COMMON)
                0x000000002000023c                . = ALIGN (0x4)
                0x000000002000023c                _ebss = .
                0x000000002000023c                __bss_end__ = _ebss

._user_heap_stack
                0x000000002000023c      0x604
                0x0000000020000240                . = ALIGN (0x8)
 *fill*         0x000000002000023c        0x4 
                [!provide]                        PROVIDE (end = .)
                0x0000000020000240                PROVIDE (_end = .)
                0x0000000020000440                . = (. + _Min_Heap_Size)
 *fill*         0x0000000020000240      0x200 
                0x0000000020000840                . = (. + _Min_Stack_Size)
 *fill*         0x0000000020000440      0x400 
                0x0000000020000840                . = ALIGN (0x8)

/DISCARD/
 libc.a(*)
 libm.a(*)
 libgcc.a(*)

.ARM.attributes
                0x0000000000000000       0x30
 *(.ARM.attributes)
 .ARM.attributes
                0x0000000000000000       0x1e /Applications/STM32CubeIDE.app/Contents/Eclipse/plugins/com.st.stm32cube.ide.mcu.externaltools.gnu-tools-for-stm32.10.3-2021.10.macos64_1.0.200.202301161003/tools/bin/../lib/gcc/arm-none-eabi/10.3.1/thumb/v7e-m+fp/hard/crti.o
 .ARM.attributes
                0x000000000000001e       0x34 /Applications/STM32CubeIDE.app/Contents/Eclipse/plugins/com.st.stm32cube.ide.mcu.externaltools.gnu-tools-for-stm32.10.3-2021.10.macos64_1.0.200.202301161003/tools/bin/../lib/gcc/arm-none-eabi/10.3.1/thumb/v7e-m+fp/hard/crtbegin.o
 .ARM.attributes
                0x0000000000000052       0x34 ./Core/Src/drivers/button_driver.o
 .ARM.attributes
                0x0000000000000086       0x34 ./Core/Src/drivers/led_driver.o
 .ARM.attributes
                0x00000000000000ba       0x34 ./Core/Src/drivers/uart_driver.o
 .ARM.attributes
                0x00000000000000ee       0x34 ./Core/Src/gpio.o
 .ARM.attributes
                0x0000000000000122       0x34 ./Core/Src/main.o
 .ARM.attributes
                0x0000000000000156       0x34 ./Core/Src/stm32f4xx_hal_msp.o
 .ARM.attributes
                0x000000000000018a       0x34 ./Core/Src/stm32f4xx_it.o
 .ARM.attributes
                0x00000000000001be       0x34 ./Core/Src/system_stm32f4xx.o
 .ARM.attributes
                0x00000000000001f2       0x34 ./Core/Src/usart.o
 .ARM.attributes
                0x0000000000000226       0x34 ./Core/Src/traffic_light_logic/command_process.o
 .ARM.attributes
                0x000000000000025a       0x34 ./Core/Src/traffic_light_logic/traffic_light.o
 .ARM.attributes
                0x000000000000028e       0x21 ./Core/Startup/startup_stm32f427vitx.o
 .ARM.attributes
                0x00000000000002af       0x34 ./Drivers/STM32F4xx_HAL_Driver/Src/stm32f4xx_hal.o
 .ARM.attributes
                0x00000000000002e3       0x34 ./Drivers/STM32F4xx_HAL_Driver/Src/stm32f4xx_hal_cortex.o
 .ARM.attributes
                0x0000000000000317       0x34 ./Drivers/STM32F4xx_HAL_Driver/Src/stm32f4xx_hal_dma.o
 .ARM.attributes
                0x000000000000034b       0x34 ./Drivers/STM32F4xx_HAL_Driver/Src/stm32f4xx_hal_gpio.o
 .ARM.attributes
                0x000000000000037f       0x34 ./Drivers/STM32F4xx_HAL_Driver/Src/stm32f4xx_hal_rcc.o
 .ARM.attributes
                0x00000000000003b3       0x34 ./Drivers/STM32F4xx_HAL_Driver/Src/stm32f4xx_hal_uart.o
 .ARM.attributes
                0x00000000000003e7       0x34 /Applications/STM32CubeIDE.app/Contents/Eclipse/plugins/com.st.stm32cube.ide.mcu.externaltools.gnu-tools-for-stm32.10.3-2021.10.macos64_1.0.200.202301161003/tools/bin/../lib/gcc/arm-none-eabi/10.3.1/../../../../arm-none-eabi/lib/thumb/v7e-m+fp/hard/libc_nano.a(lib_a-ctype_.o)
 .ARM.attributes
                0x000000000000041b       0x34 /Applications/STM32CubeIDE.app/Contents/Eclipse/plugins/com.st.stm32cube.ide.mcu.externaltools.gnu-tools-for-stm32.10.3-2021.10.macos64_1.0.200.202301161003/tools/bin/../lib/gcc/arm-none-eabi/10.3.1/../../../../arm-none-eabi/lib/thumb/v7e-m+fp/hard/libc_nano.a(lib_a-init.o)
 .ARM.attributes
                0x000000000000044f       0x34 /Applications/STM32CubeIDE.app/Contents/Eclipse/plugins/com.st.stm32cube.ide.mcu.externaltools.gnu-tools-for-stm32.10.3-2021.10.macos64_1.0.200.202301161003/tools/bin/../lib/gcc/arm-none-eabi/10.3.1/../../../../arm-none-eabi/lib/thumb/v7e-m+fp/hard/libc_nano.a(lib_a-memset.o)
 .ARM.attributes
                0x0000000000000483       0x1c /Applications/STM32CubeIDE.app/Contents/Eclipse/plugins/com.st.stm32cube.ide.mcu.externaltools.gnu-tools-for-stm32.10.3-2021.10.macos64_1.0.200.202301161003/tools/bin/../lib/gcc/arm-none-eabi/10.3.1/../../../../arm-none-eabi/lib/thumb/v7e-m+fp/hard/libc_nano.a(lib_a-strcmp.o)
 .ARM.attributes
                0x000000000000049f       0x1e /Applications/STM32CubeIDE.app/Contents/Eclipse/plugins/com.st.stm32cube.ide.mcu.externaltools.gnu-tools-for-stm32.10.3-2021.10.macos64_1.0.200.202301161003/tools/bin/../lib/gcc/arm-none-eabi/10.3.1/thumb/v7e-m+fp/hard/libgcc.a(_aeabi_uldivmod.o)
 .ARM.attributes
                0x00000000000004bd       0x34 /Applications/STM32CubeIDE.app/Contents/Eclipse/plugins/com.st.stm32cube.ide.mcu.externaltools.gnu-tools-for-stm32.10.3-2021.10.macos64_1.0.200.202301161003/tools/bin/../lib/gcc/arm-none-eabi/10.3.1/thumb/v7e-m+fp/hard/libgcc.a(_udivmoddi4.o)
 .ARM.attributes
                0x00000000000004f1       0x1e /Applications/STM32CubeIDE.app/Contents/Eclipse/plugins/com.st.stm32cube.ide.mcu.externaltools.gnu-tools-for-stm32.10.3-2021.10.macos64_1.0.200.202301161003/tools/bin/../lib/gcc/arm-none-eabi/10.3.1/thumb/v7e-m+fp/hard/libgcc.a(_dvmd_tls.o)
 .ARM.attributes
                0x000000000000050f       0x1e /Applications/STM32CubeIDE.app/Contents/Eclipse/plugins/com.st.stm32cube.ide.mcu.externaltools.gnu-tools-for-stm32.10.3-2021.10.macos64_1.0.200.202301161003/tools/bin/../lib/gcc/arm-none-eabi/10.3.1/thumb/v7e-m+fp/hard/crtn.o
OUTPUT(hello_world.elf elf32-littlearm)
LOAD linker stubs
LOAD /Applications/STM32CubeIDE.app/Contents/Eclipse/plugins/com.st.stm32cube.ide.mcu.externaltools.gnu-tools-for-stm32.10.3-2021.10.macos64_1.0.200.202301161003/tools/bin/../lib/gcc/arm-none-eabi/10.3.1/../../../../arm-none-eabi/lib/thumb/v7e-m+fp/hard/libc.a
LOAD /Applications/STM32CubeIDE.app/Contents/Eclipse/plugins/com.st.stm32cube.ide.mcu.externaltools.gnu-tools-for-stm32.10.3-2021.10.macos64_1.0.200.202301161003/tools/bin/../lib/gcc/arm-none-eabi/10.3.1/../../../../arm-none-eabi/lib/thumb/v7e-m+fp/hard/libm.a
LOAD /Applications/STM32CubeIDE.app/Contents/Eclipse/plugins/com.st.stm32cube.ide.mcu.externaltools.gnu-tools-for-stm32.10.3-2021.10.macos64_1.0.200.202301161003/tools/bin/../lib/gcc/arm-none-eabi/10.3.1/thumb/v7e-m+fp/hard/libgcc.a

.debug_info     0x0000000000000000     0x9f1b
 .debug_info    0x0000000000000000      0x2ed ./Core/Src/drivers/button_driver.o
 .debug_info    0x00000000000002ed      0x262 ./Core/Src/drivers/led_driver.o
 .debug_info    0x000000000000054f      0x980 ./Core/Src/drivers/uart_driver.o
 .debug_info    0x0000000000000ecf      0x48d ./Core/Src/gpio.o
 .debug_info    0x000000000000135c      0x6fb ./Core/Src/main.o
 .debug_info    0x0000000000001a57      0x2c4 ./Core/Src/stm32f4xx_hal_msp.o
 .debug_info    0x0000000000001d1b      0x665 ./Core/Src/stm32f4xx_it.o
 .debug_info    0x0000000000002380      0x53f ./Core/Src/system_stm32f4xx.o
 .debug_info    0x00000000000028bf      0xc5a ./Core/Src/usart.o
 .debug_info    0x0000000000003519      0x126 ./Core/Src/traffic_light_logic/command_process.o
 .debug_info    0x000000000000363f      0x47a ./Core/Src/traffic_light_logic/traffic_light.o
 .debug_info    0x0000000000003ab9       0x22 ./Core/Startup/startup_stm32f427vitx.o
 .debug_info    0x0000000000003adb      0x9e8 ./Drivers/STM32F4xx_HAL_Driver/Src/stm32f4xx_hal.o
 .debug_info    0x00000000000044c3      0xe45 ./Drivers/STM32F4xx_HAL_Driver/Src/stm32f4xx_hal_cortex.o
 .debug_info    0x0000000000005308      0x94f ./Drivers/STM32F4xx_HAL_Driver/Src/stm32f4xx_hal_dma.o
 .debug_info    0x0000000000005c57      0x786 ./Drivers/STM32F4xx_HAL_Driver/Src/stm32f4xx_hal_gpio.o
 .debug_info    0x00000000000063dd      0x982 ./Drivers/STM32F4xx_HAL_Driver/Src/stm32f4xx_hal_rcc.o
 .debug_info    0x0000000000006d5f     0x31bc ./Drivers/STM32F4xx_HAL_Driver/Src/stm32f4xx_hal_uart.o

.debug_abbrev   0x0000000000000000     0x1f24
 .debug_abbrev  0x0000000000000000      0x1b6 ./Core/Src/drivers/button_driver.o
 .debug_abbrev  0x00000000000001b6      0x15f ./Core/Src/drivers/led_driver.o
 .debug_abbrev  0x0000000000000315      0x21b ./Core/Src/drivers/uart_driver.o
 .debug_abbrev  0x0000000000000530      0x146 ./Core/Src/gpio.o
 .debug_abbrev  0x0000000000000676      0x20b ./Core/Src/main.o
 .debug_abbrev  0x0000000000000881       0xd4 ./Core/Src/stm32f4xx_hal_msp.o
 .debug_abbrev  0x0000000000000955      0x166 ./Core/Src/stm32f4xx_it.o
 .debug_abbrev  0x0000000000000abb      0x116 ./Core/Src/system_stm32f4xx.o
 .debug_abbrev  0x0000000000000bd1      0x205 ./Core/Src/usart.o
 .debug_abbrev  0x0000000000000dd6       0xbf ./Core/Src/traffic_light_logic/command_process.o
 .debug_abbrev  0x0000000000000e95      0x19d ./Core/Src/traffic_light_logic/traffic_light.o
 .debug_abbrev  0x0000000000001032       0x12 ./Core/Startup/startup_stm32f427vitx.o
 .debug_abbrev  0x0000000000001044      0x20d ./Drivers/STM32F4xx_HAL_Driver/Src/stm32f4xx_hal.o
 .debug_abbrev  0x0000000000001251      0x316 ./Drivers/STM32F4xx_HAL_Driver/Src/stm32f4xx_hal_cortex.o
 .debug_abbrev  0x0000000000001567      0x25b ./Drivers/STM32F4xx_HAL_Driver/Src/stm32f4xx_hal_dma.o
 .debug_abbrev  0x00000000000017c2      0x1c4 ./Drivers/STM32F4xx_HAL_Driver/Src/stm32f4xx_hal_gpio.o
 .debug_abbrev  0x0000000000001986      0x2aa ./Drivers/STM32F4xx_HAL_Driver/Src/stm32f4xx_hal_rcc.o
 .debug_abbrev  0x0000000000001c30      0x2f4 ./Drivers/STM32F4xx_HAL_Driver/Src/stm32f4xx_hal_uart.o

.debug_aranges  0x0000000000000000      0x808
 .debug_aranges
                0x0000000000000000       0x30 ./Core/Src/drivers/button_driver.o
 .debug_aranges
                0x0000000000000030       0x30 ./Core/Src/drivers/led_driver.o
 .debug_aranges
                0x0000000000000060       0x70 ./Core/Src/drivers/uart_driver.o
 .debug_aranges
                0x00000000000000d0       0x20 ./Core/Src/gpio.o
 .debug_aranges
                0x00000000000000f0       0x30 ./Core/Src/main.o
 .debug_aranges
                0x0000000000000120       0x20 ./Core/Src/stm32f4xx_hal_msp.o
 .debug_aranges
                0x0000000000000140       0x68 ./Core/Src/stm32f4xx_it.o
 .debug_aranges
                0x00000000000001a8       0x28 ./Core/Src/system_stm32f4xx.o
 .debug_aranges
                0x00000000000001d0       0x30 ./Core/Src/usart.o
 .debug_aranges
                0x0000000000000200       0x20 ./Core/Src/traffic_light_logic/command_process.o
 .debug_aranges
                0x0000000000000220       0x38 ./Core/Src/traffic_light_logic/traffic_light.o
 .debug_aranges
                0x0000000000000258       0x28 ./Core/Startup/startup_stm32f427vitx.o
 .debug_aranges
                0x0000000000000280      0x100 ./Drivers/STM32F4xx_HAL_Driver/Src/stm32f4xx_hal.o
 .debug_aranges
                0x0000000000000380      0x118 ./Drivers/STM32F4xx_HAL_Driver/Src/stm32f4xx_hal_cortex.o
 .debug_aranges
                0x0000000000000498       0x90 ./Drivers/STM32F4xx_HAL_Driver/Src/stm32f4xx_hal_dma.o
 .debug_aranges
                0x0000000000000528       0x58 ./Drivers/STM32F4xx_HAL_Driver/Src/stm32f4xx_hal_gpio.o
 .debug_aranges
                0x0000000000000580       0x88 ./Drivers/STM32F4xx_HAL_Driver/Src/stm32f4xx_hal_rcc.o
 .debug_aranges
                0x0000000000000608      0x200 ./Drivers/STM32F4xx_HAL_Driver/Src/stm32f4xx_hal_uart.o

.debug_ranges   0x0000000000000000      0x738
 .debug_ranges  0x0000000000000000       0x20 ./Core/Src/drivers/button_driver.o
 .debug_ranges  0x0000000000000020       0x20 ./Core/Src/drivers/led_driver.o
 .debug_ranges  0x0000000000000040       0x60 ./Core/Src/drivers/uart_driver.o
 .debug_ranges  0x00000000000000a0       0x10 ./Core/Src/gpio.o
 .debug_ranges  0x00000000000000b0       0x20 ./Core/Src/main.o
 .debug_ranges  0x00000000000000d0       0x10 ./Core/Src/stm32f4xx_hal_msp.o
 .debug_ranges  0x00000000000000e0       0x58 ./Core/Src/stm32f4xx_it.o
 .debug_ranges  0x0000000000000138       0x18 ./Core/Src/system_stm32f4xx.o
 .debug_ranges  0x0000000000000150       0x20 ./Core/Src/usart.o
 .debug_ranges  0x0000000000000170       0x10 ./Core/Src/traffic_light_logic/command_process.o
 .debug_ranges  0x0000000000000180       0x40 ./Core/Src/traffic_light_logic/traffic_light.o
 .debug_ranges  0x00000000000001c0       0x20 ./Core/Startup/startup_stm32f427vitx.o
 .debug_ranges  0x00000000000001e0       0xf0 ./Drivers/STM32F4xx_HAL_Driver/Src/stm32f4xx_hal.o
 .debug_ranges  0x00000000000002d0      0x108 ./Drivers/STM32F4xx_HAL_Driver/Src/stm32f4xx_hal_cortex.o
 .debug_ranges  0x00000000000003d8       0x80 ./Drivers/STM32F4xx_HAL_Driver/Src/stm32f4xx_hal_dma.o
 .debug_ranges  0x0000000000000458       0x48 ./Drivers/STM32F4xx_HAL_Driver/Src/stm32f4xx_hal_gpio.o
 .debug_ranges  0x00000000000004a0       0x78 ./Drivers/STM32F4xx_HAL_Driver/Src/stm32f4xx_hal_rcc.o
 .debug_ranges  0x0000000000000518      0x220 ./Drivers/STM32F4xx_HAL_Driver/Src/stm32f4xx_hal_uart.o

.debug_macro    0x0000000000000000    0x22c98
 .debug_macro   0x0000000000000000      0x1d4 ./Core/Src/drivers/button_driver.o
 .debug_macro   0x00000000000001d4      0xa78 ./Core/Src/drivers/button_driver.o
 .debug_macro   0x0000000000000c4c      0x295 ./Core/Src/drivers/button_driver.o
 .debug_macro   0x0000000000000ee1       0x2e ./Core/Src/drivers/button_driver.o
 .debug_macro   0x0000000000000f0f       0x28 ./Core/Src/drivers/button_driver.o
 .debug_macro   0x0000000000000f37       0x22 ./Core/Src/drivers/button_driver.o
 .debug_macro   0x0000000000000f59       0x8e ./Core/Src/drivers/button_driver.o
 .debug_macro   0x0000000000000fe7       0x51 ./Core/Src/drivers/button_driver.o
 .debug_macro   0x0000000000001038      0x103 ./Core/Src/drivers/button_driver.o
 .debug_macro   0x000000000000113b       0x6a ./Core/Src/drivers/button_driver.o
 .debug_macro   0x00000000000011a5      0x1df ./Core/Src/drivers/button_driver.o
 .debug_macro   0x0000000000001384       0x1c ./Core/Src/drivers/button_driver.o
 .debug_macro   0x00000000000013a0       0x22 ./Core/Src/drivers/button_driver.o
 .debug_macro   0x00000000000013c2       0xd9 ./Core/Src/drivers/button_driver.o
 .debug_macro   0x000000000000149b     0x102d ./Core/Src/drivers/button_driver.o
 .debug_macro   0x00000000000024c8      0x11f ./Core/Src/drivers/button_driver.o
 .debug_macro   0x00000000000025e7    0x178a0 ./Core/Src/drivers/button_driver.o
 .debug_macro   0x0000000000019e87       0x6d ./Core/Src/drivers/button_driver.o
 .debug_macro   0x0000000000019ef4     0x36f5 ./Core/Src/drivers/button_driver.o
 .debug_macro   0x000000000001d5e9      0x174 ./Core/Src/drivers/button_driver.o
 .debug_macro   0x000000000001d75d       0x5c ./Core/Src/drivers/button_driver.o
 .debug_macro   0x000000000001d7b9      0xc6d ./Core/Src/drivers/button_driver.o
 .debug_macro   0x000000000001e426      0x9fe ./Core/Src/drivers/button_driver.o
 .debug_macro   0x000000000001ee24      0x115 ./Core/Src/drivers/button_driver.o
 .debug_macro   0x000000000001ef39      0x16f ./Core/Src/drivers/button_driver.o
 .debug_macro   0x000000000001f0a8       0xa5 ./Core/Src/drivers/button_driver.o
 .debug_macro   0x000000000001f14d      0x182 ./Core/Src/drivers/button_driver.o
 .debug_macro   0x000000000001f2cf      0x287 ./Core/Src/drivers/button_driver.o
 .debug_macro   0x000000000001f556       0x5f ./Core/Src/drivers/button_driver.o
 .debug_macro   0x000000000001f5b5      0x236 ./Core/Src/drivers/button_driver.o
 .debug_macro   0x000000000001f7eb      0x132 ./Core/Src/drivers/button_driver.o
 .debug_macro   0x000000000001f91d      0x41d ./Core/Src/drivers/button_driver.o
 .debug_macro   0x000000000001fd3a       0x2e ./Core/Src/drivers/button_driver.o
 .debug_macro   0x000000000001fd68      0x11a ./Core/Src/drivers/button_driver.o
 .debug_macro   0x000000000001fe82       0xe2 ./Core/Src/drivers/button_driver.o
 .debug_macro   0x000000000001ff64       0x89 ./Core/Src/drivers/button_driver.o
 .debug_macro   0x000000000001ffed      0x295 ./Core/Src/drivers/button_driver.o
 .debug_macro   0x0000000000020282      0x134 ./Core/Src/drivers/button_driver.o
 .debug_macro   0x00000000000203b6      0x1ce ./Core/Src/drivers/led_driver.o
 .debug_macro   0x0000000000020584      0x2aa ./Core/Src/drivers/uart_driver.o
 .debug_macro   0x000000000002082e       0x52 ./Core/Src/drivers/uart_driver.o
 .debug_macro   0x0000000000020880       0x1e ./Core/Src/drivers/uart_driver.o
 .debug_macro   0x000000000002089e       0x3c ./Core/Src/drivers/uart_driver.o
 .debug_macro   0x00000000000208da       0x34 ./Core/Src/drivers/uart_driver.o
 .debug_macro   0x000000000002090e       0x16 ./Core/Src/drivers/uart_driver.o
 .debug_macro   0x0000000000020924       0x43 ./Core/Src/drivers/uart_driver.o
 .debug_macro   0x0000000000020967       0x34 ./Core/Src/drivers/uart_driver.o
 .debug_macro   0x000000000002099b       0x10 ./Core/Src/drivers/uart_driver.o
 .debug_macro   0x00000000000209ab       0x58 ./Core/Src/drivers/uart_driver.o
 .debug_macro   0x0000000000020a03       0x71 ./Core/Src/drivers/uart_driver.o
 .debug_macro   0x0000000000020a74       0x1c ./Core/Src/drivers/uart_driver.o
 .debug_macro   0x0000000000020a90      0x12a ./Core/Src/drivers/uart_driver.o
 .debug_macro   0x0000000000020bba      0x341 ./Core/Src/drivers/uart_driver.o
 .debug_macro   0x0000000000020efb       0x10 ./Core/Src/drivers/uart_driver.o
 .debug_macro   0x0000000000020f0b       0x35 ./Core/Src/drivers/uart_driver.o
 .debug_macro   0x0000000000020f40       0x20 ./Core/Src/drivers/uart_driver.o
 .debug_macro   0x0000000000020f60      0x11f ./Core/Src/drivers/uart_driver.o
 .debug_macro   0x000000000002107f       0x1c ./Core/Src/drivers/uart_driver.o
 .debug_macro   0x000000000002109b      0x1ce ./Core/Src/gpio.o
 .debug_macro   0x0000000000021269      0x2ed ./Core/Src/main.o
 .debug_macro   0x0000000000021556       0x10 ./Core/Src/main.o
 .debug_macro   0x0000000000021566       0x28 ./Core/Src/main.o
 .debug_macro   0x000000000002158e       0x34 ./Core/Src/main.o
 .debug_macro   0x00000000000215c2      0x1c4 ./Core/Src/stm32f4xx_hal_msp.o
 .debug_macro   0x0000000000021786      0x1ce ./Core/Src/stm32f4xx_it.o
 .debug_macro   0x0000000000021954      0x1ba ./Core/Src/system_stm32f4xx.o
 .debug_macro   0x0000000000021b0e      0x1ce ./Core/Src/usart.o
 .debug_macro   0x0000000000021cdc      0x2b4 ./Core/Src/traffic_light_logic/command_process.o
 .debug_macro   0x0000000000021f90      0x1f9 ./Core/Src/traffic_light_logic/traffic_light.o
 .debug_macro   0x0000000000022189       0x22 ./Core/Src/traffic_light_logic/traffic_light.o
 .debug_macro   0x00000000000221ab      0x21a ./Drivers/STM32F4xx_HAL_Driver/Src/stm32f4xx_hal.o
 .debug_macro   0x00000000000223c5      0x1ba ./Drivers/STM32F4xx_HAL_Driver/Src/stm32f4xx_hal_cortex.o
 .debug_macro   0x000000000002257f      0x1c0 ./Drivers/STM32F4xx_HAL_Driver/Src/stm32f4xx_hal_dma.o
 .debug_macro   0x000000000002273f      0x1c0 ./Drivers/STM32F4xx_HAL_Driver/Src/stm32f4xx_hal_gpio.o
 .debug_macro   0x00000000000228ff      0x1de ./Drivers/STM32F4xx_HAL_Driver/Src/stm32f4xx_hal_rcc.o
 .debug_macro   0x0000000000022add      0x1bb ./Drivers/STM32F4xx_HAL_Driver/Src/stm32f4xx_hal_uart.o

.debug_line     0x0000000000000000     0xbf9b
 .debug_line    0x0000000000000000      0x77c ./Core/Src/drivers/button_driver.o
 .debug_line    0x000000000000077c      0x70f ./Core/Src/drivers/led_driver.o
 .debug_line    0x0000000000000e8b      0xa74 ./Core/Src/drivers/uart_driver.o
 .debug_line    0x00000000000018ff      0x6d8 ./Core/Src/gpio.o
 .debug_line    0x0000000000001fd7      0x948 ./Core/Src/main.o
 .debug_line    0x000000000000291f      0x6be ./Core/Src/stm32f4xx_hal_msp.o
 .debug_line    0x0000000000002fdd      0x799 ./Core/Src/stm32f4xx_it.o
 .debug_line    0x0000000000003776      0x740 ./Core/Src/system_stm32f4xx.o
 .debug_line    0x0000000000003eb6      0x72b ./Core/Src/usart.o
 .debug_line    0x00000000000045e1      0x8e3 ./Core/Src/traffic_light_logic/command_process.o
 .debug_line    0x0000000000004ec4      0x867 ./Core/Src/traffic_light_logic/traffic_light.o
 .debug_line    0x000000000000572b       0x88 ./Core/Startup/startup_stm32f427vitx.o
 .debug_line    0x00000000000057b3      0x9dc ./Drivers/STM32F4xx_HAL_Driver/Src/stm32f4xx_hal.o
 .debug_line    0x000000000000618f      0xc55 ./Drivers/STM32F4xx_HAL_Driver/Src/stm32f4xx_hal_cortex.o
 .debug_line    0x0000000000006de4      0xf0a ./Drivers/STM32F4xx_HAL_Driver/Src/stm32f4xx_hal_dma.o
 .debug_line    0x0000000000007cee      0xb42 ./Drivers/STM32F4xx_HAL_Driver/Src/stm32f4xx_hal_gpio.o
 .debug_line    0x0000000000008830      0xd20 ./Drivers/STM32F4xx_HAL_Driver/Src/stm32f4xx_hal_rcc.o
 .debug_line    0x0000000000009550     0x2a4b ./Drivers/STM32F4xx_HAL_Driver/Src/stm32f4xx_hal_uart.o

.debug_str      0x0000000000000000    0xcef62
 .debug_str     0x0000000000000000    0xc8edc ./Core/Src/drivers/button_driver.o
                                      0xc9164 (size before relaxing)
 .debug_str     0x00000000000c8edc       0x5f ./Core/Src/drivers/led_driver.o
                                      0xc90c3 (size before relaxing)
 .debug_str     0x00000000000c8f3b     0x3cb1 ./Core/Src/drivers/uart_driver.o
                                      0xccd2a (size before relaxing)
 .debug_str     0x00000000000ccbec      0x181 ./Core/Src/gpio.o
                                      0xc91fc (size before relaxing)
 .debug_str     0x00000000000ccd6d      0x33f ./Core/Src/main.o
                                      0xccca2 (size before relaxing)
 .debug_str     0x00000000000cd0ac       0x2c ./Core/Src/stm32f4xx_hal_msp.o
                                      0xc9131 (size before relaxing)
 .debug_str     0x00000000000cd0d8       0xef ./Core/Src/stm32f4xx_it.o
                                      0xc952c (size before relaxing)
 .debug_str     0x00000000000cd1c7       0xdb ./Core/Src/system_stm32f4xx.o
                                      0xc91e1 (size before relaxing)
 .debug_str     0x00000000000cd2a2      0x5cf ./Core/Src/usart.o
                                      0xc9c12 (size before relaxing)
 .debug_str     0x00000000000cd871       0x4c ./Core/Src/traffic_light_logic/command_process.o
                                      0xcc752 (size before relaxing)
 .debug_str     0x00000000000cd8bd      0x14b ./Core/Src/traffic_light_logic/traffic_light.o
                                      0xc9418 (size before relaxing)
 .debug_str     0x00000000000cda08       0x36 ./Core/Startup/startup_stm32f427vitx.o
                                         0x71 (size before relaxing)
 .debug_str     0x00000000000cda3e      0x646 ./Drivers/STM32F4xx_HAL_Driver/Src/stm32f4xx_hal.o
                                      0xc9ded (size before relaxing)
 .debug_str     0x00000000000ce084      0x32d ./Drivers/STM32F4xx_HAL_Driver/Src/stm32f4xx_hal_cortex.o
                                      0xc9ad2 (size before relaxing)
 .debug_str     0x00000000000ce3b1      0x328 ./Drivers/STM32F4xx_HAL_Driver/Src/stm32f4xx_hal_dma.o
                                      0xc95e8 (size before relaxing)
 .debug_str     0x00000000000ce6d9      0x110 ./Drivers/STM32F4xx_HAL_Driver/Src/stm32f4xx_hal_gpio.o
                                      0xc935c (size before relaxing)
 .debug_str     0x00000000000ce7e9      0x233 ./Drivers/STM32F4xx_HAL_Driver/Src/stm32f4xx_hal_rcc.o
                                      0xc9615 (size before relaxing)
 .debug_str     0x00000000000cea1c      0x546 ./Drivers/STM32F4xx_HAL_Driver/Src/stm32f4xx_hal_uart.o
                                      0xc9ba1 (size before relaxing)

.comment        0x0000000000000000       0x50
 .comment       0x0000000000000000       0x50 ./Core/Src/drivers/button_driver.o
                                         0x51 (size before relaxing)
 .comment       0x0000000000000050       0x51 ./Core/Src/drivers/led_driver.o
 .comment       0x0000000000000050       0x51 ./Core/Src/drivers/uart_driver.o
 .comment       0x0000000000000050       0x51 ./Core/Src/gpio.o
 .comment       0x0000000000000050       0x51 ./Core/Src/main.o
 .comment       0x0000000000000050       0x51 ./Core/Src/stm32f4xx_hal_msp.o
 .comment       0x0000000000000050       0x51 ./Core/Src/stm32f4xx_it.o
 .comment       0x0000000000000050       0x51 ./Core/Src/system_stm32f4xx.o
 .comment       0x0000000000000050       0x51 ./Core/Src/usart.o
 .comment       0x0000000000000050       0x51 ./Core/Src/traffic_light_logic/command_process.o
 .comment       0x0000000000000050       0x51 ./Core/Src/traffic_light_logic/traffic_light.o
 .comment       0x0000000000000050       0x51 ./Drivers/STM32F4xx_HAL_Driver/Src/stm32f4xx_hal.o
 .comment       0x0000000000000050       0x51 ./Drivers/STM32F4xx_HAL_Driver/Src/stm32f4xx_hal_cortex.o
 .comment       0x0000000000000050       0x51 ./Drivers/STM32F4xx_HAL_Driver/Src/stm32f4xx_hal_dma.o
 .comment       0x0000000000000050       0x51 ./Drivers/STM32F4xx_HAL_Driver/Src/stm32f4xx_hal_gpio.o
 .comment       0x0000000000000050       0x51 ./Drivers/STM32F4xx_HAL_Driver/Src/stm32f4xx_hal_rcc.o
 .comment       0x0000000000000050       0x51 ./Drivers/STM32F4xx_HAL_Driver/Src/stm32f4xx_hal_uart.o

.debug_frame    0x0000000000000000     0x1dfc
 .debug_frame   0x0000000000000000       0x7c ./Core/Src/drivers/button_driver.o
 .debug_frame   0x000000000000007c       0x80 ./Core/Src/drivers/led_driver.o
 .debug_frame   0x00000000000000fc      0x1a0 ./Core/Src/drivers/uart_driver.o
 .debug_frame   0x000000000000029c       0x34 ./Core/Src/gpio.o
 .debug_frame   0x00000000000002d0       0x68 ./Core/Src/main.o
 .debug_frame   0x0000000000000338       0x38 ./Core/Src/stm32f4xx_hal_msp.o
 .debug_frame   0x0000000000000370      0x120 ./Core/Src/stm32f4xx_it.o
 .debug_frame   0x0000000000000490       0x58 ./Core/Src/system_stm32f4xx.o
 .debug_frame   0x00000000000004e8       0x74 ./Core/Src/usart.o
 .debug_frame   0x000000000000055c       0x34 ./Core/Src/traffic_light_logic/command_process.o
 .debug_frame   0x0000000000000590       0x98 ./Core/Src/traffic_light_logic/traffic_light.o
 .debug_frame   0x0000000000000628      0x3b4 ./Drivers/STM32F4xx_HAL_Driver/Src/stm32f4xx_hal.o
 .debug_frame   0x00000000000009dc      0x498 ./Drivers/STM32F4xx_HAL_Driver/Src/stm32f4xx_hal_cortex.o
 .debug_frame   0x0000000000000e74      0x250 ./Drivers/STM32F4xx_HAL_Driver/Src/stm32f4xx_hal_dma.o
 .debug_frame   0x00000000000010c4      0x14c ./Drivers/STM32F4xx_HAL_Driver/Src/stm32f4xx_hal_gpio.o
 .debug_frame   0x0000000000001210      0x1f4 ./Drivers/STM32F4xx_HAL_Driver/Src/stm32f4xx_hal_rcc.o
 .debug_frame   0x0000000000001404      0x92c ./Drivers/STM32F4xx_HAL_Driver/Src/stm32f4xx_hal_uart.o
 .debug_frame   0x0000000000001d30       0x2c /Applications/STM32CubeIDE.app/Contents/Eclipse/plugins/com.st.stm32cube.ide.mcu.externaltools.gnu-tools-for-stm32.10.3-2021.10.macos64_1.0.200.202301161003/tools/bin/../lib/gcc/arm-none-eabi/10.3.1/../../../../arm-none-eabi/lib/thumb/v7e-m+fp/hard/libc_nano.a(lib_a-init.o)
 .debug_frame   0x0000000000001d5c       0x20 /Applications/STM32CubeIDE.app/Contents/Eclipse/plugins/com.st.stm32cube.ide.mcu.externaltools.gnu-tools-for-stm32.10.3-2021.10.macos64_1.0.200.202301161003/tools/bin/../lib/gcc/arm-none-eabi/10.3.1/../../../../arm-none-eabi/lib/thumb/v7e-m+fp/hard/libc_nano.a(lib_a-memset.o)
 .debug_frame   0x0000000000001d7c       0x20 /Applications/STM32CubeIDE.app/Contents/Eclipse/plugins/com.st.stm32cube.ide.mcu.externaltools.gnu-tools-for-stm32.10.3-2021.10.macos64_1.0.200.202301161003/tools/bin/../lib/gcc/arm-none-eabi/10.3.1/../../../../arm-none-eabi/lib/thumb/v7e-m+fp/hard/libc_nano.a(lib_a-strcmp.o)
 .debug_frame   0x0000000000001d9c       0x2c /Applications/STM32CubeIDE.app/Contents/Eclipse/plugins/com.st.stm32cube.ide.mcu.externaltools.gnu-tools-for-stm32.10.3-2021.10.macos64_1.0.200.202301161003/tools/bin/../lib/gcc/arm-none-eabi/10.3.1/thumb/v7e-m+fp/hard/libgcc.a(_aeabi_uldivmod.o)
 .debug_frame   0x0000000000001dc8       0x34 /Applications/STM32CubeIDE.app/Contents/Eclipse/plugins/com.st.stm32cube.ide.mcu.externaltools.gnu-tools-for-stm32.10.3-2021.10.macos64_1.0.200.202301161003/tools/bin/../lib/gcc/arm-none-eabi/10.3.1/thumb/v7e-m+fp/hard/libgcc.a(_udivmoddi4.o)
