Archive member included to satisfy reference by file (symbol)

/Applications/STM32CubeIDE.app/Contents/Eclipse/plugins/com.st.stm32cube.ide.mcu.externaltools.gnu-tools-for-stm32.10.3-2021.10.macos64_1.0.200.202301161003/tools/bin/../lib/gcc/arm-none-eabi/10.3.1/../../../../arm-none-eabi/lib/thumb/v7e-m+fp/hard/libc_nano.a(lib_a-atoi.o)
                              ./Core/Src/traffic_light_logic/command_process.o (atoi)
/Applications/STM32CubeIDE.app/Contents/Eclipse/plugins/com.st.stm32cube.ide.mcu.externaltools.gnu-tools-for-stm32.10.3-2021.10.macos64_1.0.200.202301161003/tools/bin/../lib/gcc/arm-none-eabi/10.3.1/../../../../arm-none-eabi/lib/thumb/v7e-m+fp/hard/libc_nano.a(lib_a-ctype_.o)
                              ./Core/Src/drivers/uart_driver.o (_ctype_)
/Applications/STM32CubeIDE.app/Contents/Eclipse/plugins/com.st.stm32cube.ide.mcu.externaltools.gnu-tools-for-stm32.10.3-2021.10.macos64_1.0.200.202301161003/tools/bin/../lib/gcc/arm-none-eabi/10.3.1/../../../../arm-none-eabi/lib/thumb/v7e-m+fp/hard/libc_nano.a(lib_a-errno.o)
                              ./Core/Src/syscalls.o (__errno)
/Applications/STM32CubeIDE.app/Contents/Eclipse/plugins/com.st.stm32cube.ide.mcu.externaltools.gnu-tools-for-stm32.10.3-2021.10.macos64_1.0.200.202301161003/tools/bin/../lib/gcc/arm-none-eabi/10.3.1/../../../../arm-none-eabi/lib/thumb/v7e-m+fp/hard/libc_nano.a(lib_a-exit.o)
                              /Applications/STM32CubeIDE.app/Contents/Eclipse/plugins/com.st.stm32cube.ide.mcu.externaltools.gnu-tools-for-stm32.10.3-2021.10.macos64_1.0.200.202301161003/tools/bin/../lib/gcc/arm-none-eabi/10.3.1/../../../../arm-none-eabi/lib/thumb/v7e-m+fp/hard/crt0.o (exit)
/Applications/STM32CubeIDE.app/Contents/Eclipse/plugins/com.st.stm32cube.ide.mcu.externaltools.gnu-tools-for-stm32.10.3-2021.10.macos64_1.0.200.202301161003/tools/bin/../lib/gcc/arm-none-eabi/10.3.1/../../../../arm-none-eabi/lib/thumb/v7e-m+fp/hard/libc_nano.a(lib_a-impure.o)
                              /Applications/STM32CubeIDE.app/Contents/Eclipse/plugins/com.st.stm32cube.ide.mcu.externaltools.gnu-tools-for-stm32.10.3-2021.10.macos64_1.0.200.202301161003/tools/bin/../lib/gcc/arm-none-eabi/10.3.1/../../../../arm-none-eabi/lib/thumb/v7e-m+fp/hard/libc_nano.a(lib_a-exit.o) (_global_impure_ptr)
/Applications/STM32CubeIDE.app/Contents/Eclipse/plugins/com.st.stm32cube.ide.mcu.externaltools.gnu-tools-for-stm32.10.3-2021.10.macos64_1.0.200.202301161003/tools/bin/../lib/gcc/arm-none-eabi/10.3.1/../../../../arm-none-eabi/lib/thumb/v7e-m+fp/hard/libc_nano.a(lib_a-init.o)
                              /Applications/STM32CubeIDE.app/Contents/Eclipse/plugins/com.st.stm32cube.ide.mcu.externaltools.gnu-tools-for-stm32.10.3-2021.10.macos64_1.0.200.202301161003/tools/bin/../lib/gcc/arm-none-eabi/10.3.1/../../../../arm-none-eabi/lib/thumb/v7e-m+fp/hard/crt0.o (__libc_init_array)
/Applications/STM32CubeIDE.app/Contents/Eclipse/plugins/com.st.stm32cube.ide.mcu.externaltools.gnu-tools-for-stm32.10.3-2021.10.macos64_1.0.200.202301161003/tools/bin/../lib/gcc/arm-none-eabi/10.3.1/../../../../arm-none-eabi/lib/thumb/v7e-m+fp/hard/libc_nano.a(lib_a-memset.o)
                              /Applications/STM32CubeIDE.app/Contents/Eclipse/plugins/com.st.stm32cube.ide.mcu.externaltools.gnu-tools-for-stm32.10.3-2021.10.macos64_1.0.200.202301161003/tools/bin/../lib/gcc/arm-none-eabi/10.3.1/../../../../arm-none-eabi/lib/thumb/v7e-m+fp/hard/crt0.o (memset)
/Applications/STM32CubeIDE.app/Contents/Eclipse/plugins/com.st.stm32cube.ide.mcu.externaltools.gnu-tools-for-stm32.10.3-2021.10.macos64_1.0.200.202301161003/tools/bin/../lib/gcc/arm-none-eabi/10.3.1/../../../../arm-none-eabi/lib/thumb/v7e-m+fp/hard/libc_nano.a(lib_a-snprintf.o)
                              ./Core/Src/traffic_light_logic/command_process.o (snprintf)
/Applications/STM32CubeIDE.app/Contents/Eclipse/plugins/com.st.stm32cube.ide.mcu.externaltools.gnu-tools-for-stm32.10.3-2021.10.macos64_1.0.200.202301161003/tools/bin/../lib/gcc/arm-none-eabi/10.3.1/../../../../arm-none-eabi/lib/thumb/v7e-m+fp/hard/libc_nano.a(lib_a-sprintf.o)
                              ./Core/Src/main.o (sprintf)
/Applications/STM32CubeIDE.app/Contents/Eclipse/plugins/com.st.stm32cube.ide.mcu.externaltools.gnu-tools-for-stm32.10.3-2021.10.macos64_1.0.200.202301161003/tools/bin/../lib/gcc/arm-none-eabi/10.3.1/../../../../arm-none-eabi/lib/thumb/v7e-m+fp/hard/libc_nano.a(lib_a-sscanf.o)
                              ./Core/Src/traffic_light_logic/command_process.o (sscanf)
/Applications/STM32CubeIDE.app/Contents/Eclipse/plugins/com.st.stm32cube.ide.mcu.externaltools.gnu-tools-for-stm32.10.3-2021.10.macos64_1.0.200.202301161003/tools/bin/../lib/gcc/arm-none-eabi/10.3.1/../../../../arm-none-eabi/lib/thumb/v7e-m+fp/hard/libc_nano.a(lib_a-stdio.o)
[...]
Memory Configuration

Name             Origin             Length             Attributes
CCMRAM           0x0000000010000000 0x0000000000010000 xrw
RAM              0x0000000020000000 0x0000000000030000 xrw
FLASH            0x0000000008000000 0x0000000000200000 xr
*default*        0x0000000000000000 0xffffffffffffffff

Linker script and memory map

LOAD /Applications/STM32CubeIDE.app/Contents/Eclipse/plugins/com.st.stm32cube.ide.mcu.externaltools.gnu-tools-for-stm32.10.3-2021.10.macos64_1.0.200.202301161003/tools/bin/../lib/gcc/arm-none-eabi/10.3.1/thumb/v7e-m+fp/hard/crti.o
LOAD /Applications/STM32CubeIDE.app/Contents/Eclipse/plugins/com.st.stm32cube.ide.mcu.externaltools.gnu-tools-for-stm32.10.3-2021.10.macos64_1.0.200.202301161003/tools/bin/../lib/gcc/arm-none-eabi/10.3.1/thumb/v7e-m+fp/hard/crtbegin.o
LOAD /Applications/STM32CubeIDE.app/Contents/Eclipse/plugins/com.st.stm32cube.ide.mcu.externaltools.gnu-tools-for-stm32.10.3-2021.10.macos64_1.0.200.202301161003/tools/bin/../lib/gcc/arm-none-eabi/10.3.1/../../../../arm-none-eabi/lib/thumb/v7e-m+fp/hard/crt0.o
LOAD ./Core/Src/drivers/button_driver.o
LOAD ./Core/Src/drivers/keyboard_driver.o
LOAD ./Core/Src/drivers/led_driver.o
LOAD ./Core/Src/drivers/pca9538_driver.o
LOAD ./Core/Src/drivers/uart_driver.o
LOAD ./Core/Src/gpio.o
LOAD ./Core/Src/i2c.o
LOAD ./Core/Src/main.o
LOAD ./Core/Src/stm32f4xx_hal_msp.o
LOAD ./Core/Src/stm32f4xx_it.o
LOAD ./Core/Src/syscalls.o
LOAD ./Core/Src/sysmem.o
LOAD ./Core/Src/system_stm32f4xx.o
LOAD ./Core/Src/tim.o
LOAD ./Core/Src/usart.o
LOAD ./Core/Src/music/notes_handler.o
LOAD ./Core/Src/music/operating_mode.o
LOAD ./Core/Src/traffic_light_logic/command_process.o
LOAD ./Core/Src/traffic_light_logic/traffic_light.o
LOAD ./Core/Startup/startup_stm32f427vitx.o
LOAD ./Drivers/STM32F4xx_HAL_Driver/Src/stm32f4xx_hal.o
LOAD ./Drivers/STM32F4xx_HAL_Driver/Src/stm32f4xx_hal_cortex.o
LOAD ./Drivers/STM32F4xx_HAL_Driver/Src/stm32f4xx_hal_dma.o
LOAD ./Drivers/STM32F4xx_HAL_Driver/Src/stm32f4xx_hal_dma_ex.o
LOAD ./Drivers/STM32F4xx_HAL_Driver/Src/stm32f4xx_hal_exti.o
LOAD ./Drivers/STM32F4xx_HAL_Driver/Src/stm32f4xx_hal_flash.o
LOAD ./Drivers/STM32F4xx_HAL_Driver/Src/stm32f4xx_hal_flash_ex.o
LOAD ./Drivers/STM32F4xx_HAL_Driver/Src/stm32f4xx_hal_flash_ramfunc.o
LOAD ./Drivers/STM32F4xx_HAL_Driver/Src/stm32f4xx_hal_gpio.o
LOAD ./Drivers/STM32F4xx_HAL_Driver/Src/stm32f4xx_hal_i2c.o
LOAD ./Drivers/STM32F4xx_HAL_Driver/Src/stm32f4xx_hal_i2c_ex.o
LOAD ./Drivers/STM32F4xx_HAL_Driver/Src/stm32f4xx_hal_pwr.o
LOAD ./Drivers/STM32F4xx_HAL_Driver/Src/stm32f4xx_hal_pwr_ex.o
LOAD ./Drivers/STM32F4xx_HAL_Driver/Src/stm32f4xx_hal_rcc.o
LOAD ./Drivers/STM32F4xx_HAL_Driver/Src/stm32f4xx_hal_rcc_ex.o
LOAD ./Drivers/STM32F4xx_HAL_Driver/Src/stm32f4xx_hal_tim.o
LOAD ./Drivers/STM32F4xx_HAL_Driver/Src/stm32f4xx_hal_tim_ex.o
LOAD ./Drivers/STM32F4xx_HAL_Driver/Src/stm32f4xx_hal_uart.o
START GROUP
LOAD /Applications/STM32CubeIDE.app/Contents/Eclipse/plugins/com.st.stm32cube.ide.mcu.externaltools.gnu-tools-for-stm32.10.3-2021.10.macos64_1.0.200.202301161003/tools/bin/../lib/gcc/arm-none-eabi/10.3.1/../../../../arm-none-eabi/lib/thumb/v7e-m+fp/hard/libc_nano.a
LOAD /Applications/STM32CubeIDE.app/Contents/Eclipse/plugins/com.st.stm32cube.ide.mcu.externaltools.gnu-tools-for-stm32.10.3-2021.10.macos64_1.0.200.202301161003/tools/bin/../lib/gcc/arm-none-eabi/10.3.1/../../../../arm-none-eabi/lib/thumb/v7e-m+fp/hard/libm.a
END GROUP
START GROUP
LOAD /Applications/STM32CubeIDE.app/Contents/Eclipse/plugins/com.st.stm32cube.ide.mcu.externaltools.gnu-tools-for-stm32.10.3-2021.10.macos64_1.0.200.202301161003/tools/bin/../lib/gcc/arm-none-eabi/10.3.1/thumb/v7e-m+fp/hard/libgcc.a
LOAD /Applications/STM32CubeIDE.app/Contents/Eclipse/plugins/com.st.stm32cube.ide.mcu.externaltools.gnu-tools-for-stm32.10.3-2021.10.macos64_1.0.200.202301161003/tools/bin/../lib/gcc/arm-none-eabi/10.3.1/../../../../arm-none-eabi/lib/thumb/v7e-m+fp/hard/libc_nano.a
END GROUP
START GROUP
LOAD /Applications/STM32CubeIDE.app/Contents/Eclipse/plugins/com.st.stm32cube.ide.mcu.externaltools.gnu-tools-for-stm32.10.3-2021.10.macos64_1.0.200.202301161003/tools/bin/../lib/gcc/arm-none-eabi/10.3.1/thumb/v7e-m+fp/hard/libgcc.a
LOAD /Applications/STM32CubeIDE.app/Contents/Eclipse/plugins/com.st.stm32cube.ide.mcu.externaltools.gnu-tools-for-stm32.10.3-2021.10.macos64_1.0.200.202301161003/tools/bin/../lib/gcc/arm-none-eabi/10.3.1/../../../../arm-none-eabi/lib/thumb/v7e-m+fp/hard/libc_nano.a
LOAD /Applications/STM32CubeIDE.app/Contents/Eclipse/plugins/com.st.stm32cube.ide.mcu.externaltools.gnu-tools-for-stm32.10.3-2021.10.macos64_1.0.200.202301161003/tools/bin/../lib/gcc/arm-none-eabi/10.3.1/../../../../arm-none-eabi/lib/thumb/v7e-m+fp/hard/libnosys.a
END GROUP
START GROUP
LOAD /Applications/STM32CubeIDE.app/Contents/Eclipse/plugins/com.st.stm32cube.ide.mcu.externaltools.gnu-tools-for-stm32.10.3-2021.10.macos64_1.0.200.202301161003/tools/bin/../lib/gcc/arm-none-eabi/10.3.1/thumb/v7e-m+fp/hard/libgcc.a
LOAD /Applications/STM32CubeIDE.app/Contents/Eclipse/plugins/com.st.stm32cube.ide.mcu.externaltools.gnu-tools-for-stm32.10.3-2021.10.macos64_1.0.200.202301161003/tools/bin/../lib/gcc/arm-none-eabi/10.3.1/../../../../arm-none-eabi/lib/thumb/v7e-m+fp/hard/libc_nano.a
LOAD /Applications/STM32CubeIDE.app/Contents/Eclipse/plugins/com.st.stm32cube.ide.mcu.externaltools.gnu-tools-for-stm32.10.3-2021.10.macos64_1.0.200.202301161003/tools/bin/../lib/gcc/arm-none-eabi/10.3.1/../../../../arm-none-eabi/lib/thumb/v7e-m+fp/hard/libnosys.a
END GROUP
LOAD /Applications/STM32CubeIDE.app/Contents/Eclipse/plugins/com.st.stm32cube.ide.mcu.externaltools.gnu-tools-for-stm32.10.3-2021.10.macos64_1.0.200.202301161003/tools/bin/../lib/gcc/arm-none-eabi/10.3.1/thumb/v7e-m+fp/hard/crtend.o
LOAD /Applications/STM32CubeIDE.app/Contents/Eclipse/plugins/com.st.stm32cube.ide.mcu.externaltools.gnu-tools-for-stm32.10.3-2021.10.macos64_1.0.200.202301161003/tools/bin/../lib/gcc/arm-none-eabi/10.3.1/thumb/v7e-m+fp/hard/crtn.o
                0x0000000020030000                _estack = (ORIGIN (RAM) + LENGTH (RAM))
                0x0000000000000200                _Min_Heap_Size = 0x200
                0x0000000000000400                _Min_Stack_Size = 0x400

.isr_vector     0x0000000008000000      0x1ac
                0x0000000008000000                . = ALIGN (0x4)
 *(.isr_vector)
 .isr_vector    0x0000000008000000      0x1ac ./Core/Startup/startup_stm32f427vitx.o
                0x0000000008000000                g_pfnVectors
                0x00000000080001ac                . = ALIGN (0x4)

.text           0x00000000080001b0     0x5d60
                0x00000000080001b0                . = ALIGN (0x4)
 *(.text)
 .text          0x00000000080001b0       0x40 /Applications/STM32CubeIDE.app/Contents/Eclipse/plugins/com.st.stm32cube.ide.mcu.externaltools.gnu-tools-for-stm32.10.3-2021.10.macos64_1.0.200.202301161003/tools/bin/../lib/gcc/arm-none-eabi/10.3.1/thumb/v7e-m+fp/hard/crtbegin.o
 .text          0x00000000080001f0       0xa0 /Applications/STM32CubeIDE.app/Contents/Eclipse/plugins/com.st.stm32cube.ide.mcu.externaltools.gnu-tools-for-stm32.10.3-2021.10.macos64_1.0.200.202301161003/tools/bin/../lib/gcc/arm-none-eabi/10.3.1/../../../../arm-none-eabi/lib/thumb/v7e-m+fp/hard/libc_nano.a(lib_a-memchr.o)
                0x00000000080001f0                memchr
 .text          0x0000000008000290       0x30 /Applications/STM32CubeIDE.app/Contents/Eclipse/plugins/com.st.stm32cube.ide.mcu.externaltools.gnu-tools-for-stm32.10.3-2021.10.macos64_1.0.200.202301161003/tools/bin/../lib/gcc/arm-none-eabi/10.3.1/thumb/v7e-m+fp/hard/libgcc.a(_aeabi_uldivmod.o)
                0x0000000008000290                __aeabi_uldivmod
 .text          0x00000000080002c0      0x2d0 /Applications/STM32CubeIDE.app/Contents/Eclipse/plugins/com.st.stm32cube.ide.mcu.externaltools.gnu-tools-for-stm32.10.3-2021.10.macos64_1.0.200.202301161003/tools/bin/../lib/gcc/arm-none-eabi/10.3.1/thumb/v7e-m+fp/hard/libgcc.a(_udivmoddi4.o)
                0x00000000080002c0                __udivmoddi4
 .text          0x0000000008000590        0x4 /Applications/STM32CubeIDE.app/Contents/Eclipse/plugins/com.st.stm32cube.ide.mcu.externaltools.gnu-tools-for-stm32.10.3-2021.10.macos64_1.0.200.202301161003/tools/bin/../lib/gcc/arm-none-eabi/10.3.1/thumb/v7e-m+fp/hard/libgcc.a(_dvmd_tls.o)
                0x0000000008000590                __aeabi_ldiv0
                0x0000000008000590                __aeabi_idiv0
 *(.text*)
 .text.button_init
                0x0000000008000594       0x4c ./Core/Src/drivers/button_driver.o
                0x0000000008000594                button_init
 .text.button_process
                0x00000000080005e0       0x8c ./Core/Src/drivers/button_driver.o
                0x00000000080005e0                button_process
 .text.button_is_pressed
                0x000000000800066c       0x2a ./Core/Src/drivers/button_driver.o
                0x000000000800066c                button_is_pressed
 .text.keyboard_init
                0x0000000008000696       0x3c ./Core/Src/drivers/keyboard_driver.o
                0x0000000008000696                keyboard_init
 *fill*         0x00000000080006d2        0x2 
 .text.keyboard_get_raw
                0x00000000080006d4       0xcc ./Core/Src/drivers/keyboard_driver.o
                0x00000000080006d4                keyboard_get_raw
 .text.keyboard_update
                0x00000000080007a0       0x70 ./Core/Src/drivers/keyboard_driver.o
                0x00000000080007a0                keyboard_update
 .text.PCA9538_Read_Register
                0x0000000008000810       0x38 ./Core/Src/drivers/pca9538_driver.o
                0x0000000008000810                PCA9538_Read_Register
 .text.PCA9538_Write_Register
                0x0000000008000848       0x38 ./Core/Src/drivers/pca9538_driver.o
                0x0000000008000848                PCA9538_Write_Register
 .text.PCA9538_Read_Inputs
                0x0000000008000880       0x22 ./Core/Src/drivers/pca9538_driver.o
                0x0000000008000880                PCA9538_Read_Inputs
 .text.PCA9538_Write_Config
                0x00000000080008a2       0x22 ./Core/Src/drivers/pca9538_driver.o
                0x00000000080008a2                PCA9538_Write_Config
 .text.PCA9538_Write_Polarity
                0x00000000080008c4       0x22 ./Core/Src/drivers/pca9538_driver.o
                0x00000000080008c4                PCA9538_Write_Polarity
 .text.PCA9538_Write_Output
                0x00000000080008e6       0x22 ./Core/Src/drivers/pca9538_driver.o
                0x00000000080008e6                PCA9538_Write_Output
 .text.uart_critical_enter
                0x0000000008000908       0x22 ./Core/Src/drivers/uart_driver.o
 .text.uart_critical_exit
                0x000000000800092a       0x20 ./Core/Src/drivers/uart_driver.o
 *fill*         0x000000000800094a        0x2 
 .text.uart_transmit_char
                0x000000000800094c       0xe0 ./Core/Src/drivers/uart_driver.o
                0x000000000800094c                uart_transmit_char
 .text.uart_transmit_string
                0x0000000008000a2c       0x2a ./Core/Src/drivers/uart_driver.o
                0x0000000008000a2c                uart_transmit_string
 *fill*         0x0000000008000a56        0x2 
 .text.uart_transmitln_string
                0x0000000008000a58       0x20 ./Core/Src/drivers/uart_driver.o
                0x0000000008000a58                uart_transmitln_string
 .text.HAL_UART_RxCpltCallback
                0x0000000008000a78       0x98 ./Core/Src/drivers/uart_driver.o
                0x0000000008000a78                HAL_UART_RxCpltCallback
 .text.HAL_UART_TxCpltCallback
                0x0000000008000b10       0x84 ./Core/Src/drivers/uart_driver.o
                0x0000000008000b10                HAL_UART_TxCpltCallback
 .text.MX_GPIO_Init
                0x0000000008000b94      0x118 ./Core/Src/gpio.o
                0x0000000008000b94                MX_GPIO_Init
 .text.MX_I2C1_Init
                0x0000000008000cac       0x80 ./Core/Src/i2c.o
                0x0000000008000cac                MX_I2C1_Init
 .text.HAL_I2C_MspInit
                0x0000000008000d2c       0x90 ./Core/Src/i2c.o
                0x0000000008000d2c                HAL_I2C_MspInit
 .text.main     0x0000000008000dbc       0x26 ./Core/Src/main.o
                0x0000000008000dbc                main
 *fill*         0x0000000008000de2        0x2 
 .text.SystemClock_Config
                0x0000000008000de4       0xd8 ./Core/Src/main.o
                0x0000000008000de4                SystemClock_Config
 .text.Error_Handler
                0x0000000008000ebc        0xa ./Core/Src/main.o
                0x0000000008000ebc                Error_Handler
 *fill*         0x0000000008000ec6        0x2 
 .text.HAL_MspInit
                0x0000000008000ec8       0x50 ./Core/Src/stm32f4xx_hal_msp.o
                0x0000000008000ec8                HAL_MspInit
 .text.NMI_Handler
                0x0000000008000f18        0x6 ./Core/Src/stm32f4xx_it.o
                0x0000000008000f18                NMI_Handler
 .text.HardFault_Handler
                0x0000000008000f1e        0x6 ./Core/Src/stm32f4xx_it.o
                0x0000000008000f1e                HardFault_Handler
 .text.MemManage_Handler
                0x0000000008000f24        0x6 ./Core/Src/stm32f4xx_it.o
                0x0000000008000f24                MemManage_Handler
 .text.BusFault_Handler
                0x0000000008000f2a        0x6 ./Core/Src/stm32f4xx_it.o
                0x0000000008000f2a                BusFault_Handler
 .text.UsageFault_Handler
                0x0000000008000f30        0x6 ./Core/Src/stm32f4xx_it.o
                0x0000000008000f30                UsageFault_Handler
 .text.SVC_Handler
                0x0000000008000f36        0xe ./Core/Src/stm32f4xx_it.o
                0x0000000008000f36                SVC_Handler
 .text.DebugMon_Handler
                0x0000000008000f44        0xe ./Core/Src/stm32f4xx_it.o
                0x0000000008000f44                DebugMon_Handler
 .text.PendSV_Handler
                0x0000000008000f52        0xe ./Core/Src/stm32f4xx_it.o
                0x0000000008000f52                PendSV_Handler
 .text.SysTick_Handler
                0x0000000008000f60        0xc ./Core/Src/stm32f4xx_it.o
                0x0000000008000f60                SysTick_Handler
 .text.USART6_IRQHandler
                0x0000000008000f6c       0x14 ./Core/Src/stm32f4xx_it.o
                0x0000000008000f6c                USART6_IRQHandler
 .text._sbrk    0x0000000008000f80       0x6c ./Core/Src/sysmem.o
                0x0000000008000f80                _sbrk
 .text.SystemInit
                0x0000000008000fec       0x24 ./Core/Src/system_stm32f4xx.o
                0x0000000008000fec                SystemInit
 .text.MX_TIM1_Init
                0x0000000008001010      0x108 ./Core/Src/tim.o
                0x0000000008001010                MX_TIM1_Init
 .text.HAL_TIM_PWM_MspInit
                0x0000000008001118       0x44 ./Core/Src/tim.o
                0x0000000008001118                HAL_TIM_PWM_MspInit
 .text.HAL_TIM_MspPostInit
                0x000000000800115c       0x74 ./Core/Src/tim.o
                0x000000000800115c                HAL_TIM_MspPostInit
 .text.MX_USART6_UART_Init
                0x00000000080011d0       0x54 ./Core/Src/usart.o
                0x00000000080011d0                MX_USART6_UART_Init
 .text.HAL_UART_MspInit
                0x0000000008001224       0xa0 ./Core/Src/usart.o
                0x0000000008001224                HAL_UART_MspInit
 .text.notes_handler
                0x00000000080012c4       0x2c ./Core/Src/music/notes_handler.o
                0x00000000080012c4                notes_handler
 .text.notes_handle_key
                0x00000000080012f0       0xc4 ./Core/Src/music/notes_handler.o
                0x00000000080012f0                notes_handle_key
 .text.log_note_info
                0x00000000080013b4       0x5c ./Core/Src/music/notes_handler.o
                0x00000000080013b4                log_note_info
 .text.change_octava
                0x0000000008001410       0xf4 ./Core/Src/music/notes_handler.o
                0x0000000008001410                change_octava
 .text.harmony_cancel
                0x0000000008001504       0x20 ./Core/Src/music/notes_handler.o
                0x0000000008001504                harmony_cancel
 .text.play_harmony_start
                0x0000000008001524       0x70 ./Core/Src/music/notes_handler.o
                0x0000000008001524                play_harmony_start
 .text.play_harmony_update
                0x0000000008001594       0xa0 ./Core/Src/music/notes_handler.o
                0x0000000008001594                play_harmony_update
 .text.change_duration
                0x0000000008001634       0xb8 ./Core/Src/music/notes_handler.o
                0x0000000008001634                change_duration
 .text.tone_update
                0x00000000080016ec       0x30 ./Core/Src/music/notes_handler.o
                0x00000000080016ec                tone_update
 .text.tone_stop
                0x000000000800171c       0x24 ./Core/Src/music/notes_handler.o
                0x000000000800171c                tone_stop
 .text.tone_start
                0x0000000008001740       0x60 ./Core/Src/music/notes_handler.o
                0x0000000008001740                tone_start
 .text.project_init
                0x00000000080017a0       0x3c ./Core/Src/music/operating_mode.o
                0x00000000080017a0                project_init
 .text.handle_operating_mode
                0x00000000080017dc       0x98 ./Core/Src/music/operating_mode.o
                0x00000000080017dc                handle_operating_mode
 .text.key_handler
                0x0000000008001874       0x44 ./Core/Src/music/operating_mode.o
                0x0000000008001874                key_handler
 .text.Reset_Handler
                0x00000000080018b8       0x50 ./Core/Startup/startup_stm32f427vitx.o
                0x00000000080018b8                Reset_Handler
 .text.Default_Handler
                0x0000000008001908        0x2 ./Core/Startup/startup_stm32f427vitx.o
                0x0000000008001908                DMA1_Stream3_IRQHandler
                0x0000000008001908                HASH_RNG_IRQHandler
                0x0000000008001908                EXTI2_IRQHandler
                0x0000000008001908                TIM8_CC_IRQHandler
                0x0000000008001908                UART8_IRQHandler
                0x0000000008001908                SPI4_IRQHandler
                0x0000000008001908                TIM1_CC_IRQHandler
                0x0000000008001908                DMA2_Stream5_IRQHandler
                0x0000000008001908                DMA1_Stream5_IRQHandler
                0x0000000008001908                PVD_IRQHandler
                0x0000000008001908                SDIO_IRQHandler
                0x0000000008001908                TAMP_STAMP_IRQHandler
                0x0000000008001908                CAN2_RX1_IRQHandler
                0x0000000008001908                EXTI3_IRQHandler
                0x0000000008001908                TIM8_TRG_COM_TIM14_IRQHandler
                0x0000000008001908                TIM1_UP_TIM10_IRQHandler
                0x0000000008001908                TIM8_UP_TIM13_IRQHandler
                0x0000000008001908                I2C3_ER_IRQHandler
                0x0000000008001908                EXTI0_IRQHandler
                0x0000000008001908                I2C2_EV_IRQHandler
                0x0000000008001908                DMA1_Stream2_IRQHandler
                0x0000000008001908                CAN1_RX0_IRQHandler
                0x0000000008001908                FPU_IRQHandler
                0x0000000008001908                OTG_HS_WKUP_IRQHandler
                0x0000000008001908                CAN2_SCE_IRQHandler
                0x0000000008001908                DMA2_Stream2_IRQHandler
                0x0000000008001908                SPI1_IRQHandler
                0x0000000008001908                TIM6_DAC_IRQHandler
                0x0000000008001908                TIM1_BRK_TIM9_IRQHandler
                0x0000000008001908                DCMI_IRQHandler
                0x0000000008001908                CAN2_RX0_IRQHandler
                0x0000000008001908                DMA2_Stream3_IRQHandler
                0x0000000008001908                USART3_IRQHandler
                0x0000000008001908                CAN1_RX1_IRQHandler
                0x0000000008001908                UART5_IRQHandler
                0x0000000008001908                DMA2_Stream0_IRQHandler
                0x0000000008001908                TIM4_IRQHandler
                0x0000000008001908                I2C1_EV_IRQHandler
                0x0000000008001908                DMA1_Stream6_IRQHandler
                0x0000000008001908                DMA1_Stream1_IRQHandler
                0x0000000008001908                UART4_IRQHandler
                0x0000000008001908                TIM3_IRQHandler
                0x0000000008001908                RCC_IRQHandler
                0x0000000008001908                TIM8_BRK_TIM12_IRQHandler
                0x0000000008001908                Default_Handler
                0x0000000008001908                EXTI15_10_IRQHandler
                0x0000000008001908                ADC_IRQHandler
                0x0000000008001908                DMA1_Stream7_IRQHandler
                0x0000000008001908                SPI5_IRQHandler
                0x0000000008001908                TIM7_IRQHandler
                0x0000000008001908                CAN2_TX_IRQHandler
                0x0000000008001908                TIM5_IRQHandler
                0x0000000008001908                DMA2_Stream7_IRQHandler
                0x0000000008001908                I2C3_EV_IRQHandler
                0x0000000008001908                EXTI9_5_IRQHandler
                0x0000000008001908                RTC_WKUP_IRQHandler
                0x0000000008001908                ETH_WKUP_IRQHandler
                0x0000000008001908                SPI2_IRQHandler
                0x0000000008001908                OTG_HS_EP1_IN_IRQHandler
                0x0000000008001908                DMA1_Stream0_IRQHandler
                0x0000000008001908                CAN1_TX_IRQHandler
                0x0000000008001908                EXTI4_IRQHandler
                0x0000000008001908                ETH_IRQHandler
                0x0000000008001908                OTG_HS_EP1_OUT_IRQHandler
                0x0000000008001908                WWDG_IRQHandler
                0x0000000008001908                SPI6_IRQHandler
                0x0000000008001908                TIM2_IRQHandler
                0x0000000008001908                OTG_FS_WKUP_IRQHandler
                0x0000000008001908                TIM1_TRG_COM_TIM11_IRQHandler
                0x0000000008001908                OTG_HS_IRQHandler
                0x0000000008001908                DMA2D_IRQHandler
                0x0000000008001908                EXTI1_IRQHandler
                0x0000000008001908                UART7_IRQHandler
                0x0000000008001908                USART2_IRQHandler
                0x0000000008001908                I2C2_ER_IRQHandler
                0x0000000008001908                DMA2_Stream1_IRQHandler
                0x0000000008001908                CAN1_SCE_IRQHandler
                0x0000000008001908                FLASH_IRQHandler
                0x0000000008001908                DMA2_Stream4_IRQHandler
                0x0000000008001908                USART1_IRQHandler
                0x0000000008001908                OTG_FS_IRQHandler
                0x0000000008001908                SPI3_IRQHandler
                0x0000000008001908                DMA1_Stream4_IRQHandler
                0x0000000008001908                I2C1_ER_IRQHandler
                0x0000000008001908                FMC_IRQHandler
                0x0000000008001908                DMA2_Stream6_IRQHandler
                0x0000000008001908                SAI1_IRQHandler
                0x0000000008001908                RTC_Alarm_IRQHandler
 *fill*         0x000000000800190a        0x2 
 .text.HAL_Init
                0x000000000800190c       0x44 ./Drivers/STM32F4xx_HAL_Driver/Src/stm32f4xx_hal.o
                0x000000000800190c                HAL_Init
 .text.HAL_InitTick
                0x0000000008001950       0x60 ./Drivers/STM32F4xx_HAL_Driver/Src/stm32f4xx_hal.o
                0x0000000008001950                HAL_InitTick
 .text.HAL_IncTick
                0x00000000080019b0       0x28 ./Drivers/STM32F4xx_HAL_Driver/Src/stm32f4xx_hal.o
                0x00000000080019b0                HAL_IncTick
 .text.HAL_GetTick
                0x00000000080019d8       0x18 ./Drivers/STM32F4xx_HAL_Driver/Src/stm32f4xx_hal.o
                0x00000000080019d8                HAL_GetTick
 .text.__NVIC_SetPriorityGrouping
                0x00000000080019f0       0x48 ./Drivers/STM32F4xx_HAL_Driver/Src/stm32f4xx_hal_cortex.o
 .text.__NVIC_GetPriorityGrouping
                0x0000000008001a38       0x1c ./Drivers/STM32F4xx_HAL_Driver/Src/stm32f4xx_hal_cortex.o
 .text.__NVIC_EnableIRQ
                0x0000000008001a54       0x3c ./Drivers/STM32F4xx_HAL_Driver/Src/stm32f4xx_hal_cortex.o
 .text.__NVIC_SetPriority
                0x0000000008001a90       0x54 ./Drivers/STM32F4xx_HAL_Driver/Src/stm32f4xx_hal_cortex.o
 .text.NVIC_EncodePriority
                0x0000000008001ae4       0x66 ./Drivers/STM32F4xx_HAL_Driver/Src/stm32f4xx_hal_cortex.o
 *fill*         0x0000000008001b4a        0x2 
 .text.SysTick_Config
                0x0000000008001b4c       0x44 ./Drivers/STM32F4xx_HAL_Driver/Src/stm32f4xx_hal_cortex.o
 .text.HAL_NVIC_SetPriorityGrouping
                0x0000000008001b90       0x16 ./Drivers/STM32F4xx_HAL_Driver/Src/stm32f4xx_hal_cortex.o
                0x0000000008001b90                HAL_NVIC_SetPriorityGrouping
 .text.HAL_NVIC_SetPriority
                0x0000000008001ba6       0x38 ./Drivers/STM32F4xx_HAL_Driver/Src/stm32f4xx_hal_cortex.o
                0x0000000008001ba6                HAL_NVIC_SetPriority
 .text.HAL_NVIC_EnableIRQ
                0x0000000008001bde       0x1c ./Drivers/STM32F4xx_HAL_Driver/Src/stm32f4xx_hal_cortex.o
                0x0000000008001bde                HAL_NVIC_EnableIRQ
 .text.HAL_SYSTICK_Config
                0x0000000008001bfa       0x18 ./Drivers/STM32F4xx_HAL_Driver/Src/stm32f4xx_hal_cortex.o
                0x0000000008001bfa                HAL_SYSTICK_Config
 .text.HAL_DMA_Abort
                0x0000000008001c12       0xe0 ./Drivers/STM32F4xx_HAL_Driver/Src/stm32f4xx_hal_dma.o
                0x0000000008001c12                HAL_DMA_Abort
 .text.HAL_DMA_Abort_IT
                0x0000000008001cf2       0x44 ./Drivers/STM32F4xx_HAL_Driver/Src/stm32f4xx_hal_dma.o
                0x0000000008001cf2                HAL_DMA_Abort_IT
 *fill*         0x0000000008001d36        0x2 
 .text.HAL_GPIO_Init
                0x0000000008001d38      0x358 ./Drivers/STM32F4xx_HAL_Driver/Src/stm32f4xx_hal_gpio.o
                0x0000000008001d38                HAL_GPIO_Init
 .text.HAL_GPIO_ReadPin
                0x0000000008002090       0x30 ./Drivers/STM32F4xx_HAL_Driver/Src/stm32f4xx_hal_gpio.o
                0x0000000008002090                HAL_GPIO_ReadPin
 .text.HAL_GPIO_WritePin
                0x00000000080020c0       0x32 ./Drivers/STM32F4xx_HAL_Driver/Src/stm32f4xx_hal_gpio.o
                0x00000000080020c0                HAL_GPIO_WritePin
 *fill*         0x00000000080020f2        0x2 
 .text.HAL_I2C_Init
                0x00000000080020f4      0x288 ./Drivers/STM32F4xx_HAL_Driver/Src/stm32f4xx_hal_i2c.o
                0x00000000080020f4                HAL_I2C_Init
 .text.HAL_I2C_Mem_Write
                0x000000000800237c      0x1f4 ./Drivers/STM32F4xx_HAL_Driver/Src/stm32f4xx_hal_i2c.o
                0x000000000800237c                HAL_I2C_Mem_Write
 .text.HAL_I2C_Mem_Read
                0x0000000008002570      0x44c ./Drivers/STM32F4xx_HAL_Driver/Src/stm32f4xx_hal_i2c.o
                0x0000000008002570                HAL_I2C_Mem_Read
 .text.I2C_RequestMemoryWrite
                0x00000000080029bc      0x12c ./Drivers/STM32F4xx_HAL_Driver/Src/stm32f4xx_hal_i2c.o
 .text.I2C_RequestMemoryRead
                0x0000000008002ae8      0x1d0 ./Drivers/STM32F4xx_HAL_Driver/Src/stm32f4xx_hal_i2c.o
 .text.I2C_WaitOnFlagUntilTimeout
                0x0000000008002cb8       0xae ./Drivers/STM32F4xx_HAL_Driver/Src/stm32f4xx_hal_i2c.o
 .text.I2C_WaitOnMasterAddressFlagUntilTimeout
                0x0000000008002d66       0xfe ./Drivers/STM32F4xx_HAL_Driver/Src/stm32f4xx_hal_i2c.o
 .text.I2C_WaitOnTXEFlagUntilTimeout
                0x0000000008002e64       0x82 ./Drivers/STM32F4xx_HAL_Driver/Src/stm32f4xx_hal_i2c.o
 .text.I2C_WaitOnBTFFlagUntilTimeout
                0x0000000008002ee6       0x82 ./Drivers/STM32F4xx_HAL_Driver/Src/stm32f4xx_hal_i2c.o
 .text.I2C_WaitOnRXNEFlagUntilTimeout
                0x0000000008002f68       0xac ./Drivers/STM32F4xx_HAL_Driver/Src/stm32f4xx_hal_i2c.o
 .text.I2C_IsAcknowledgeFailed
                0x0000000008003014       0x5e ./Drivers/STM32F4xx_HAL_Driver/Src/stm32f4xx_hal_i2c.o
 .text.HAL_I2CEx_ConfigAnalogFilter
                0x0000000008003072       0x78 ./Drivers/STM32F4xx_HAL_Driver/Src/stm32f4xx_hal_i2c_ex.o
                0x0000000008003072                HAL_I2CEx_ConfigAnalogFilter
 .text.HAL_I2CEx_ConfigDigitalFilter
                0x00000000080030ea       0x7e ./Drivers/STM32F4xx_HAL_Driver/Src/stm32f4xx_hal_i2c_ex.o
                0x00000000080030ea                HAL_I2CEx_ConfigDigitalFilter
 .text.HAL_RCC_OscConfig
                0x0000000008003168      0x4f0 ./Drivers/STM32F4xx_HAL_Driver/Src/stm32f4xx_hal_rcc.o
                0x0000000008003168                HAL_RCC_OscConfig
 .text.HAL_RCC_ClockConfig
                0x0000000008003658      0x1cc ./Drivers/STM32F4xx_HAL_Driver/Src/stm32f4xx_hal_rcc.o
                0x0000000008003658                HAL_RCC_ClockConfig
 .text.HAL_RCC_GetSysClockFreq
                0x0000000008003824      0x18c ./Drivers/STM32F4xx_HAL_Driver/Src/stm32f4xx_hal_rcc.o
                0x0000000008003824                HAL_RCC_GetSysClockFreq
 .text.HAL_RCC_GetHCLKFreq
                0x00000000080039b0       0x18 ./Drivers/STM32F4xx_HAL_Driver/Src/stm32f4xx_hal_rcc.o
                0x00000000080039b0                HAL_RCC_GetHCLKFreq
 .text.HAL_RCC_GetPCLK1Freq
                0x00000000080039c8       0x28 ./Drivers/STM32F4xx_HAL_Driver/Src/stm32f4xx_hal_rcc.o
                0x00000000080039c8                HAL_RCC_GetPCLK1Freq
 .text.HAL_RCC_GetPCLK2Freq
                0x00000000080039f0       0x28 ./Drivers/STM32F4xx_HAL_Driver/Src/stm32f4xx_hal_rcc.o
                0x00000000080039f0                HAL_RCC_GetPCLK2Freq
 .text.HAL_TIM_PWM_Init
                0x0000000008003a18       0x9e ./Drivers/STM32F4xx_HAL_Driver/Src/stm32f4xx_hal_tim.o
                0x0000000008003a18                HAL_TIM_PWM_Init
 *fill*         0x0000000008003ab6        0x2 
 .text.HAL_TIM_PWM_Start
                0x0000000008003ab8      0x190 ./Drivers/STM32F4xx_HAL_Driver/Src/stm32f4xx_hal_tim.o
                0x0000000008003ab8                HAL_TIM_PWM_Start
 .text.HAL_TIM_PWM_ConfigChannel
                0x0000000008003c48      0x184 ./Drivers/STM32F4xx_HAL_Driver/Src/stm32f4xx_hal_tim.o
                0x0000000008003c48                HAL_TIM_PWM_ConfigChannel
 .text.TIM_Base_SetConfig
                0x0000000008003dcc      0x140 ./Drivers/STM32F4xx_HAL_Driver/Src/stm32f4xx_hal_tim.o
                0x0000000008003dcc                TIM_Base_SetConfig
 .text.TIM_OC1_SetConfig
                0x0000000008003f0c       0xe0 ./Drivers/STM32F4xx_HAL_Driver/Src/stm32f4xx_hal_tim.o
 .text.TIM_OC2_SetConfig
                0x0000000008003fec       0xec ./Drivers/STM32F4xx_HAL_Driver/Src/stm32f4xx_hal_tim.o
                0x0000000008003fec                TIM_OC2_SetConfig
 .text.TIM_OC3_SetConfig
                0x00000000080040d8       0xe8 ./Drivers/STM32F4xx_HAL_Driver/Src/stm32f4xx_hal_tim.o
 .text.TIM_OC4_SetConfig
                0x00000000080041c0       0xac ./Drivers/STM32F4xx_HAL_Driver/Src/stm32f4xx_hal_tim.o
 .text.TIM_CCxChannelCmd
                0x000000000800426c       0x4a ./Drivers/STM32F4xx_HAL_Driver/Src/stm32f4xx_hal_tim.o
                0x000000000800426c                TIM_CCxChannelCmd
 *fill*         0x00000000080042b6        0x2 
 .text.HAL_TIMEx_MasterConfigSynchronization
                0x00000000080042b8       0xf8 ./Drivers/STM32F4xx_HAL_Driver/Src/stm32f4xx_hal_tim_ex.o
                0x00000000080042b8                HAL_TIMEx_MasterConfigSynchronization
 .text.HAL_TIMEx_ConfigBreakDeadTime
                0x00000000080043b0       0xa4 ./Drivers/STM32F4xx_HAL_Driver/Src/stm32f4xx_hal_tim_ex.o
                0x00000000080043b0                HAL_TIMEx_ConfigBreakDeadTime
 .text.HAL_UART_Init
                0x0000000008004454       0x9a ./Drivers/STM32F4xx_HAL_Driver/Src/stm32f4xx_hal_uart.o
                0x0000000008004454                HAL_UART_Init
 .text.HAL_UART_Transmit
                0x00000000080044ee      0x124 ./Drivers/STM32F4xx_HAL_Driver/Src/stm32f4xx_hal_uart.o
                0x00000000080044ee                HAL_UART_Transmit
 .text.HAL_UART_Transmit_IT
                0x0000000008004612       0x8a ./Drivers/STM32F4xx_HAL_Driver/Src/stm32f4xx_hal_uart.o
                0x0000000008004612                HAL_UART_Transmit_IT
 .text.HAL_UART_Receive_IT
                0x000000000800469c       0x60 ./Drivers/STM32F4xx_HAL_Driver/Src/stm32f4xx_hal_uart.o
                0x000000000800469c                HAL_UART_Receive_IT
 .text.HAL_UART_IRQHandler
                0x00000000080046fc      0x51c ./Drivers/STM32F4xx_HAL_Driver/Src/stm32f4xx_hal_uart.o
                0x00000000080046fc                HAL_UART_IRQHandler
 .text.HAL_UART_ErrorCallback
                0x0000000008004c18       0x14 ./Drivers/STM32F4xx_HAL_Driver/Src/stm32f4xx_hal_uart.o
                0x0000000008004c18                HAL_UART_ErrorCallback
 .text.HAL_UARTEx_RxEventCallback
                0x0000000008004c2c       0x18 ./Drivers/STM32F4xx_HAL_Driver/Src/stm32f4xx_hal_uart.o
                0x0000000008004c2c                HAL_UARTEx_RxEventCallback
 .text.UART_WaitOnFlagUntilTimeout
                0x0000000008004c44       0xdc ./Drivers/STM32F4xx_HAL_Driver/Src/stm32f4xx_hal_uart.o
 .text.UART_Start_Receive_IT
                0x0000000008004d20       0x7c ./Drivers/STM32F4xx_HAL_Driver/Src/stm32f4xx_hal_uart.o
                0x0000000008004d20                UART_Start_Receive_IT
 .text.UART_EndRxTransfer
                0x0000000008004d9c       0xc6 ./Drivers/STM32F4xx_HAL_Driver/Src/stm32f4xx_hal_uart.o
 .text.UART_DMAAbortOnError
                0x0000000008004e62       0x28 ./Drivers/STM32F4xx_HAL_Driver/Src/stm32f4xx_hal_uart.o
 .text.UART_Transmit_IT
                0x0000000008004e8a       0xa0 ./Drivers/STM32F4xx_HAL_Driver/Src/stm32f4xx_hal_uart.o
 .text.UART_EndTransmit_IT
                0x0000000008004f2a       0x30 ./Drivers/STM32F4xx_HAL_Driver/Src/stm32f4xx_hal_uart.o
 .text.UART_Receive_IT
                0x0000000008004f5a      0x176 ./Drivers/STM32F4xx_HAL_Driver/Src/stm32f4xx_hal_uart.o
 .text.UART_SetConfig
                0x00000000080050d0      0x4e8 ./Drivers/STM32F4xx_HAL_Driver/Src/stm32f4xx_hal_uart.o
 .text.__errno  0x00000000080055b8        0xc /Applications/STM32CubeIDE.app/Contents/Eclipse/plugins/com.st.stm32cube.ide.mcu.externaltools.gnu-tools-for-stm32.10.3-2021.10.macos64_1.0.200.202301161003/tools/bin/../lib/gcc/arm-none-eabi/10.3.1/../../../../arm-none-eabi/lib/thumb/v7e-m+fp/hard/libc_nano.a(lib_a-errno.o)
                0x00000000080055b8                __errno
 .text.__libc_init_array
                0x00000000080055c4       0x48 /Applications/STM32CubeIDE.app/Contents/Eclipse/plugins/com.st.stm32cube.ide.mcu.externaltools.gnu-tools-for-stm32.10.3-2021.10.macos64_1.0.200.202301161003/tools/bin/../lib/gcc/arm-none-eabi/10.3.1/../../../../arm-none-eabi/lib/thumb/v7e-m+fp/hard/libc_nano.a(lib_a-init.o)
                0x00000000080055c4                __libc_init_array
 .text.memset   0x000000000800560c       0x10 /Applications/STM32CubeIDE.app/Contents/Eclipse/plugins/com.st.stm32cube.ide.mcu.externaltools.gnu-tools-for-stm32.10.3-2021.10.macos64_1.0.200.202301161003/tools/bin/../lib/gcc/arm-none-eabi/10.3.1/../../../../arm-none-eabi/lib/thumb/v7e-m+fp/hard/libc_nano.a(lib_a-memset.o)
                0x000000000800560c                memset
 .text.sprintf  0x000000000800561c       0x40 /Applications/STM32CubeIDE.app/Contents/Eclipse/plugins/com.st.stm32cube.ide.mcu.externaltools.gnu-tools-for-stm32.10.3-2021.10.macos64_1.0.200.202301161003/tools/bin/../lib/gcc/arm-none-eabi/10.3.1/../../../../arm-none-eabi/lib/thumb/v7e-m+fp/hard/libc_nano.a(lib_a-sprintf.o)
                0x000000000800561c                sprintf
                0x000000000800561c                siprintf
 .text.__ssputs_r
                0x000000000800565c       0xb6 /Applications/STM32CubeIDE.app/Contents/Eclipse/plugins/com.st.stm32cube.ide.mcu.externaltools.gnu-tools-for-stm32.10.3-2021.10.macos64_1.0.200.202301161003/tools/bin/../lib/gcc/arm-none-eabi/10.3.1/../../../../arm-none-eabi/lib/thumb/v7e-m+fp/hard/libc_nano.a(lib_a-nano-svfprintf.o)
                0x000000000800565c                __ssputs_r
 *fill*         0x0000000008005712        0x2 
 .text._svfprintf_r
                0x0000000008005714      0x200 /Applications/STM32CubeIDE.app/Contents/Eclipse/plugins/com.st.stm32cube.ide.mcu.externaltools.gnu-tools-for-stm32.10.3-2021.10.macos64_1.0.200.202301161003/tools/bin/../lib/gcc/arm-none-eabi/10.3.1/../../../../arm-none-eabi/lib/thumb/v7e-m+fp/hard/libc_nano.a(lib_a-nano-svfprintf.o)
                0x0000000008005714                _svfprintf_r
                0x0000000008005714                _svfiprintf_r
 .text._printf_common
                0x0000000008005914       0xda /Applications/STM32CubeIDE.app/Contents/Eclipse/plugins/com.st.stm32cube.ide.mcu.externaltools.gnu-tools-for-stm32.10.3-2021.10.macos64_1.0.200.202301161003/tools/bin/../lib/gcc/arm-none-eabi/10.3.1/../../../../arm-none-eabi/lib/thumb/v7e-m+fp/hard/libc_nano.a(lib_a-nano-vfprintf_i.o)
                0x0000000008005914                _printf_common
 *fill*         0x00000000080059ee        0x2 
 .text._printf_i
                0x00000000080059f0      0x24c /Applications/STM32CubeIDE.app/Contents/Eclipse/plugins/com.st.stm32cube.ide.mcu.externaltools.gnu-tools-for-stm32.10.3-2021.10.macos64_1.0.200.202301161003/tools/bin/../lib/gcc/arm-none-eabi/10.3.1/../../../../arm-none-eabi/lib/thumb/v7e-m+fp/hard/libc_nano.a(lib_a-nano-vfprintf_i.o)
                0x00000000080059f0                _printf_i
 .text.__retarget_lock_acquire_recursive
                0x0000000008005c3c        0x2 /Applications/STM32CubeIDE.app/Contents/Eclipse/plugins/com.st.stm32cube.ide.mcu.externaltools.gnu-tools-for-stm32.10.3-2021.10.macos64_1.0.200.202301161003/tools/bin/../lib/gcc/arm-none-eabi/10.3.1/../../../../arm-none-eabi/lib/thumb/v7e-m+fp/hard/libc_nano.a(lib_a-lock.o)
                0x0000000008005c3c                __retarget_lock_acquire_recursive
 .text.__retarget_lock_release_recursive
                0x0000000008005c3e        0x2 /Applications/STM32CubeIDE.app/Contents/Eclipse/plugins/com.st.stm32cube.ide.mcu.externaltools.gnu-tools-for-stm32.10.3-2021.10.macos64_1.0.200.202301161003/tools/bin/../lib/gcc/arm-none-eabi/10.3.1/../../../../arm-none-eabi/lib/thumb/v7e-m+fp/hard/libc_nano.a(lib_a-lock.o)
                0x0000000008005c3e                __retarget_lock_release_recursive
 .text.memcpy   0x0000000008005c40       0x1c /Applications/STM32CubeIDE.app/Contents/Eclipse/plugins/com.st.stm32cube.ide.mcu.externaltools.gnu-tools-for-stm32.10.3-2021.10.macos64_1.0.200.202301161003/tools/bin/../lib/gcc/arm-none-eabi/10.3.1/../../../../arm-none-eabi/lib/thumb/v7e-m+fp/hard/libc_nano.a(lib_a-memcpy-stub.o)
                0x0000000008005c40                memcpy
 .text.memmove  0x0000000008005c5c       0x34 /Applications/STM32CubeIDE.app/Contents/Eclipse/plugins/com.st.stm32cube.ide.mcu.externaltools.gnu-tools-for-stm32.10.3-2021.10.macos64_1.0.200.202301161003/tools/bin/../lib/gcc/arm-none-eabi/10.3.1/../../../../arm-none-eabi/lib/thumb/v7e-m+fp/hard/libc_nano.a(lib_a-memmove.o)
                0x0000000008005c5c                memmove
 .text._free_r  0x0000000008005c90       0x98 /Applications/STM32CubeIDE.app/Contents/Eclipse/plugins/com.st.stm32cube.ide.mcu.externaltools.gnu-tools-for-stm32.10.3-2021.10.macos64_1.0.200.202301161003/tools/bin/../lib/gcc/arm-none-eabi/10.3.1/../../../../arm-none-eabi/lib/thumb/v7e-m+fp/hard/libc_nano.a(lib_a-nano-freer.o)
                0x0000000008005c90                _free_r
 .text.sbrk_aligned
                0x0000000008005d28       0x40 /Applications/STM32CubeIDE.app/Contents/Eclipse/plugins/com.st.stm32cube.ide.mcu.externaltools.gnu-tools-for-stm32.10.3-2021.10.macos64_1.0.200.202301161003/tools/bin/../lib/gcc/arm-none-eabi/10.3.1/../../../../arm-none-eabi/lib/thumb/v7e-m+fp/hard/libc_nano.a(lib_a-nano-mallocr.o)
 .text._malloc_r
                0x0000000008005d68       0xe8 /Applications/STM32CubeIDE.app/Contents/Eclipse/plugins/com.st.stm32cube.ide.mcu.externaltools.gnu-tools-for-stm32.10.3-2021.10.macos64_1.0.200.202301161003/tools/bin/../lib/gcc/arm-none-eabi/10.3.1/../../../../arm-none-eabi/lib/thumb/v7e-m+fp/hard/libc_nano.a(lib_a-nano-mallocr.o)
                0x0000000008005d68                _malloc_r
 .text._realloc_r
                0x0000000008005e50       0x5e /Applications/STM32CubeIDE.app/Contents/Eclipse/plugins/com.st.stm32cube.ide.mcu.externaltools.gnu-tools-for-stm32.10.3-2021.10.macos64_1.0.200.202301161003/tools/bin/../lib/gcc/arm-none-eabi/10.3.1/../../../../arm-none-eabi/lib/thumb/v7e-m+fp/hard/libc_nano.a(lib_a-nano-reallocr.o)
                0x0000000008005e50                _realloc_r
 *fill*         0x0000000008005eae        0x2 
 .text._sbrk_r  0x0000000008005eb0       0x20 /Applications/STM32CubeIDE.app/Contents/Eclipse/plugins/com.st.stm32cube.ide.mcu.externaltools.gnu-tools-for-stm32.10.3-2021.10.macos64_1.0.200.202301161003/tools/bin/../lib/gcc/arm-none-eabi/10.3.1/../../../../arm-none-eabi/lib/thumb/v7e-m+fp/hard/libc_nano.a(lib_a-sbrkr.o)
                0x0000000008005eb0                _sbrk_r
 .text.__malloc_lock
                0x0000000008005ed0        0xc /Applications/STM32CubeIDE.app/Contents/Eclipse/plugins/com.st.stm32cube.ide.mcu.externaltools.gnu-tools-for-stm32.10.3-2021.10.macos64_1.0.200.202301161003/tools/bin/../lib/gcc/arm-none-eabi/10.3.1/../../../../arm-none-eabi/lib/thumb/v7e-m+fp/hard/libc_nano.a(lib_a-mlock.o)
                0x0000000008005ed0                __malloc_lock
 .text.__malloc_unlock
                0x0000000008005edc        0xc /Applications/STM32CubeIDE.app/Contents/Eclipse/plugins/com.st.stm32cube.ide.mcu.externaltools.gnu-tools-for-stm32.10.3-2021.10.macos64_1.0.200.202301161003/tools/bin/../lib/gcc/arm-none-eabi/10.3.1/../../../../arm-none-eabi/lib/thumb/v7e-m+fp/hard/libc_nano.a(lib_a-mlock.o)
                0x0000000008005edc                __malloc_unlock
 .text._malloc_usable_size_r
                0x0000000008005ee8       0x10 /Applications/STM32CubeIDE.app/Contents/Eclipse/plugins/com.st.stm32cube.ide.mcu.externaltools.gnu-tools-for-stm32.10.3-2021.10.macos64_1.0.200.202301161003/tools/bin/../lib/gcc/arm-none-eabi/10.3.1/../../../../arm-none-eabi/lib/thumb/v7e-m+fp/hard/libc_nano.a(lib_a-nano-msizer.o)
                0x0000000008005ee8                _malloc_usable_size_r
 *(.glue_7)
 .glue_7        0x0000000008005ef8        0x0 linker stubs
 *(.glue_7t)
 .glue_7t       0x0000000008005ef8        0x0 linker stubs
 *(.eh_frame)
 .eh_frame      0x0000000008005ef8        0x0 /Applications/STM32CubeIDE.app/Contents/Eclipse/plugins/com.st.stm32cube.ide.mcu.externaltools.gnu-tools-for-stm32.10.3-2021.10.macos64_1.0.200.202301161003/tools/bin/../lib/gcc/arm-none-eabi/10.3.1/thumb/v7e-m+fp/hard/crtbegin.o
 *(.init)
 .init          0x0000000008005ef8        0x4 /Applications/STM32CubeIDE.app/Contents/Eclipse/plugins/com.st.stm32cube.ide.mcu.externaltools.gnu-tools-for-stm32.10.3-2021.10.macos64_1.0.200.202301161003/tools/bin/../lib/gcc/arm-none-eabi/10.3.1/thumb/v7e-m+fp/hard/crti.o
                0x0000000008005ef8                _init
 .init          0x0000000008005efc        0x8 /Applications/STM32CubeIDE.app/Contents/Eclipse/plugins/com.st.stm32cube.ide.mcu.externaltools.gnu-tools-for-stm32.10.3-2021.10.macos64_1.0.200.202301161003/tools/bin/../lib/gcc/arm-none-eabi/10.3.1/thumb/v7e-m+fp/hard/crtn.o
 *(.fini)
 .fini          0x0000000008005f04        0x4 /Applications/STM32CubeIDE.app/Contents/Eclipse/plugins/com.st.stm32cube.ide.mcu.externaltools.gnu-tools-for-stm32.10.3-2021.10.macos64_1.0.200.202301161003/tools/bin/../lib/gcc/arm-none-eabi/10.3.1/thumb/v7e-m+fp/hard/crti.o
                0x0000000008005f04                _fini
 .fini          0x0000000008005f08        0x8 /Applications/STM32CubeIDE.app/Contents/Eclipse/plugins/com.st.stm32cube.ide.mcu.externaltools.gnu-tools-for-stm32.10.3-2021.10.macos64_1.0.200.202301161003/tools/bin/../lib/gcc/arm-none-eabi/10.3.1/thumb/v7e-m+fp/hard/crtn.o
                0x0000000008005f10                . = ALIGN (0x4)
                0x0000000008005f10                _etext = .

.vfp11_veneer   0x0000000008005f10        0x0
 .vfp11_veneer  0x0000000008005f10        0x0 linker stubs

.v4_bx          0x0000000008005f10        0x0
 .v4_bx         0x0000000008005f10        0x0 linker stubs

.iplt           0x0000000008005f10        0x0
 .iplt          0x0000000008005f10        0x0 /Applications/STM32CubeIDE.app/Contents/Eclipse/plugins/com.st.stm32cube.ide.mcu.externaltools.gnu-tools-for-stm32.10.3-2021.10.macos64_1.0.200.202301161003/tools/bin/../lib/gcc/arm-none-eabi/10.3.1/thumb/v7e-m+fp/hard/crtbegin.o

.rodata         0x0000000008005f10      0x270
                0x0000000008005f10                . = ALIGN (0x4)
 *(.rodata)
 .rodata        0x0000000008005f10        0x5 ./Core/Src/drivers/uart_driver.o
 *fill*         0x0000000008005f15        0x3 
 .rodata        0x0000000008005f18      0x148 ./Core/Src/music/notes_handler.o
 .rodata        0x0000000008006060       0x59 ./Core/Src/music/operating_mode.o
 *(.rodata*)
 *fill*         0x00000000080060b9        0x3 
 .rodata.ROW_MASKS
                0x00000000080060bc        0x4 ./Core/Src/drivers/keyboard_driver.o
 .rodata.COLUMN_MASKS
                0x00000000080060c0        0x3 ./Core/Src/drivers/keyboard_driver.o
 *fill*         0x00000000080060c3        0x1 
 .rodata.AHBPrescTable
                0x00000000080060c4       0x10 ./Core/Src/system_stm32f4xx.o
                0x00000000080060c4                AHBPrescTable
 .rodata.APBPrescTable
                0x00000000080060d4        0x8 ./Core/Src/system_stm32f4xx.o
                0x00000000080060d4                APBPrescTable
 .rodata.NOTE_FREQS
                0x00000000080060dc        0xe ./Core/Src/music/notes_handler.o
 .rodata._svfprintf_r.str1.1
                0x00000000080060ea       0x11 /Applications/STM32CubeIDE.app/Contents/Eclipse/plugins/com.st.stm32cube.ide.mcu.externaltools.gnu-tools-for-stm32.10.3-2021.10.macos64_1.0.200.202301161003/tools/bin/../lib/gcc/arm-none-eabi/10.3.1/../../../../arm-none-eabi/lib/thumb/v7e-m+fp/hard/libc_nano.a(lib_a-nano-svfprintf.o)
 .rodata._printf_i.str1.1
                0x00000000080060fb       0x22 /Applications/STM32CubeIDE.app/Contents/Eclipse/plugins/com.st.stm32cube.ide.mcu.externaltools.gnu-tools-for-stm32.10.3-2021.10.macos64_1.0.200.202301161003/tools/bin/../lib/gcc/arm-none-eabi/10.3.1/../../../../arm-none-eabi/lib/thumb/v7e-m+fp/hard/libc_nano.a(lib_a-nano-vfprintf_i.o)
 *fill*         0x000000000800611d        0x3 
 .rodata.__sf_fake_stderr
                0x0000000008006120       0x20 /Applications/STM32CubeIDE.app/Contents/Eclipse/plugins/com.st.stm32cube.ide.mcu.externaltools.gnu-tools-for-stm32.10.3-2021.10.macos64_1.0.200.202301161003/tools/bin/../lib/gcc/arm-none-eabi/10.3.1/../../../../arm-none-eabi/lib/thumb/v7e-m+fp/hard/libc_nano.a(lib_a-findfp.o)
                0x0000000008006120                __sf_fake_stderr
 .rodata.__sf_fake_stdin
                0x0000000008006140       0x20 /Applications/STM32CubeIDE.app/Contents/Eclipse/plugins/com.st.stm32cube.ide.mcu.externaltools.gnu-tools-for-stm32.10.3-2021.10.macos64_1.0.200.202301161003/tools/bin/../lib/gcc/arm-none-eabi/10.3.1/../../../../arm-none-eabi/lib/thumb/v7e-m+fp/hard/libc_nano.a(lib_a-findfp.o)
                0x0000000008006140                __sf_fake_stdin
 .rodata.__sf_fake_stdout
                0x0000000008006160       0x20 /Applications/STM32CubeIDE.app/Contents/Eclipse/plugins/com.st.stm32cube.ide.mcu.externaltools.gnu-tools-for-stm32.10.3-2021.10.macos64_1.0.200.202301161003/tools/bin/../lib/gcc/arm-none-eabi/10.3.1/../../../../arm-none-eabi/lib/thumb/v7e-m+fp/hard/libc_nano.a(lib_a-findfp.o)
                0x0000000008006160                __sf_fake_stdout
                0x0000000008006180                . = ALIGN (0x4)

.ARM.extab      0x0000000008006180        0x0
                0x0000000008006180                . = ALIGN (0x4)
 *(.ARM.extab* .gnu.linkonce.armextab.*)
                0x0000000008006180                . = ALIGN (0x4)

.ARM            0x0000000008006180        0x8
                0x0000000008006180                . = ALIGN (0x4)
                0x0000000008006180                __exidx_start = .
 *(.ARM.exidx*)
 .ARM.exidx     0x0000000008006180        0x8 /Applications/STM32CubeIDE.app/Contents/Eclipse/plugins/com.st.stm32cube.ide.mcu.externaltools.gnu-tools-for-stm32.10.3-2021.10.macos64_1.0.200.202301161003/tools/bin/../lib/gcc/arm-none-eabi/10.3.1/thumb/v7e-m+fp/hard/libgcc.a(_udivmoddi4.o)
                0x0000000008006188                __exidx_end = .
                0x0000000008006188                . = ALIGN (0x4)

.rel.dyn        0x0000000008006188        0x0
 .rel.iplt      0x0000000008006188        0x0 /Applications/STM32CubeIDE.app/Contents/Eclipse/plugins/com.st.stm32cube.ide.mcu.externaltools.gnu-tools-for-stm32.10.3-2021.10.macos64_1.0.200.202301161003/tools/bin/../lib/gcc/arm-none-eabi/10.3.1/thumb/v7e-m+fp/hard/crtbegin.o

.preinit_array  0x0000000008006188        0x0
                0x0000000008006188                . = ALIGN (0x4)
                0x0000000008006188                PROVIDE (__preinit_array_start = .)
 *(.preinit_array*)
                0x0000000008006188                PROVIDE (__preinit_array_end = .)
                0x0000000008006188                . = ALIGN (0x4)

.init_array     0x0000000008006188        0x4
                0x0000000008006188                . = ALIGN (0x4)
                0x0000000008006188                PROVIDE (__init_array_start = .)
 *(SORT_BY_NAME(.init_array.*))
 *(.init_array*)
 .init_array    0x0000000008006188        0x4 /Applications/STM32CubeIDE.app/Contents/Eclipse/plugins/com.st.stm32cube.ide.mcu.externaltools.gnu-tools-for-stm32.10.3-2021.10.macos64_1.0.200.202301161003/tools/bin/../lib/gcc/arm-none-eabi/10.3.1/thumb/v7e-m+fp/hard/crtbegin.o
                0x000000000800618c                PROVIDE (__init_array_end = .)
                0x000000000800618c                . = ALIGN (0x4)

.fini_array     0x000000000800618c        0x4
                0x000000000800618c                . = ALIGN (0x4)
                [!provide]                        PROVIDE (__fini_array_start = .)
 *(SORT_BY_NAME(.fini_array.*))
 *(.fini_array*)
 .fini_array    0x000000000800618c        0x4 /Applications/STM32CubeIDE.app/Contents/Eclipse/plugins/com.st.stm32cube.ide.mcu.externaltools.gnu-tools-for-stm32.10.3-2021.10.macos64_1.0.200.202301161003/tools/bin/../lib/gcc/arm-none-eabi/10.3.1/thumb/v7e-m+fp/hard/crtbegin.o
                [!provide]                        PROVIDE (__fini_array_end = .)
                0x0000000008006190                . = ALIGN (0x4)
                0x0000000008006190                _sidata = LOADADDR (.data)

.data           0x0000000020000000       0xc0 load address 0x0000000008006190
                0x0000000020000000                . = ALIGN (0x4)
                0x0000000020000000                _sdata = .
 *(.data)
 *(.data*)
 .data.SystemCoreClock
                0x0000000020000000        0x4 ./Core/Src/system_stm32f4xx.o
                0x0000000020000000                SystemCoreClock
 .data.octave_index
                0x0000000020000004        0x4 ./Core/Src/music/notes_handler.o
 .data.octava   0x0000000020000008        0x4 ./Core/Src/music/notes_handler.o
 .data.OCTAVE_NAMES
                0x000000002000000c       0x24 ./Core/Src/music/notes_handler.o
 .data.NOTE_NAMES
                0x0000000020000030       0x1c ./Core/Src/music/notes_handler.o
 .data.duration_ms
                0x000000002000004c        0x4 ./Core/Src/music/notes_handler.o
 .data.current_button_mode
                0x0000000020000050        0x1 ./Core/Src/music/operating_mode.o
                0x0000000020000050                current_button_mode
 *fill*         0x0000000020000051        0x3 
 .data.uwTickPrio
                0x0000000020000054        0x4 ./Drivers/STM32F4xx_HAL_Driver/Src/stm32f4xx_hal.o
                0x0000000020000054                uwTickPrio
 .data.uwTickFreq
                0x0000000020000058        0x1 ./Drivers/STM32F4xx_HAL_Driver/Src/stm32f4xx_hal.o
                0x0000000020000058                uwTickFreq
 *fill*         0x0000000020000059        0x3 
 .data._impure_ptr
                0x000000002000005c        0x4 /Applications/STM32CubeIDE.app/Contents/Eclipse/plugins/com.st.stm32cube.ide.mcu.externaltools.gnu-tools-for-stm32.10.3-2021.10.macos64_1.0.200.202301161003/tools/bin/../lib/gcc/arm-none-eabi/10.3.1/../../../../arm-none-eabi/lib/thumb/v7e-m+fp/hard/libc_nano.a(lib_a-impure.o)
                0x000000002000005c                _impure_ptr
 .data.impure_data
                0x0000000020000060       0x60 /Applications/STM32CubeIDE.app/Contents/Eclipse/plugins/com.st.stm32cube.ide.mcu.externaltools.gnu-tools-for-stm32.10.3-2021.10.macos64_1.0.200.202301161003/tools/bin/../lib/gcc/arm-none-eabi/10.3.1/../../../../arm-none-eabi/lib/thumb/v7e-m+fp/hard/libc_nano.a(lib_a-impure.o)
 *(.RamFunc)
 *(.RamFunc*)
                0x00000000200000c0                . = ALIGN (0x4)
                0x00000000200000c0                _edata = .
                0x0000000008006250                _siccmram = LOADADDR (.ccmram)

.igot.plt       0x00000000200000c0        0x0 load address 0x0000000008006250
 .igot.plt      0x00000000200000c0        0x0 /Applications/STM32CubeIDE.app/Contents/Eclipse/plugins/com.st.stm32cube.ide.mcu.externaltools.gnu-tools-for-stm32.10.3-2021.10.macos64_1.0.200.202301161003/tools/bin/../lib/gcc/arm-none-eabi/10.3.1/thumb/v7e-m+fp/hard/crtbegin.o

.ccmram         0x0000000010000000        0x0 load address 0x0000000008006250
                0x0000000010000000                . = ALIGN (0x4)
                0x0000000010000000                _sccmram = .
 *(.ccmram)
 *(.ccmram*)
                0x0000000010000000                . = ALIGN (0x4)
                0x0000000010000000                _eccmram = .
                0x0000000010000000                . = ALIGN (0x4)

.bss            0x00000000200000c0      0x254
                0x00000000200000c0                _sbss = .
                0x00000000200000c0                __bss_start__ = _sbss
 *(.bss)
 .bss           0x00000000200000c0       0x1c /Applications/STM32CubeIDE.app/Contents/Eclipse/plugins/com.st.stm32cube.ide.mcu.externaltools.gnu-tools-for-stm32.10.3-2021.10.macos64_1.0.200.202301161003/tools/bin/../lib/gcc/arm-none-eabi/10.3.1/thumb/v7e-m+fp/hard/crtbegin.o
 *(.bss*)
 .bss.last_time.0
                0x00000000200000dc        0x4 ./Core/Src/drivers/button_driver.o
 .bss.stable_key
                0x00000000200000e0        0x1 ./Core/Src/drivers/keyboard_driver.o
 .bss.last_raw  0x00000000200000e1        0x1 ./Core/Src/drivers/keyboard_driver.o
 *fill*         0x00000000200000e2        0x2 
 .bss.change_time
                0x00000000200000e4        0x4 ./Core/Src/drivers/keyboard_driver.o
 .bss.rx_buf    0x00000000200000e8       0x80 ./Core/Src/drivers/uart_driver.o
 .bss.tx_buf    0x0000000020000168       0x80 ./Core/Src/drivers/uart_driver.o
 .bss.rx_head   0x00000000200001e8        0x2 ./Core/Src/drivers/uart_driver.o
 .bss.rx_tail   0x00000000200001ea        0x2 ./Core/Src/drivers/uart_driver.o
 .bss.tx_head   0x00000000200001ec        0x2 ./Core/Src/drivers/uart_driver.o
 .bss.tx_tail   0x00000000200001ee        0x2 ./Core/Src/drivers/uart_driver.o
 .bss.rx_byte   0x00000000200001f0        0x1 ./Core/Src/drivers/uart_driver.o
 .bss.interrupts_enabled
                0x00000000200001f1        0x1 ./Core/Src/drivers/uart_driver.o
 *fill*         0x00000000200001f2        0x2 
 .bss.hi2c1     0x00000000200001f4       0x54 ./Core/Src/i2c.o
                0x00000000200001f4                hi2c1
 .bss.__sbrk_heap_end
                0x0000000020000248        0x4 ./Core/Src/sysmem.o
 .bss.htim1     0x000000002000024c       0x48 ./Core/Src/tim.o
                0x000000002000024c                htim1
 .bss.huart6    0x0000000020000294       0x44 ./Core/Src/usart.o
                0x0000000020000294                huart6
 .bss.tone_active
                0x00000000200002d8        0x1 ./Core/Src/music/notes_handler.o
 *fill*         0x00000000200002d9        0x3 
 .bss.tone_deadline_ms
                0x00000000200002dc        0x4 ./Core/Src/music/notes_handler.o
 .bss.harmony_active
                0x00000000200002e0        0x1 ./Core/Src/music/notes_handler.o
 *fill*         0x00000000200002e1        0x3 
 .bss.harmony_index
                0x00000000200002e4        0x4 ./Core/Src/music/notes_handler.o
 .bss.harmony_deadline_ms
                0x00000000200002e8        0x4 ./Core/Src/music/notes_handler.o
 .bss.switch_mode_button
                0x00000000200002ec       0x10 ./Core/Src/music/operating_mode.o
                0x00000000200002ec                switch_mode_button
 .bss.last_button_update
                0x00000000200002fc        0x4 ./Core/Src/music/operating_mode.o
                0x00000000200002fc                last_button_update
 .bss.uwTick    0x0000000020000300        0x4 ./Drivers/STM32F4xx_HAL_Driver/Src/stm32f4xx_hal.o
                0x0000000020000300                uwTick
 .bss.errno     0x0000000020000304        0x4 /Applications/STM32CubeIDE.app/Contents/Eclipse/plugins/com.st.stm32cube.ide.mcu.externaltools.gnu-tools-for-stm32.10.3-2021.10.macos64_1.0.200.202301161003/tools/bin/../lib/gcc/arm-none-eabi/10.3.1/../../../../arm-none-eabi/lib/thumb/v7e-m+fp/hard/libc_nano.a(lib_a-reent.o)
                0x0000000020000304                errno
 .bss.__lock___malloc_recursive_mutex
                0x0000000020000308        0x1 /Applications/STM32CubeIDE.app/Contents/Eclipse/plugins/com.st.stm32cube.ide.mcu.externaltools.gnu-tools-for-stm32.10.3-2021.10.macos64_1.0.200.202301161003/tools/bin/../lib/gcc/arm-none-eabi/10.3.1/../../../../arm-none-eabi/lib/thumb/v7e-m+fp/hard/libc_nano.a(lib_a-lock.o)
                0x0000000020000308                __lock___malloc_recursive_mutex
 *fill*         0x0000000020000309        0x3 
 .bss.__malloc_free_list
                0x000000002000030c        0x4 /Applications/STM32CubeIDE.app/Contents/Eclipse/plugins/com.st.stm32cube.ide.mcu.externaltools.gnu-tools-for-stm32.10.3-2021.10.macos64_1.0.200.202301161003/tools/bin/../lib/gcc/arm-none-eabi/10.3.1/../../../../arm-none-eabi/lib/thumb/v7e-m+fp/hard/libc_nano.a(lib_a-nano-mallocr.o)
                0x000000002000030c                __malloc_free_list
 .bss.__malloc_sbrk_start
                0x0000000020000310        0x4 /Applications/STM32CubeIDE.app/Contents/Eclipse/plugins/com.st.stm32cube.ide.mcu.externaltools.gnu-tools-for-stm32.10.3-2021.10.macos64_1.0.200.202301161003/tools/bin/../lib/gcc/arm-none-eabi/10.3.1/../../../../arm-none-eabi/lib/thumb/v7e-m+fp/hard/libc_nano.a(lib_a-nano-mallocr.o)
                0x0000000020000310                __malloc_sbrk_start
 *(COMMON)
                0x0000000020000314                . = ALIGN (0x4)
                0x0000000020000314                _ebss = .
                0x0000000020000314                __bss_end__ = _ebss

._user_heap_stack
                0x0000000020000314      0x604
                0x0000000020000318                . = ALIGN (0x8)
 *fill*         0x0000000020000314        0x4 
                [!provide]                        PROVIDE (end = .)
                0x0000000020000318                PROVIDE (_end = .)
                0x0000000020000518                . = (. + _Min_Heap_Size)
 *fill*         0x0000000020000318      0x200 
                0x0000000020000918                . = (. + _Min_Stack_Size)
 *fill*         0x0000000020000518      0x400 
                0x0000000020000918                . = ALIGN (0x8)

/DISCARD/
 libc.a(*)
 libm.a(*)
 libgcc.a(*)

.ARM.attributes
                0x0000000000000000       0x30
 *(.ARM.attributes)
 .ARM.attributes
                0x0000000000000000       0x1e /Applications/STM32CubeIDE.app/Contents/Eclipse/plugins/com.st.stm32cube.ide.mcu.externaltools.gnu-tools-for-stm32.10.3-2021.10.macos64_1.0.200.202301161003/tools/bin/../lib/gcc/arm-none-eabi/10.3.1/thumb/v7e-m+fp/hard/crti.o
 .ARM.attributes
                0x000000000000001e       0x34 /Applications/STM32CubeIDE.app/Contents/Eclipse/plugins/com.st.stm32cube.ide.mcu.externaltools.gnu-tools-for-stm32.10.3-2021.10.macos64_1.0.200.202301161003/tools/bin/../lib/gcc/arm-none-eabi/10.3.1/thumb/v7e-m+fp/hard/crtbegin.o
 .ARM.attributes
                0x0000000000000052       0x34 ./Core/Src/drivers/button_driver.o
 .ARM.attributes
                0x0000000000000086       0x34 ./Core/Src/drivers/keyboard_driver.o
 .ARM.attributes
                0x00000000000000ba       0x34 ./Core/Src/drivers/pca9538_driver.o
 .ARM.attributes
                0x00000000000000ee       0x34 ./Core/Src/drivers/uart_driver.o
 .ARM.attributes
                0x0000000000000122       0x34 ./Core/Src/gpio.o
 .ARM.attributes
                0x0000000000000156       0x34 ./Core/Src/i2c.o
 .ARM.attributes
                0x000000000000018a       0x34 ./Core/Src/main.o
 .ARM.attributes
                0x00000000000001be       0x34 ./Core/Src/stm32f4xx_hal_msp.o
 .ARM.attributes
                0x00000000000001f2       0x34 ./Core/Src/stm32f4xx_it.o
 .ARM.attributes
                0x0000000000000226       0x34 ./Core/Src/sysmem.o
 .ARM.attributes
                0x000000000000025a       0x34 ./Core/Src/system_stm32f4xx.o
 .ARM.attributes
                0x000000000000028e       0x34 ./Core/Src/tim.o
 .ARM.attributes
                0x00000000000002c2       0x34 ./Core/Src/usart.o
 .ARM.attributes
                0x00000000000002f6       0x34 ./Core/Src/music/notes_handler.o
 .ARM.attributes
                0x000000000000032a       0x34 ./Core/Src/music/operating_mode.o
 .ARM.attributes
                0x000000000000035e       0x21 ./Core/Startup/startup_stm32f427vitx.o
 .ARM.attributes
                0x000000000000037f       0x34 ./Drivers/STM32F4xx_HAL_Driver/Src/stm32f4xx_hal.o
 .ARM.attributes
                0x00000000000003b3       0x34 ./Drivers/STM32F4xx_HAL_Driver/Src/stm32f4xx_hal_cortex.o
 .ARM.attributes
                0x00000000000003e7       0x34 ./Drivers/STM32F4xx_HAL_Driver/Src/stm32f4xx_hal_dma.o
 .ARM.attributes
                0x000000000000041b       0x34 ./Drivers/STM32F4xx_HAL_Driver/Src/stm32f4xx_hal_gpio.o
 .ARM.attributes
                0x000000000000044f       0x34 ./Drivers/STM32F4xx_HAL_Driver/Src/stm32f4xx_hal_i2c.o
 .ARM.attributes
                0x0000000000000483       0x34 ./Drivers/STM32F4xx_HAL_Driver/Src/stm32f4xx_hal_i2c_ex.o
 .ARM.attributes
                0x00000000000004b7       0x34 ./Drivers/STM32F4xx_HAL_Driver/Src/stm32f4xx_hal_rcc.o
 .ARM.attributes
                0x00000000000004eb       0x34 ./Drivers/STM32F4xx_HAL_Driver/Src/stm32f4xx_hal_tim.o
 .ARM.attributes
                0x000000000000051f       0x34 ./Drivers/STM32F4xx_HAL_Driver/Src/stm32f4xx_hal_tim_ex.o
 .ARM.attributes
                0x0000000000000553       0x34 ./Drivers/STM32F4xx_HAL_Driver/Src/stm32f4xx_hal_uart.o
 .ARM.attributes
                0x0000000000000587       0x34 /Applications/STM32CubeIDE.app/Contents/Eclipse/plugins/com.st.stm32cube.ide.mcu.externaltools.gnu-tools-for-stm32.10.3-2021.10.macos64_1.0.200.202301161003/tools/bin/../lib/gcc/arm-none-eabi/10.3.1/../../../../arm-none-eabi/lib/thumb/v7e-m+fp/hard/libc_nano.a(lib_a-errno.o)
 .ARM.attributes
                0x00000000000005bb       0x34 /Applications/STM32CubeIDE.app/Contents/Eclipse/plugins/com.st.stm32cube.ide.mcu.externaltools.gnu-tools-for-stm32.10.3-2021.10.macos64_1.0.200.202301161003/tools/bin/../lib/gcc/arm-none-eabi/10.3.1/../../../../arm-none-eabi/lib/thumb/v7e-m+fp/hard/libc_nano.a(lib_a-impure.o)
 .ARM.attributes
                0x00000000000005ef       0x34 /Applications/STM32CubeIDE.app/Contents/Eclipse/plugins/com.st.stm32cube.ide.mcu.externaltools.gnu-tools-for-stm32.10.3-2021.10.macos64_1.0.200.202301161003/tools/bin/../lib/gcc/arm-none-eabi/10.3.1/../../../../arm-none-eabi/lib/thumb/v7e-m+fp/hard/libc_nano.a(lib_a-init.o)
 .ARM.attributes
                0x0000000000000623       0x34 /Applications/STM32CubeIDE.app/Contents/Eclipse/plugins/com.st.stm32cube.ide.mcu.externaltools.gnu-tools-for-stm32.10.3-2021.10.macos64_1.0.200.202301161003/tools/bin/../lib/gcc/arm-none-eabi/10.3.1/../../../../arm-none-eabi/lib/thumb/v7e-m+fp/hard/libc_nano.a(lib_a-memset.o)
 .ARM.attributes
                0x0000000000000657       0x34 /Applications/STM32CubeIDE.app/Contents/Eclipse/plugins/com.st.stm32cube.ide.mcu.externaltools.gnu-tools-for-stm32.10.3-2021.10.macos64_1.0.200.202301161003/tools/bin/../lib/gcc/arm-none-eabi/10.3.1/../../../../arm-none-eabi/lib/thumb/v7e-m+fp/hard/libc_nano.a(lib_a-sprintf.o)
 .ARM.attributes
                0x000000000000068b       0x34 /Applications/STM32CubeIDE.app/Contents/Eclipse/plugins/com.st.stm32cube.ide.mcu.externaltools.gnu-tools-for-stm32.10.3-2021.10.macos64_1.0.200.202301161003/tools/bin/../lib/gcc/arm-none-eabi/10.3.1/../../../../arm-none-eabi/lib/thumb/v7e-m+fp/hard/libc_nano.a(lib_a-nano-svfprintf.o)
 .ARM.attributes
                0x00000000000006bf       0x34 /Applications/STM32CubeIDE.app/Contents/Eclipse/plugins/com.st.stm32cube.ide.mcu.externaltools.gnu-tools-for-stm32.10.3-2021.10.macos64_1.0.200.202301161003/tools/bin/../lib/gcc/arm-none-eabi/10.3.1/../../../../arm-none-eabi/lib/thumb/v7e-m+fp/hard/libc_nano.a(lib_a-nano-vfprintf_i.o)
 .ARM.attributes
                0x00000000000006f3       0x34 /Applications/STM32CubeIDE.app/Contents/Eclipse/plugins/com.st.stm32cube.ide.mcu.externaltools.gnu-tools-for-stm32.10.3-2021.10.macos64_1.0.200.202301161003/tools/bin/../lib/gcc/arm-none-eabi/10.3.1/../../../../arm-none-eabi/lib/thumb/v7e-m+fp/hard/libc_nano.a(lib_a-reent.o)
 .ARM.attributes
                0x0000000000000727       0x34 /Applications/STM32CubeIDE.app/Contents/Eclipse/plugins/com.st.stm32cube.ide.mcu.externaltools.gnu-tools-for-stm32.10.3-2021.10.macos64_1.0.200.202301161003/tools/bin/../lib/gcc/arm-none-eabi/10.3.1/../../../../arm-none-eabi/lib/thumb/v7e-m+fp/hard/libc_nano.a(lib_a-findfp.o)
 .ARM.attributes
                0x000000000000075b       0x34 /Applications/STM32CubeIDE.app/Contents/Eclipse/plugins/com.st.stm32cube.ide.mcu.externaltools.gnu-tools-for-stm32.10.3-2021.10.macos64_1.0.200.202301161003/tools/bin/../lib/gcc/arm-none-eabi/10.3.1/../../../../arm-none-eabi/lib/thumb/v7e-m+fp/hard/libc_nano.a(lib_a-lock.o)
 .ARM.attributes
                0x000000000000078f       0x1c /Applications/STM32CubeIDE.app/Contents/Eclipse/plugins/com.st.stm32cube.ide.mcu.externaltools.gnu-tools-for-stm32.10.3-2021.10.macos64_1.0.200.202301161003/tools/bin/../lib/gcc/arm-none-eabi/10.3.1/../../../../arm-none-eabi/lib/thumb/v7e-m+fp/hard/libc_nano.a(lib_a-memchr.o)
 .ARM.attributes
                0x00000000000007ab       0x34 /Applications/STM32CubeIDE.app/Contents/Eclipse/plugins/com.st.stm32cube.ide.mcu.externaltools.gnu-tools-for-stm32.10.3-2021.10.macos64_1.0.200.202301161003/tools/bin/../lib/gcc/arm-none-eabi/10.3.1/../../../../arm-none-eabi/lib/thumb/v7e-m+fp/hard/libc_nano.a(lib_a-memcpy-stub.o)
 .ARM.attributes
                0x00000000000007df       0x34 /Applications/STM32CubeIDE.app/Contents/Eclipse/plugins/com.st.stm32cube.ide.mcu.externaltools.gnu-tools-for-stm32.10.3-2021.10.macos64_1.0.200.202301161003/tools/bin/../lib/gcc/arm-none-eabi/10.3.1/../../../../arm-none-eabi/lib/thumb/v7e-m+fp/hard/libc_nano.a(lib_a-memmove.o)
 .ARM.attributes
                0x0000000000000813       0x34 /Applications/STM32CubeIDE.app/Contents/Eclipse/plugins/com.st.stm32cube.ide.mcu.externaltools.gnu-tools-for-stm32.10.3-2021.10.macos64_1.0.200.202301161003/tools/bin/../lib/gcc/arm-none-eabi/10.3.1/../../../../arm-none-eabi/lib/thumb/v7e-m+fp/hard/libc_nano.a(lib_a-nano-freer.o)
 .ARM.attributes
                0x0000000000000847       0x34 /Applications/STM32CubeIDE.app/Contents/Eclipse/plugins/com.st.stm32cube.ide.mcu.externaltools.gnu-tools-for-stm32.10.3-2021.10.macos64_1.0.200.202301161003/tools/bin/../lib/gcc/arm-none-eabi/10.3.1/../../../../arm-none-eabi/lib/thumb/v7e-m+fp/hard/libc_nano.a(lib_a-nano-mallocr.o)
 .ARM.attributes
                0x000000000000087b       0x34 /Applications/STM32CubeIDE.app/Contents/Eclipse/plugins/com.st.stm32cube.ide.mcu.externaltools.gnu-tools-for-stm32.10.3-2021.10.macos64_1.0.200.202301161003/tools/bin/../lib/gcc/arm-none-eabi/10.3.1/../../../../arm-none-eabi/lib/thumb/v7e-m+fp/hard/libc_nano.a(lib_a-nano-reallocr.o)
 .ARM.attributes
                0x00000000000008af       0x34 /Applications/STM32CubeIDE.app/Contents/Eclipse/plugins/com.st.stm32cube.ide.mcu.externaltools.gnu-tools-for-stm32.10.3-2021.10.macos64_1.0.200.202301161003/tools/bin/../lib/gcc/arm-none-eabi/10.3.1/../../../../arm-none-eabi/lib/thumb/v7e-m+fp/hard/libc_nano.a(lib_a-sbrkr.o)
 .ARM.attributes
                0x00000000000008e3       0x34 /Applications/STM32CubeIDE.app/Contents/Eclipse/plugins/com.st.stm32cube.ide.mcu.externaltools.gnu-tools-for-stm32.10.3-2021.10.macos64_1.0.200.202301161003/tools/bin/../lib/gcc/arm-none-eabi/10.3.1/../../../../arm-none-eabi/lib/thumb/v7e-m+fp/hard/libc_nano.a(lib_a-mlock.o)
 .ARM.attributes
                0x0000000000000917       0x34 /Applications/STM32CubeIDE.app/Contents/Eclipse/plugins/com.st.stm32cube.ide.mcu.externaltools.gnu-tools-for-stm32.10.3-2021.10.macos64_1.0.200.202301161003/tools/bin/../lib/gcc/arm-none-eabi/10.3.1/../../../../arm-none-eabi/lib/thumb/v7e-m+fp/hard/libc_nano.a(lib_a-nano-msizer.o)
 .ARM.attributes
                0x000000000000094b       0x1e /Applications/STM32CubeIDE.app/Contents/Eclipse/plugins/com.st.stm32cube.ide.mcu.externaltools.gnu-tools-for-stm32.10.3-2021.10.macos64_1.0.200.202301161003/tools/bin/../lib/gcc/arm-none-eabi/10.3.1/thumb/v7e-m+fp/hard/libgcc.a(_aeabi_uldivmod.o)
 .ARM.attributes
                0x0000000000000969       0x34 /Applications/STM32CubeIDE.app/Contents/Eclipse/plugins/com.st.stm32cube.ide.mcu.externaltools.gnu-tools-for-stm32.10.3-2021.10.macos64_1.0.200.202301161003/tools/bin/../lib/gcc/arm-none-eabi/10.3.1/thumb/v7e-m+fp/hard/libgcc.a(_udivmoddi4.o)
 .ARM.attributes
                0x000000000000099d       0x1e /Applications/STM32CubeIDE.app/Contents/Eclipse/plugins/com.st.stm32cube.ide.mcu.externaltools.gnu-tools-for-stm32.10.3-2021.10.macos64_1.0.200.202301161003/tools/bin/../lib/gcc/arm-none-eabi/10.3.1/thumb/v7e-m+fp/hard/libgcc.a(_dvmd_tls.o)
 .ARM.attributes
                0x00000000000009bb       0x1e /Applications/STM32CubeIDE.app/Contents/Eclipse/plugins/com.st.stm32cube.ide.mcu.externaltools.gnu-tools-for-stm32.10.3-2021.10.macos64_1.0.200.202301161003/tools/bin/../lib/gcc/arm-none-eabi/10.3.1/thumb/v7e-m+fp/hard/crtn.o
OUTPUT(hello_world.elf elf32-littlearm)
LOAD linker stubs
LOAD /Applications/STM32CubeIDE.app/Contents/Eclipse/plugins/com.st.stm32cube.ide.mcu.externaltools.gnu-tools-for-stm32.10.3-2021.10.macos64_1.0.200.202301161003/tools/bin/../lib/gcc/arm-none-eabi/10.3.1/../../../../arm-none-eabi/lib/thumb/v7e-m+fp/hard/libc.a
LOAD /Applications/STM32CubeIDE.app/Contents/Eclipse/plugins/com.st.stm32cube.ide.mcu.externaltools.gnu-tools-for-stm32.10.3-2021.10.macos64_1.0.200.202301161003/tools/bin/../lib/gcc/arm-none-eabi/10.3.1/../../../../arm-none-eabi/lib/thumb/v7e-m+fp/hard/libm.a
LOAD /Applications/STM32CubeIDE.app/Contents/Eclipse/plugins/com.st.stm32cube.ide.mcu.externaltools.gnu-tools-for-stm32.10.3-2021.10.macos64_1.0.200.202301161003/tools/bin/../lib/gcc/arm-none-eabi/10.3.1/thumb/v7e-m+fp/hard/libgcc.a

.debug_info     0x0000000000000000    0x1452e
 .debug_info    0x0000000000000000      0x2ed ./Core/Src/drivers/button_driver.o
 .debug_info    0x00000000000002ed      0x30f ./Core/Src/drivers/keyboard_driver.o
 .debug_info    0x00000000000005fc      0x859 ./Core/Src/drivers/pca9538_driver.o
 .debug_info    0x0000000000000e55      0xc71 ./Core/Src/drivers/uart_driver.o
 .debug_info    0x0000000000001ac6      0x4c7 ./Core/Src/gpio.o
 .debug_info    0x0000000000001f8d      0xa6e ./Core/Src/i2c.o
 .debug_info    0x00000000000029fb      0xb8d ./Core/Src/main.o
 .debug_info    0x0000000000003588      0x2c4 ./Core/Src/stm32f4xx_hal_msp.o
 .debug_info    0x000000000000384c      0x665 ./Core/Src/stm32f4xx_it.o
 .debug_info    0x0000000000003eb1      0x171 ./Core/Src/sysmem.o
 .debug_info    0x0000000000004022      0x53f ./Core/Src/system_stm32f4xx.o
 .debug_info    0x0000000000004561      0xc8b ./Core/Src/tim.o
 .debug_info    0x00000000000051ec      0xc5a ./Core/Src/usart.o
 .debug_info    0x0000000000005e46      0xa41 ./Core/Src/music/notes_handler.o
 .debug_info    0x0000000000006887      0x9da ./Core/Src/music/operating_mode.o
 .debug_info    0x0000000000007261       0x22 ./Core/Startup/startup_stm32f427vitx.o
 .debug_info    0x0000000000007283      0x9e8 ./Drivers/STM32F4xx_HAL_Driver/Src/stm32f4xx_hal.o
 .debug_info    0x0000000000007c6b      0xe45 ./Drivers/STM32F4xx_HAL_Driver/Src/stm32f4xx_hal_cortex.o
 .debug_info    0x0000000000008ab0      0x94f ./Drivers/STM32F4xx_HAL_Driver/Src/stm32f4xx_hal_dma.o
 .debug_info    0x00000000000093ff      0x786 ./Drivers/STM32F4xx_HAL_Driver/Src/stm32f4xx_hal_gpio.o
 .debug_info    0x0000000000009b85     0x2617 ./Drivers/STM32F4xx_HAL_Driver/Src/stm32f4xx_hal_i2c.o
 .debug_info    0x000000000000c19c      0x6b6 ./Drivers/STM32F4xx_HAL_Driver/Src/stm32f4xx_hal_i2c_ex.o
 .debug_info    0x000000000000c852      0x982 ./Drivers/STM32F4xx_HAL_Driver/Src/stm32f4xx_hal_rcc.o
 .debug_info    0x000000000000d1d4     0x2bbe ./Drivers/STM32F4xx_HAL_Driver/Src/stm32f4xx_hal_tim.o
 .debug_info    0x000000000000fd92     0x15e0 ./Drivers/STM32F4xx_HAL_Driver/Src/stm32f4xx_hal_tim_ex.o
 .debug_info    0x0000000000011372     0x31bc ./Drivers/STM32F4xx_HAL_Driver/Src/stm32f4xx_hal_uart.o

.debug_abbrev   0x0000000000000000     0x30c4
 .debug_abbrev  0x0000000000000000      0x1b6 ./Core/Src/drivers/button_driver.o
 .debug_abbrev  0x00000000000001b6      0x112 ./Core/Src/drivers/keyboard_driver.o
 .debug_abbrev  0x00000000000002c8      0x176 ./Core/Src/drivers/pca9538_driver.o
 .debug_abbrev  0x000000000000043e      0x2c6 ./Core/Src/drivers/uart_driver.o
 .debug_abbrev  0x0000000000000704      0x146 ./Core/Src/gpio.o
 .debug_abbrev  0x000000000000084a      0x1f7 ./Core/Src/i2c.o
 .debug_abbrev  0x0000000000000a41      0x249 ./Core/Src/main.o
 .debug_abbrev  0x0000000000000c8a       0xd4 ./Core/Src/stm32f4xx_hal_msp.o
 .debug_abbrev  0x0000000000000d5e      0x166 ./Core/Src/stm32f4xx_it.o
 .debug_abbrev  0x0000000000000ec4       0xbb ./Core/Src/sysmem.o
 .debug_abbrev  0x0000000000000f7f      0x116 ./Core/Src/system_stm32f4xx.o
 .debug_abbrev  0x0000000000001095      0x204 ./Core/Src/tim.o
 .debug_abbrev  0x0000000000001299      0x205 ./Core/Src/usart.o
 .debug_abbrev  0x000000000000149e      0x26b ./Core/Src/music/notes_handler.o
 .debug_abbrev  0x0000000000001709      0x224 ./Core/Src/music/operating_mode.o
 .debug_abbrev  0x000000000000192d       0x12 ./Core/Startup/startup_stm32f427vitx.o
 .debug_abbrev  0x000000000000193f      0x20d ./Drivers/STM32F4xx_HAL_Driver/Src/stm32f4xx_hal.o
 .debug_abbrev  0x0000000000001b4c      0x316 ./Drivers/STM32F4xx_HAL_Driver/Src/stm32f4xx_hal_cortex.o
 .debug_abbrev  0x0000000000001e62      0x25b ./Drivers/STM32F4xx_HAL_Driver/Src/stm32f4xx_hal_dma.o
 .debug_abbrev  0x00000000000020bd      0x1c4 ./Drivers/STM32F4xx_HAL_Driver/Src/stm32f4xx_hal_gpio.o
 .debug_abbrev  0x0000000000002281      0x297 ./Drivers/STM32F4xx_HAL_Driver/Src/stm32f4xx_hal_i2c.o
 .debug_abbrev  0x0000000000002518      0x14c ./Drivers/STM32F4xx_HAL_Driver/Src/stm32f4xx_hal_i2c_ex.o
 .debug_abbrev  0x0000000000002664      0x2aa ./Drivers/STM32F4xx_HAL_Driver/Src/stm32f4xx_hal_rcc.o
 .debug_abbrev  0x000000000000290e      0x25d ./Drivers/STM32F4xx_HAL_Driver/Src/stm32f4xx_hal_tim.o
 .debug_abbrev  0x0000000000002b6b      0x265 ./Drivers/STM32F4xx_HAL_Driver/Src/stm32f4xx_hal_tim_ex.o
 .debug_abbrev  0x0000000000002dd0      0x2f4 ./Drivers/STM32F4xx_HAL_Driver/Src/stm32f4xx_hal_uart.o

.debug_aranges  0x0000000000000000     0x1120
 .debug_aranges
                0x0000000000000000       0x30 ./Core/Src/drivers/button_driver.o
 .debug_aranges
                0x0000000000000030       0x30 ./Core/Src/drivers/keyboard_driver.o
 .debug_aranges
                0x0000000000000060       0x48 ./Core/Src/drivers/pca9538_driver.o
 .debug_aranges
                0x00000000000000a8       0x68 ./Core/Src/drivers/uart_driver.o
 .debug_aranges
                0x0000000000000110       0x20 ./Core/Src/gpio.o
 .debug_aranges
                0x0000000000000130       0x30 ./Core/Src/i2c.o
 .debug_aranges
                0x0000000000000160       0x38 ./Core/Src/main.o
 .debug_aranges
                0x0000000000000198       0x20 ./Core/Src/stm32f4xx_hal_msp.o
 .debug_aranges
                0x00000000000001b8       0x68 ./Core/Src/stm32f4xx_it.o
 .debug_aranges
                0x0000000000000220       0x20 ./Core/Src/sysmem.o
 .debug_aranges
                0x0000000000000240       0x28 ./Core/Src/system_stm32f4xx.o
 .debug_aranges
                0x0000000000000268       0x38 ./Core/Src/tim.o
 .debug_aranges
                0x00000000000002a0       0x30 ./Core/Src/usart.o
 .debug_aranges
                0x00000000000002d0       0x70 ./Core/Src/music/notes_handler.o
 .debug_aranges
                0x0000000000000340       0x30 ./Core/Src/music/operating_mode.o
 .debug_aranges
                0x0000000000000370       0x28 ./Core/Startup/startup_stm32f427vitx.o
 .debug_aranges
                0x0000000000000398      0x100 ./Drivers/STM32F4xx_HAL_Driver/Src/stm32f4xx_hal.o
 .debug_aranges
                0x0000000000000498      0x118 ./Drivers/STM32F4xx_HAL_Driver/Src/stm32f4xx_hal_cortex.o
 .debug_aranges
                0x00000000000005b0       0x90 ./Drivers/STM32F4xx_HAL_Driver/Src/stm32f4xx_hal_dma.o
 .debug_aranges
                0x0000000000000640       0x58 ./Drivers/STM32F4xx_HAL_Driver/Src/stm32f4xx_hal_gpio.o
 .debug_aranges
                0x0000000000000698      0x2a0 ./Drivers/STM32F4xx_HAL_Driver/Src/stm32f4xx_hal_i2c.o
 .debug_aranges
                0x0000000000000938       0x28 ./Drivers/STM32F4xx_HAL_Driver/Src/stm32f4xx_hal_i2c_ex.o
 .debug_aranges
                0x0000000000000960       0x88 ./Drivers/STM32F4xx_HAL_Driver/Src/stm32f4xx_hal_rcc.o
 .debug_aranges
                0x00000000000009e8      0x3d0 ./Drivers/STM32F4xx_HAL_Driver/Src/stm32f4xx_hal_tim.o
 .debug_aranges
                0x0000000000000db8      0x168 ./Drivers/STM32F4xx_HAL_Driver/Src/stm32f4xx_hal_tim_ex.o
 .debug_aranges
                0x0000000000000f20      0x200 ./Drivers/STM32F4xx_HAL_Driver/Src/stm32f4xx_hal_uart.o

.debug_ranges   0x0000000000000000      0xfd0
 .debug_ranges  0x0000000000000000       0x20 ./Core/Src/drivers/button_driver.o
 .debug_ranges  0x0000000000000020       0x20 ./Core/Src/drivers/keyboard_driver.o
 .debug_ranges  0x0000000000000040       0x38 ./Core/Src/drivers/pca9538_driver.o
 .debug_ranges  0x0000000000000078       0x58 ./Core/Src/drivers/uart_driver.o
 .debug_ranges  0x00000000000000d0       0x10 ./Core/Src/gpio.o
 .debug_ranges  0x00000000000000e0       0x20 ./Core/Src/i2c.o
 .debug_ranges  0x0000000000000100       0x28 ./Core/Src/main.o
 .debug_ranges  0x0000000000000128       0x10 ./Core/Src/stm32f4xx_hal_msp.o
 .debug_ranges  0x0000000000000138       0x58 ./Core/Src/stm32f4xx_it.o
 .debug_ranges  0x0000000000000190       0x10 ./Core/Src/sysmem.o
 .debug_ranges  0x00000000000001a0       0x18 ./Core/Src/system_stm32f4xx.o
 .debug_ranges  0x00000000000001b8       0x28 ./Core/Src/tim.o
 .debug_ranges  0x00000000000001e0       0x20 ./Core/Src/usart.o
 .debug_ranges  0x0000000000000200       0x60 ./Core/Src/music/notes_handler.o
 .debug_ranges  0x0000000000000260       0x20 ./Core/Src/music/operating_mode.o
 .debug_ranges  0x0000000000000280       0x20 ./Core/Startup/startup_stm32f427vitx.o
 .debug_ranges  0x00000000000002a0       0xf0 ./Drivers/STM32F4xx_HAL_Driver/Src/stm32f4xx_hal.o
 .debug_ranges  0x0000000000000390      0x108 ./Drivers/STM32F4xx_HAL_Driver/Src/stm32f4xx_hal_cortex.o
 .debug_ranges  0x0000000000000498       0x80 ./Drivers/STM32F4xx_HAL_Driver/Src/stm32f4xx_hal_dma.o
 .debug_ranges  0x0000000000000518       0x48 ./Drivers/STM32F4xx_HAL_Driver/Src/stm32f4xx_hal_gpio.o
 .debug_ranges  0x0000000000000560      0x2a8 ./Drivers/STM32F4xx_HAL_Driver/Src/stm32f4xx_hal_i2c.o
 .debug_ranges  0x0000000000000808       0x18 ./Drivers/STM32F4xx_HAL_Driver/Src/stm32f4xx_hal_i2c_ex.o
 .debug_ranges  0x0000000000000820       0x78 ./Drivers/STM32F4xx_HAL_Driver/Src/stm32f4xx_hal_rcc.o
 .debug_ranges  0x0000000000000898      0x3c0 ./Drivers/STM32F4xx_HAL_Driver/Src/stm32f4xx_hal_tim.o
 .debug_ranges  0x0000000000000c58      0x158 ./Drivers/STM32F4xx_HAL_Driver/Src/stm32f4xx_hal_tim_ex.o
 .debug_ranges  0x0000000000000db0      0x220 ./Drivers/STM32F4xx_HAL_Driver/Src/stm32f4xx_hal_uart.o

.debug_macro    0x0000000000000000    0x257f8
 .debug_macro   0x0000000000000000      0x201 ./Core/Src/drivers/button_driver.o
 .debug_macro   0x0000000000000201      0xa78 ./Core/Src/drivers/button_driver.o
 .debug_macro   0x0000000000000c79      0x2a1 ./Core/Src/drivers/button_driver.o
 .debug_macro   0x0000000000000f1a       0x2e ./Core/Src/drivers/button_driver.o
 .debug_macro   0x0000000000000f48       0x28 ./Core/Src/drivers/button_driver.o
 .debug_macro   0x0000000000000f70       0x22 ./Core/Src/drivers/button_driver.o
 .debug_macro   0x0000000000000f92       0x8e ./Core/Src/drivers/button_driver.o
 .debug_macro   0x0000000000001020       0x51 ./Core/Src/drivers/button_driver.o
 .debug_macro   0x0000000000001071      0x103 ./Core/Src/drivers/button_driver.o
 .debug_macro   0x0000000000001174       0x6a ./Core/Src/drivers/button_driver.o
 .debug_macro   0x00000000000011de      0x1df ./Core/Src/drivers/button_driver.o
 .debug_macro   0x00000000000013bd       0x1c ./Core/Src/drivers/button_driver.o
 .debug_macro   0x00000000000013d9       0x22 ./Core/Src/drivers/button_driver.o
 .debug_macro   0x00000000000013fb       0xd9 ./Core/Src/drivers/button_driver.o
 .debug_macro   0x00000000000014d4     0x102d ./Core/Src/drivers/button_driver.o
 .debug_macro   0x0000000000002501      0x11f ./Core/Src/drivers/button_driver.o
 .debug_macro   0x0000000000002620    0x178a0 ./Core/Src/drivers/button_driver.o
 .debug_macro   0x0000000000019ec0       0x6d ./Core/Src/drivers/button_driver.o
 .debug_macro   0x0000000000019f2d     0x36f5 ./Core/Src/drivers/button_driver.o
 .debug_macro   0x000000000001d622      0x174 ./Core/Src/drivers/button_driver.o
 .debug_macro   0x000000000001d796       0x5c ./Core/Src/drivers/button_driver.o
 .debug_macro   0x000000000001d7f2      0xc6d ./Core/Src/drivers/button_driver.o
 .debug_macro   0x000000000001e45f      0x9fe ./Core/Src/drivers/button_driver.o
 .debug_macro   0x000000000001ee5d      0x115 ./Core/Src/drivers/button_driver.o
 .debug_macro   0x000000000001ef72      0x16f ./Core/Src/drivers/button_driver.o
 .debug_macro   0x000000000001f0e1       0xa5 ./Core/Src/drivers/button_driver.o
 .debug_macro   0x000000000001f186      0x182 ./Core/Src/drivers/button_driver.o
 .debug_macro   0x000000000001f308      0x287 ./Core/Src/drivers/button_driver.o
 .debug_macro   0x000000000001f58f       0x5f ./Core/Src/drivers/button_driver.o
 .debug_macro   0x000000000001f5ee      0x236 ./Core/Src/drivers/button_driver.o
 .debug_macro   0x000000000001f824      0x132 ./Core/Src/drivers/button_driver.o
 .debug_macro   0x000000000001f956      0x41d ./Core/Src/drivers/button_driver.o
 .debug_macro   0x000000000001fd73       0x2e ./Core/Src/drivers/button_driver.o
 .debug_macro   0x000000000001fda1      0x1b5 ./Core/Src/drivers/button_driver.o
 .debug_macro   0x000000000001ff56       0x22 ./Core/Src/drivers/button_driver.o
 .debug_macro   0x000000000001ff78       0xd6 ./Core/Src/drivers/button_driver.o
 .debug_macro   0x000000000002004e      0x11a ./Core/Src/drivers/button_driver.o
 .debug_macro   0x0000000000020168       0xe2 ./Core/Src/drivers/button_driver.o
 .debug_macro   0x000000000002024a       0x89 ./Core/Src/drivers/button_driver.o
 .debug_macro   0x00000000000202d3      0x8e6 ./Core/Src/drivers/button_driver.o
 .debug_macro   0x0000000000020bb9       0x47 ./Core/Src/drivers/button_driver.o
 .debug_macro   0x0000000000020c00      0x295 ./Core/Src/drivers/button_driver.o
 .debug_macro   0x0000000000020e95      0x134 ./Core/Src/drivers/button_driver.o
 .debug_macro   0x0000000000020fc9      0x3c5 ./Core/Src/drivers/keyboard_driver.o
 .debug_macro   0x000000000002138e       0x52 ./Core/Src/drivers/keyboard_driver.o
 .debug_macro   0x00000000000213e0       0x1e ./Core/Src/drivers/keyboard_driver.o
 .debug_macro   0x00000000000213fe       0x3c ./Core/Src/drivers/keyboard_driver.o
 .debug_macro   0x000000000002143a       0x34 ./Core/Src/drivers/keyboard_driver.o
 .debug_macro   0x000000000002146e       0x16 ./Core/Src/drivers/keyboard_driver.o
 .debug_macro   0x0000000000021484       0x43 ./Core/Src/drivers/keyboard_driver.o
 .debug_macro   0x00000000000214c7       0x34 ./Core/Src/drivers/keyboard_driver.o
 .debug_macro   0x00000000000214fb       0x10 ./Core/Src/drivers/keyboard_driver.o
 .debug_macro   0x000000000002150b       0x58 ./Core/Src/drivers/keyboard_driver.o
 .debug_macro   0x0000000000021563       0x71 ./Core/Src/drivers/keyboard_driver.o
 .debug_macro   0x00000000000215d4       0x1c ./Core/Src/drivers/keyboard_driver.o
 .debug_macro   0x00000000000215f0      0x12a ./Core/Src/drivers/keyboard_driver.o
 .debug_macro   0x000000000002171a      0x341 ./Core/Src/drivers/keyboard_driver.o
 .debug_macro   0x0000000000021a5b       0x10 ./Core/Src/drivers/keyboard_driver.o
 .debug_macro   0x0000000000021a6b       0x35 ./Core/Src/drivers/keyboard_driver.o
 .debug_macro   0x0000000000021aa0       0x20 ./Core/Src/drivers/keyboard_driver.o
 .debug_macro   0x0000000000021ac0      0x11f ./Core/Src/drivers/keyboard_driver.o
 .debug_macro   0x0000000000021bdf       0x1c ./Core/Src/drivers/keyboard_driver.o
 .debug_macro   0x0000000000021bfb       0x1c ./Core/Src/drivers/keyboard_driver.o
 .debug_macro   0x0000000000021c17       0x10 ./Core/Src/drivers/keyboard_driver.o
 .debug_macro   0x0000000000021c27       0x10 ./Core/Src/drivers/keyboard_driver.o
 .debug_macro   0x0000000000021c37       0x1c ./Core/Src/drivers/keyboard_driver.o
 .debug_macro   0x0000000000021c53       0x52 ./Core/Src/drivers/keyboard_driver.o
 .debug_macro   0x0000000000021ca5       0x22 ./Core/Src/drivers/keyboard_driver.o
 .debug_macro   0x0000000000021cc7       0x10 ./Core/Src/drivers/keyboard_driver.o
 .debug_macro   0x0000000000021cd7       0x52 ./Core/Src/drivers/keyboard_driver.o
 .debug_macro   0x0000000000021d29       0xd5 ./Core/Src/drivers/keyboard_driver.o
 .debug_macro   0x0000000000021dfe       0x1c ./Core/Src/drivers/keyboard_driver.o
 .debug_macro   0x0000000000021e1a       0x3d ./Core/Src/drivers/keyboard_driver.o
 .debug_macro   0x0000000000021e57       0x16 ./Core/Src/drivers/keyboard_driver.o
 .debug_macro   0x0000000000021e6d      0x145 ./Core/Src/drivers/keyboard_driver.o
 .debug_macro   0x0000000000021fb2       0x1c ./Core/Src/drivers/keyboard_driver.o
 .debug_macro   0x0000000000021fce      0x3b6 ./Core/Src/drivers/pca9538_driver.o
 .debug_macro   0x0000000000022384       0x16 ./Core/Src/drivers/pca9538_driver.o
 .debug_macro   0x000000000002239a       0x16 ./Core/Src/drivers/pca9538_driver.o
 .debug_macro   0x00000000000223b0      0x2d7 ./Core/Src/drivers/uart_driver.o
 .debug_macro   0x0000000000022687      0x1fb ./Core/Src/gpio.o
 .debug_macro   0x0000000000022882      0x1fb ./Core/Src/i2c.o
 .debug_macro   0x0000000000022a7d      0x427 ./Core/Src/main.o
 .debug_macro   0x0000000000022ea4       0x10 ./Core/Src/main.o
 .debug_macro   0x0000000000022eb4       0x28 ./Core/Src/main.o
 .debug_macro   0x0000000000022edc       0x34 ./Core/Src/main.o
 .debug_macro   0x0000000000022f10       0x2e ./Core/Src/main.o
 .debug_macro   0x0000000000022f3e      0x1f1 ./Core/Src/stm32f4xx_hal_msp.o
 .debug_macro   0x000000000002312f      0x1fb ./Core/Src/stm32f4xx_it.o
 .debug_macro   0x000000000002332a       0xff ./Core/Src/sysmem.o
 .debug_macro   0x0000000000023429      0x23b ./Core/Src/sysmem.o
 .debug_macro   0x0000000000023664      0x1e7 ./Core/Src/system_stm32f4xx.o
 .debug_macro   0x000000000002384b      0x1fb ./Core/Src/tim.o
 .debug_macro   0x0000000000023a46      0x1fb ./Core/Src/usart.o
 .debug_macro   0x0000000000023c41      0x3de ./Core/Src/music/notes_handler.o
 .debug_macro   0x000000000002401f      0x3fa ./Core/Src/music/operating_mode.o
 .debug_macro   0x0000000000024419      0x247 ./Drivers/STM32F4xx_HAL_Driver/Src/stm32f4xx_hal.o
 .debug_macro   0x0000000000024660      0x1e7 ./Drivers/STM32F4xx_HAL_Driver/Src/stm32f4xx_hal_cortex.o
 .debug_macro   0x0000000000024847      0x1ed ./Drivers/STM32F4xx_HAL_Driver/Src/stm32f4xx_hal_dma.o
 .debug_macro   0x0000000000024a34      0x1ed ./Drivers/STM32F4xx_HAL_Driver/Src/stm32f4xx_hal_gpio.o
 .debug_macro   0x0000000000024c21      0x22e ./Drivers/STM32F4xx_HAL_Driver/Src/stm32f4xx_hal_i2c.o
 .debug_macro   0x0000000000024e4f      0x1e7 ./Drivers/STM32F4xx_HAL_Driver/Src/stm32f4xx_hal_i2c_ex.o
 .debug_macro   0x0000000000025036      0x20b ./Drivers/STM32F4xx_HAL_Driver/Src/stm32f4xx_hal_rcc.o
 .debug_macro   0x0000000000025241      0x1e8 ./Drivers/STM32F4xx_HAL_Driver/Src/stm32f4xx_hal_tim.o
 .debug_macro   0x0000000000025429      0x1e7 ./Drivers/STM32F4xx_HAL_Driver/Src/stm32f4xx_hal_tim_ex.o
 .debug_macro   0x0000000000025610      0x1e8 ./Drivers/STM32F4xx_HAL_Driver/Src/stm32f4xx_hal_uart.o

.debug_line     0x0000000000000000    0x1809e
 .debug_line    0x0000000000000000      0x7de ./Core/Src/drivers/button_driver.o
 .debug_line    0x00000000000007de      0xa95 ./Core/Src/drivers/keyboard_driver.o
 .debug_line    0x0000000000001273      0x9ff ./Core/Src/drivers/pca9538_driver.o
 .debug_line    0x0000000000001c72      0xb2c ./Core/Src/drivers/uart_driver.o
 .debug_line    0x000000000000279e      0x73c ./Core/Src/gpio.o
 .debug_line    0x0000000000002eda      0x79d ./Core/Src/i2c.o
 .debug_line    0x0000000000003677      0xb0b ./Core/Src/main.o
 .debug_line    0x0000000000004182      0x720 ./Core/Src/stm32f4xx_hal_msp.o
 .debug_line    0x00000000000048a2      0x7fb ./Core/Src/stm32f4xx_it.o
 .debug_line    0x000000000000509d      0x52b ./Core/Src/sysmem.o
 .debug_line    0x00000000000055c8      0x7a2 ./Core/Src/system_stm32f4xx.o
 .debug_line    0x0000000000005d6a      0x7f1 ./Core/Src/tim.o
 .debug_line    0x000000000000655b      0x78d ./Core/Src/usart.o
 .debug_line    0x0000000000006ce8      0xc1d ./Core/Src/music/notes_handler.o
 .debug_line    0x0000000000007905      0xa84 ./Core/Src/music/operating_mode.o
 .debug_line    0x0000000000008389       0x88 ./Core/Startup/startup_stm32f427vitx.o
 .debug_line    0x0000000000008411      0xa3e ./Drivers/STM32F4xx_HAL_Driver/Src/stm32f4xx_hal.o
 .debug_line    0x0000000000008e4f      0xcb7 ./Drivers/STM32F4xx_HAL_Driver/Src/stm32f4xx_hal_cortex.o
 .debug_line    0x0000000000009b06      0xf6c ./Drivers/STM32F4xx_HAL_Driver/Src/stm32f4xx_hal_dma.o
 .debug_line    0x000000000000aa72      0xba4 ./Drivers/STM32F4xx_HAL_Driver/Src/stm32f4xx_hal_gpio.o
 .debug_line    0x000000000000b616     0x39bd ./Drivers/STM32F4xx_HAL_Driver/Src/stm32f4xx_hal_i2c.o
 .debug_line    0x000000000000efd3      0x79b ./Drivers/STM32F4xx_HAL_Driver/Src/stm32f4xx_hal_i2c_ex.o
 .debug_line    0x000000000000f76e      0xd82 ./Drivers/STM32F4xx_HAL_Driver/Src/stm32f4xx_hal_rcc.o
 .debug_line    0x00000000000104f0     0x36fc ./Drivers/STM32F4xx_HAL_Driver/Src/stm32f4xx_hal_tim.o
 .debug_line    0x0000000000013bec     0x1a05 ./Drivers/STM32F4xx_HAL_Driver/Src/stm32f4xx_hal_tim_ex.o
 .debug_line    0x00000000000155f1     0x2aad ./Drivers/STM32F4xx_HAL_Driver/Src/stm32f4xx_hal_uart.o

.debug_str      0x0000000000000000    0xdb4d5
 .debug_str     0x0000000000000000    0xd18ea ./Core/Src/drivers/button_driver.o
                                      0xd1b71 (size before relaxing)
 .debug_str     0x00000000000d18ea     0x481a ./Core/Src/drivers/keyboard_driver.o
                                      0xd6262 (size before relaxing)
 .debug_str     0x00000000000d6104      0x52a ./Core/Src/drivers/pca9538_driver.o
                                      0xd66bd (size before relaxing)
 .debug_str     0x00000000000d662e      0x95e ./Core/Src/drivers/uart_driver.o
                                      0xd5cf8 (size before relaxing)
 .debug_str     0x00000000000d6f8c      0x18d ./Core/Src/gpio.o
                                      0xd1c09 (size before relaxing)
 .debug_str     0x00000000000d7119       0x76 ./Core/Src/i2c.o
                                      0xd2178 (size before relaxing)
 .debug_str     0x00000000000d718f      0x3e2 ./Core/Src/main.o
                                      0xd6b6f (size before relaxing)
 .debug_str     0x00000000000d7571       0x2c ./Core/Src/stm32f4xx_hal_msp.o
                                      0xd1b3e (size before relaxing)
 .debug_str     0x00000000000d759d       0xef ./Core/Src/stm32f4xx_it.o