../Core/Src/music/notes_handler.c:29:6:notes_handler	16	static
../Core/Src/music/notes_handler.c:41:6:notes_handle_key	24	static
../Core/Src/music/notes_handler.c:76:6:log_note_info	104	static
../Core/Src/music/notes_handler.c:84:6:change_octava	80	static
../Core/Src/music/notes_handler.c:120:6:harmony_cancel	8	static
../Core/Src/music/notes_handler.c:128:6:play_harmony_start	8	static
../Core/Src/music/notes_handler.c:138:6:play_harmony_update	8	static
../Core/Src/music/notes_handler.c:158:6:change_duration	48	static
../Core/Src/music/notes_handler.c:195:6:tone_update	8	static
../Core/Src/music/notes_handler.c:204:6:tone_stop	4	static
../Core/Src/music/notes_handler.c:210:6:tone_start	24	static
